Archive member included because of file (symbol)

c:/program files (x86)/atollic/truestudio for arm 5.4.1/armtools/bin/../lib/gcc/arm-atollic-eabi/4.8.3/../../../../arm-atollic-eabi/lib/armv7e-m/fpu\libc.a(lib_a-init.o)
                              Application\TrueSTUDIO\startup_stm32f446xx.o (__libc_init_array)
c:/program files (x86)/atollic/truestudio for arm 5.4.1/armtools/bin/../lib/gcc/arm-atollic-eabi/4.8.3/../../../../arm-atollic-eabi/lib/armv7e-m/fpu\libc.a(lib_a-ldiv.o)
                              Application\User\ds18x20.o (ldiv)
c:/program files (x86)/atollic/truestudio for arm 5.4.1/armtools/bin/../lib/gcc/arm-atollic-eabi/4.8.3/../../../../arm-atollic-eabi/lib/armv7e-m/fpu\libc.a(lib_a-memset.o)
                              Application\User\main.o (memset)
c:/program files (x86)/atollic/truestudio for arm 5.4.1/armtools/bin/../lib/gcc/arm-atollic-eabi/4.8.3/../../../../arm-atollic-eabi/lib/armv7e-m/fpu\libc.a(lib_a-sprintf.o)
                              Application\User\main.o (sprintf)
c:/program files (x86)/atollic/truestudio for arm 5.4.1/armtools/bin/../lib/gcc/arm-atollic-eabi/4.8.3/../../../../arm-atollic-eabi/lib/armv7e-m/fpu\libc.a(lib_a-strcpy.o)
                              Application\User\main.o (strcpy)
c:/program files (x86)/atollic/truestudio for arm 5.4.1/armtools/bin/../lib/gcc/arm-atollic-eabi/4.8.3/../../../../arm-atollic-eabi/lib/armv7e-m/fpu\libc.a(lib_a-strlen.o)
                              Application\User\main.o (strlen)
c:/program files (x86)/atollic/truestudio for arm 5.4.1/armtools/bin/../lib/gcc/arm-atollic-eabi/4.8.3/../../../../arm-atollic-eabi/lib/armv7e-m/fpu\libc.a(lib_a-svfprintf.o)
                              c:/program files (x86)/atollic/truestudio for arm 5.4.1/armtools/bin/../lib/gcc/arm-atollic-eabi/4.8.3/../../../../arm-atollic-eabi/lib/armv7e-m/fpu\libc.a(lib_a-sprintf.o) (_svfprintf_r)
c:/program files (x86)/atollic/truestudio for arm 5.4.1/armtools/bin/../lib/gcc/arm-atollic-eabi/4.8.3/../../../../arm-atollic-eabi/lib/armv7e-m/fpu\libc.a(lib_a-dtoa.o)
                              c:/program files (x86)/atollic/truestudio for arm 5.4.1/armtools/bin/../lib/gcc/arm-atollic-eabi/4.8.3/../../../../arm-atollic-eabi/lib/armv7e-m/fpu\libc.a(lib_a-svfprintf.o) (_dtoa_r)
c:/program files (x86)/atollic/truestudio for arm 5.4.1/armtools/bin/../lib/gcc/arm-atollic-eabi/4.8.3/../../../../arm-atollic-eabi/lib/armv7e-m/fpu\libc.a(lib_a-impure.o)
                              c:/program files (x86)/atollic/truestudio for arm 5.4.1/armtools/bin/../lib/gcc/arm-atollic-eabi/4.8.3/../../../../arm-atollic-eabi/lib/armv7e-m/fpu\libc.a(lib_a-sprintf.o) (_impure_ptr)
c:/program files (x86)/atollic/truestudio for arm 5.4.1/armtools/bin/../lib/gcc/arm-atollic-eabi/4.8.3/../../../../arm-atollic-eabi/lib/armv7e-m/fpu\libc.a(lib_a-locale.o)
                              c:/program files (x86)/atollic/truestudio for arm 5.4.1/armtools/bin/../lib/gcc/arm-atollic-eabi/4.8.3/../../../../arm-atollic-eabi/lib/armv7e-m/fpu\libc.a(lib_a-svfprintf.o) (_localeconv_r)
c:/program files (x86)/atollic/truestudio for arm 5.4.1/armtools/bin/../lib/gcc/arm-atollic-eabi/4.8.3/../../../../arm-atollic-eabi/lib/armv7e-m/fpu\libc.a(lib_a-malloc.o)
                              c:/program files (x86)/atollic/truestudio for arm 5.4.1/armtools/bin/../lib/gcc/arm-atollic-eabi/4.8.3/../../../../arm-atollic-eabi/lib/armv7e-m/fpu\libc.a(lib_a-dtoa.o) (malloc)
c:/program files (x86)/atollic/truestudio for arm 5.4.1/armtools/bin/../lib/gcc/arm-atollic-eabi/4.8.3/../../../../arm-atollic-eabi/lib/armv7e-m/fpu\libc.a(lib_a-mallocr.o)
                              c:/program files (x86)/atollic/truestudio for arm 5.4.1/armtools/bin/../lib/gcc/arm-atollic-eabi/4.8.3/../../../../arm-atollic-eabi/lib/armv7e-m/fpu\libc.a(lib_a-svfprintf.o) (_malloc_r)
c:/program files (x86)/atollic/truestudio for arm 5.4.1/armtools/bin/../lib/gcc/arm-atollic-eabi/4.8.3/../../../../arm-atollic-eabi/lib/armv7e-m/fpu\libc.a(lib_a-memchr-stub.o)
                              c:/program files (x86)/atollic/truestudio for arm 5.4.1/armtools/bin/../lib/gcc/arm-atollic-eabi/4.8.3/../../../../arm-atollic-eabi/lib/armv7e-m/fpu\libc.a(lib_a-svfprintf.o) (memchr)
c:/program files (x86)/atollic/truestudio for arm 5.4.1/armtools/bin/../lib/gcc/arm-atollic-eabi/4.8.3/../../../../arm-atollic-eabi/lib/armv7e-m/fpu\libc.a(lib_a-memcpy-stub.o)
                              c:/program files (x86)/atollic/truestudio for arm 5.4.1/armtools/bin/../lib/gcc/arm-atollic-eabi/4.8.3/../../../../arm-atollic-eabi/lib/armv7e-m/fpu\libc.a(lib_a-dtoa.o) (memcpy)
c:/program files (x86)/atollic/truestudio for arm 5.4.1/armtools/bin/../lib/gcc/arm-atollic-eabi/4.8.3/../../../../arm-atollic-eabi/lib/armv7e-m/fpu\libc.a(lib_a-mlock.o)
                              c:/program files (x86)/atollic/truestudio for arm 5.4.1/armtools/bin/../lib/gcc/arm-atollic-eabi/4.8.3/../../../../arm-atollic-eabi/lib/armv7e-m/fpu\libc.a(lib_a-mallocr.o) (__malloc_lock)
[...]
Memory Configuration

Name             Origin             Length             Attributes
FLASH            0x08000000         0x00080000         xr
RAM              0x20000000         0x00020000         xrw
*default*        0x00000000         0xffffffff

Linker script and memory map

LOAD c:/program files (x86)/atollic/truestudio for arm 5.4.1/armtools/bin/../lib/gcc/arm-atollic-eabi/4.8.3/armv7e-m/fpu/crti.o
LOAD c:/program files (x86)/atollic/truestudio for arm 5.4.1/armtools/bin/../lib/gcc/arm-atollic-eabi/4.8.3/armv7e-m/fpu/crtbegin.o
LOAD Drivers\STM32F4xx_HAL_Driver\stm32f4xx_hal_uart.o
LOAD Drivers\STM32F4xx_HAL_Driver\stm32f4xx_hal_tim_ex.o
LOAD Drivers\STM32F4xx_HAL_Driver\stm32f4xx_hal_tim.o
LOAD Drivers\STM32F4xx_HAL_Driver\stm32f4xx_hal_rtc_ex.o
LOAD Drivers\STM32F4xx_HAL_Driver\stm32f4xx_hal_rtc.o
LOAD Drivers\STM32F4xx_HAL_Driver\stm32f4xx_hal_rcc_ex.o
LOAD Drivers\STM32F4xx_HAL_Driver\stm32f4xx_hal_rcc.o
LOAD Drivers\STM32F4xx_HAL_Driver\stm32f4xx_hal_pwr_ex.o
LOAD Drivers\STM32F4xx_HAL_Driver\stm32f4xx_hal_pwr.o
LOAD Drivers\STM32F4xx_HAL_Driver\stm32f4xx_hal_gpio.o
LOAD Drivers\STM32F4xx_HAL_Driver\stm32f4xx_hal_flash_ramfunc.o
LOAD Drivers\STM32F4xx_HAL_Driver\stm32f4xx_hal_flash_ex.o
LOAD Drivers\STM32F4xx_HAL_Driver\stm32f4xx_hal_flash.o
LOAD Drivers\STM32F4xx_HAL_Driver\stm32f4xx_hal_dma_ex.o
LOAD Drivers\STM32F4xx_HAL_Driver\stm32f4xx_hal_dma.o
LOAD Drivers\STM32F4xx_HAL_Driver\stm32f4xx_hal_cortex.o
LOAD Drivers\STM32F4xx_HAL_Driver\stm32f4xx_hal.o
LOAD Drivers\CMSIS\system_stm32f4xx.o
LOAD Application\User\uart.o
LOAD Application\User\tm_stm32f4_hd44780.o
LOAD Application\User\stm32f4xx_it.o
LOAD Application\User\stm32f4xx_hal_msp.o
LOAD Application\User\onewire.o
LOAD Application\User\main.o
LOAD Application\User\ds18x20.o
LOAD Application\User\common.o
LOAD Application\TrueSTUDIO\startup_stm32f446xx.o
START GROUP
LOAD c:/program files (x86)/atollic/truestudio for arm 5.4.1/armtools/bin/../lib/gcc/arm-atollic-eabi/4.8.3/../../../../arm-atollic-eabi/lib/armv7e-m/fpu\libc.a
LOAD c:/program files (x86)/atollic/truestudio for arm 5.4.1/armtools/bin/../lib/gcc/arm-atollic-eabi/4.8.3/../../../../arm-atollic-eabi/lib/armv7e-m/fpu\libm.a
END GROUP
                0x00001000                malloc_getpagesize_P = 0x1000
START GROUP
LOAD c:/program files (x86)/atollic/truestudio for arm 5.4.1/armtools/bin/../lib/gcc/arm-atollic-eabi/4.8.3/armv7e-m/fpu\libgcc.a
LOAD c:/program files (x86)/atollic/truestudio for arm 5.4.1/armtools/bin/../lib/gcc/arm-atollic-eabi/4.8.3/../../../../arm-atollic-eabi/lib/armv7e-m/fpu\libc.a
END GROUP
LOAD c:/program files (x86)/atollic/truestudio for arm 5.4.1/armtools/bin/../lib/gcc/arm-atollic-eabi/4.8.3/armv7e-m/fpu/crtend.o
LOAD c:/program files (x86)/atollic/truestudio for arm 5.4.1/armtools/bin/../lib/gcc/arm-atollic-eabi/4.8.3/armv7e-m/fpu/crtn.o
                0x20020000                _estack = 0x20020000
                0x00000400                _Min_Heap_Size = 0x400
                0x00000200                _Min_Stack_Size = 0x200

.isr_vector     0x08000000      0x1c4
                0x08000000                . = ALIGN (0x4)
 *(.isr_vector)
 .isr_vector    0x08000000      0x1c4 Application\TrueSTUDIO\startup_stm32f446xx.o
                0x08000000                g_pfnVectors
                0x080001c4                . = ALIGN (0x4)

.text           0x080001c8     0x5b1c
                0x080001c8                . = ALIGN (0x4)
 *(.text)
 .text          0x080001c8       0x40 c:/program files (x86)/atollic/truestudio for arm 5.4.1/armtools/bin/../lib/gcc/arm-atollic-eabi/4.8.3/armv7e-m/fpu/crtbegin.o
 .text          0x08000208      0x370 c:/program files (x86)/atollic/truestudio for arm 5.4.1/armtools/bin/../lib/gcc/arm-atollic-eabi/4.8.3/armv7e-m/fpu\libgcc.a(_arm_addsubdf3.o)
                0x08000208                __aeabi_drsub
                0x08000210                __aeabi_dsub
                0x08000210                __subdf3
                0x08000214                __aeabi_dadd
                0x08000214                __adddf3
                0x0800048c                __floatunsidf
                0x0800048c                __aeabi_ui2d
                0x080004ac                __floatsidf
                0x080004ac                __aeabi_i2d
                0x080004d0                __aeabi_f2d
                0x080004d0                __extendsfdf2
                0x0800050c                __floatundidf
                0x0800050c                __aeabi_ul2d
                0x0800051c                __floatdidf
                0x0800051c                __aeabi_l2d
 .text          0x08000578      0x424 c:/program files (x86)/atollic/truestudio for arm 5.4.1/armtools/bin/../lib/gcc/arm-atollic-eabi/4.8.3/armv7e-m/fpu\libgcc.a(_arm_muldivdf3.o)
                0x08000578                __aeabi_dmul
                0x08000578                __muldf3
                0x080007cc                __divdf3
                0x080007cc                __aeabi_ddiv
 .text          0x0800099c      0x110 c:/program files (x86)/atollic/truestudio for arm 5.4.1/armtools/bin/../lib/gcc/arm-atollic-eabi/4.8.3/armv7e-m/fpu\libgcc.a(_arm_cmpdf2.o)
                0x0800099c                __gtdf2
                0x0800099c                __gedf2
                0x080009a4                __ltdf2
                0x080009a4                __ledf2
                0x080009ac                __nedf2
                0x080009ac                __eqdf2
                0x080009ac                __cmpdf2
                0x08000a28                __aeabi_cdrcmple
                0x08000a38                __aeabi_cdcmpeq
                0x08000a38                __aeabi_cdcmple
                0x08000a48                __aeabi_dcmpeq
                0x08000a5c                __aeabi_dcmplt
                0x08000a70                __aeabi_dcmple
                0x08000a84                __aeabi_dcmpge
                0x08000a98                __aeabi_dcmpgt
 .text          0x08000aac       0x50 c:/program files (x86)/atollic/truestudio for arm 5.4.1/armtools/bin/../lib/gcc/arm-atollic-eabi/4.8.3/armv7e-m/fpu\libgcc.a(_arm_fixdfsi.o)
                0x08000aac                __aeabi_d2iz
                0x08000aac                __fixdfsi
 .text          0x08000afc       0x2c c:/program files (x86)/atollic/truestudio for arm 5.4.1/armtools/bin/../lib/gcc/arm-atollic-eabi/4.8.3/armv7e-m/fpu\libgcc.a(_aeabi_uldivmod.o)
                0x08000afc                __aeabi_uldivmod
 .text          0x08000b28       0x60 c:/program files (x86)/atollic/truestudio for arm 5.4.1/armtools/bin/../lib/gcc/arm-atollic-eabi/4.8.3/armv7e-m/fpu\libgcc.a(bpabi.o)
                0x08000b28                __gnu_ldivmod_helper
                0x08000b58                __gnu_uldivmod_helper
 .text          0x08000b88        0x4 c:/program files (x86)/atollic/truestudio for arm 5.4.1/armtools/bin/../lib/gcc/arm-atollic-eabi/4.8.3/armv7e-m/fpu\libgcc.a(_dvmd_tls.o)
                0x08000b88                __aeabi_idiv0
                0x08000b88                __aeabi_ldiv0
 .text          0x08000b8c      0x298 c:/program files (x86)/atollic/truestudio for arm 5.4.1/armtools/bin/../lib/gcc/arm-atollic-eabi/4.8.3/armv7e-m/fpu\libgcc.a(_divdi3.o)
                0x08000b8c                __divdi3
 .text          0x08000e24      0x284 c:/program files (x86)/atollic/truestudio for arm 5.4.1/armtools/bin/../lib/gcc/arm-atollic-eabi/4.8.3/armv7e-m/fpu\libgcc.a(_udivdi3.o)
                0x08000e24                __udivdi3
 *(.text*)
 .text.UART_SetConfig
                0x080010a8      0x240 Drivers\STM32F4xx_HAL_Driver\stm32f4xx_hal_uart.o
 .text.UART_WaitOnFlagUntilTimeout.constprop.0
                0x080012e8       0x64 Drivers\STM32F4xx_HAL_Driver\stm32f4xx_hal_uart.o
 .text.HAL_UART_Init
                0x0800134c       0x5c Drivers\STM32F4xx_HAL_Driver\stm32f4xx_hal_uart.o
                0x0800134c                HAL_UART_Init
 .text.HAL_UART_DeInit
                0x080013a8       0x26 Drivers\STM32F4xx_HAL_Driver\stm32f4xx_hal_uart.o
                0x080013a8                HAL_UART_DeInit
 .text.HAL_UART_Transmit
                0x080013ce       0x9c Drivers\STM32F4xx_HAL_Driver\stm32f4xx_hal_uart.o
                0x080013ce                HAL_UART_Transmit
 .text.HAL_UART_Receive
                0x0800146a       0xa0 Drivers\STM32F4xx_HAL_Driver\stm32f4xx_hal_uart.o
                0x0800146a                HAL_UART_Receive
 .text.HAL_TIMEx_MasterConfigSynchronization
                0x0800150a       0x44 Drivers\STM32F4xx_HAL_Driver\stm32f4xx_hal_tim_ex.o
                0x0800150a                HAL_TIMEx_MasterConfigSynchronization
 .text.HAL_TIMEx_CommutationCallback
                0x0800154e        0x2 Drivers\STM32F4xx_HAL_Driver\stm32f4xx_hal_tim_ex.o
                0x0800154e                HAL_TIMEx_CommutationCallback
 .text.HAL_TIMEx_BreakCallback
                0x08001550        0x2 Drivers\STM32F4xx_HAL_Driver\stm32f4xx_hal_tim_ex.o
                0x08001550                HAL_TIMEx_BreakCallback
 .text.HAL_TIM_Base_Start_IT
                0x08001552       0x16 Drivers\STM32F4xx_HAL_Driver\stm32f4xx_hal_tim.o
                0x08001552                HAL_TIM_Base_Start_IT
 .text.HAL_TIM_PeriodElapsedCallback
                0x08001568        0x2 Drivers\STM32F4xx_HAL_Driver\stm32f4xx_hal_tim.o
                0x08001568                HAL_TIM_PeriodElapsedCallback
 .text.HAL_TIM_OC_DelayElapsedCallback
                0x0800156a        0x2 Drivers\STM32F4xx_HAL_Driver\stm32f4xx_hal_tim.o
                0x0800156a                HAL_TIM_OC_DelayElapsedCallback
 .text.HAL_TIM_IC_CaptureCallback
                0x0800156c        0x2 Drivers\STM32F4xx_HAL_Driver\stm32f4xx_hal_tim.o
                0x0800156c                HAL_TIM_IC_CaptureCallback
 .text.HAL_TIM_PWM_PulseFinishedCallback
                0x0800156e        0x2 Drivers\STM32F4xx_HAL_Driver\stm32f4xx_hal_tim.o
                0x0800156e                HAL_TIM_PWM_PulseFinishedCallback
 .text.HAL_TIM_TriggerCallback
                0x08001570        0x2 Drivers\STM32F4xx_HAL_Driver\stm32f4xx_hal_tim.o
                0x08001570                HAL_TIM_TriggerCallback
 .text.HAL_TIM_IRQHandler
                0x08001572      0x144 Drivers\STM32F4xx_HAL_Driver\stm32f4xx_hal_tim.o
                0x08001572                HAL_TIM_IRQHandler
 *fill*         0x080016b6        0x2 
 .text.TIM_Base_SetConfig
                0x080016b8       0xc8 Drivers\STM32F4xx_HAL_Driver\stm32f4xx_hal_tim.o
                0x080016b8                TIM_Base_SetConfig
 .text.HAL_TIM_Base_Init
                0x08001780       0x34 Drivers\STM32F4xx_HAL_Driver\stm32f4xx_hal_tim.o
                0x08001780                HAL_TIM_Base_Init
 .text.HAL_RCC_OscConfig
                0x080017b4      0x338 Drivers\STM32F4xx_HAL_Driver\stm32f4xx_hal_rcc_ex.o
                0x080017b4                HAL_RCC_OscConfig
 .text.HAL_RCC_GetSysClockFreq
                0x08001aec       0xf0 Drivers\STM32F4xx_HAL_Driver\stm32f4xx_hal_rcc_ex.o
                0x08001aec                HAL_RCC_GetSysClockFreq
 .text.HAL_RCC_ClockConfig
                0x08001bdc      0x144 Drivers\STM32F4xx_HAL_Driver\stm32f4xx_hal_rcc.o
                0x08001bdc                HAL_RCC_ClockConfig
 .text.HAL_RCC_GetHCLKFreq
                0x08001d20       0x34 Drivers\STM32F4xx_HAL_Driver\stm32f4xx_hal_rcc.o
                0x08001d20                HAL_RCC_GetHCLKFreq
 .text.HAL_RCC_GetPCLK1Freq
                0x08001d54       0x2c Drivers\STM32F4xx_HAL_Driver\stm32f4xx_hal_rcc.o
                0x08001d54                HAL_RCC_GetPCLK1Freq
 .text.HAL_RCC_GetPCLK2Freq
                0x08001d80       0x2c Drivers\STM32F4xx_HAL_Driver\stm32f4xx_hal_rcc.o
                0x08001d80                HAL_RCC_GetPCLK2Freq
 .text.HAL_PWREx_EnableOverDrive
                0x08001dac       0x98 Drivers\STM32F4xx_HAL_Driver\stm32f4xx_hal_pwr_ex.o
                0x08001dac                HAL_PWREx_EnableOverDrive
 .text.HAL_GPIO_Init
                0x08001e44      0x1c0 Drivers\STM32F4xx_HAL_Driver\stm32f4xx_hal_gpio.o
                0x08001e44                HAL_GPIO_Init
 .text.HAL_GPIO_DeInit
                0x08002004      0x108 Drivers\STM32F4xx_HAL_Driver\stm32f4xx_hal_gpio.o
                0x08002004                HAL_GPIO_DeInit
 .text.HAL_GPIO_WritePin
                0x0800210c        0x8 Drivers\STM32F4xx_HAL_Driver\stm32f4xx_hal_gpio.o
                0x0800210c                HAL_GPIO_WritePin
 .text.HAL_GPIO_TogglePin
                0x08002114        0x8 Drivers\STM32F4xx_HAL_Driver\stm32f4xx_hal_gpio.o
                0x08002114                HAL_GPIO_TogglePin
 .text.HAL_NVIC_SetPriorityGrouping
                0x0800211c       0x24 Drivers\STM32F4xx_HAL_Driver\stm32f4xx_hal_cortex.o
                0x0800211c                HAL_NVIC_SetPriorityGrouping
 .text.HAL_NVIC_SetPriority
                0x08002140       0x64 Drivers\STM32F4xx_HAL_Driver\stm32f4xx_hal_cortex.o
                0x08002140                HAL_NVIC_SetPriority
 .text.HAL_NVIC_EnableIRQ
                0x080021a4       0x18 Drivers\STM32F4xx_HAL_Driver\stm32f4xx_hal_cortex.o
                0x080021a4                HAL_NVIC_EnableIRQ
 .text.HAL_SYSTICK_Config
                0x080021bc       0x2c Drivers\STM32F4xx_HAL_Driver\stm32f4xx_hal_cortex.o
                0x080021bc                HAL_SYSTICK_Config
 .text.HAL_SYSTICK_CLKSourceConfig
                0x080021e8       0x18 Drivers\STM32F4xx_HAL_Driver\stm32f4xx_hal_cortex.o
                0x080021e8                HAL_SYSTICK_CLKSourceConfig
 .text.HAL_SYSTICK_Callback
                0x08002200        0x2 Drivers\STM32F4xx_HAL_Driver\stm32f4xx_hal_cortex.o
                0x08002200                HAL_SYSTICK_Callback
 .text.HAL_SYSTICK_IRQHandler
                0x08002202        0x8 Drivers\STM32F4xx_HAL_Driver\stm32f4xx_hal_cortex.o
                0x08002202                HAL_SYSTICK_IRQHandler
 .text.HAL_InitTick
                0x0800220a       0x24 Drivers\STM32F4xx_HAL_Driver\stm32f4xx_hal.o
                0x0800220a                HAL_InitTick
 *fill*         0x0800222e        0x2 
 .text.HAL_Init
                0x08002230       0x34 Drivers\STM32F4xx_HAL_Driver\stm32f4xx_hal.o
                0x08002230                HAL_Init
 .text.HAL_IncTick
                0x08002264       0x10 Drivers\STM32F4xx_HAL_Driver\stm32f4xx_hal.o
                0x08002264                HAL_IncTick
 .text.HAL_GetTick
                0x08002274        0xc Drivers\STM32F4xx_HAL_Driver\stm32f4xx_hal.o
                0x08002274                HAL_GetTick
 .text.HAL_Delay
                0x08002280       0x1a Drivers\STM32F4xx_HAL_Driver\stm32f4xx_hal.o
                0x08002280                HAL_Delay
 *fill*         0x0800229a        0x2 
 .text.SystemInit
                0x0800229c       0x4c Drivers\CMSIS\system_stm32f4xx.o
                0x0800229c                SystemInit
 .text.uart_init
                0x080022e8        0x4 Application\User\uart.o
                0x080022e8                uart_init
 .text.uart_finit
                0x080022ec        0x2 Application\User\uart.o
                0x080022ec                uart_finit
 *fill*         0x080022ee        0x2 
 .text.uart_setb
                0x080022f0       0x34 Application\User\uart.o
                0x080022f0                uart_setb
 .text.uart_putc
                0x08002324       0x20 Application\User\uart.o
                0x08002324                uart_putc
 .text.uart_getc
                0x08002344       0x20 Application\User\uart.o
                0x08002344                uart_getc
 .text.TM_HD44780_Cmd4bit
                0x08002364       0x68 Application\User\tm_stm32f4_hd44780.o
 .text.TM_HD44780_Cmd
                0x080023cc       0x28 Application\User\tm_stm32f4_hd44780.o
 .text.TM_HD44780_CursorSet
                0x080023f4       0x38 Application\User\tm_stm32f4_hd44780.o
 .text.TM_HD44780_Data
                0x0800242c       0x28 Application\User\tm_stm32f4_hd44780.o
 .text.TM_HD44780_Clear
                0x08002454       0x12 Application\User\tm_stm32f4_hd44780.o
                0x08002454                TM_HD44780_Clear
 *fill*         0x08002466        0x2 
 .text.TM_HD44780_Puts
                0x08002468       0x58 Application\User\tm_stm32f4_hd44780.o
                0x08002468                TM_HD44780_Puts
 .text.TM_HD44780_DisplayOn
                0x080024c0       0x18 Application\User\tm_stm32f4_hd44780.o
                0x080024c0                TM_HD44780_DisplayOn
 .text.TM_GPIO_Init
                0x080024d8       0x1a Application\User\tm_stm32f4_hd44780.o
                0x080024d8                TM_GPIO_Init
 *fill*         0x080024f2        0x2 
 .text.TM_HD44780_Init
                0x080024f4      0x130 Application\User\tm_stm32f4_hd44780.o
                0x080024f4                TM_HD44780_Init
 .text.SysTick_Handler
                0x08002624        0xe Application\User\stm32f4xx_it.o
                0x08002624                SysTick_Handler
 *fill*         0x08002632        0x2 
 .text.TIM6_DAC_IRQHandler
                0x08002634       0x3c Application\User\stm32f4xx_it.o
                0x08002634                TIM6_DAC_IRQHandler
 .text.HAL_MspInit
                0x08002670       0x18 Application\User\stm32f4xx_hal_msp.o
                0x08002670                HAL_MspInit
 .text.HAL_TIM_Base_MspInit
                0x08002688       0x3c Application\User\stm32f4xx_hal_msp.o
                0x08002688                HAL_TIM_Base_MspInit
 .text.HAL_UART_MspInit
                0x080026c4       0xa8 Application\User\stm32f4xx_hal_msp.o
                0x080026c4                HAL_UART_MspInit
 .text.HAL_UART_MspDeInit
                0x0800276c       0x5c Application\User\stm32f4xx_hal_msp.o
                0x0800276c                HAL_UART_MspDeInit
 .text.ow_init  0x080027c8       0x10 Application\User\onewire.o
                0x080027c8                ow_init
 .text.ow_finit
                0x080027d8        0x4 Application\User\onewire.o
                0x080027d8                ow_finit
 .text.ow_reset
                0x080027dc       0x2e Application\User\onewire.o
                0x080027dc                ow_reset
 .text.ow_bit   0x0800280a       0x18 Application\User\onewire.o
                0x0800280a                ow_bit
 .text.ow_byte_wr
                0x08002822       0x24 Application\User\onewire.o
                0x08002822                ow_byte_wr
 .text.ow_byte_rd
                0x08002846        0x6 Application\User\onewire.o
                0x08002846                ow_byte_rd
 .text.ow_rom_search
                0x0800284c       0x8e Application\User\onewire.o
                0x0800284c                ow_rom_search
 .text.ow_command
                0x080028da       0x32 Application\User\onewire.o
                0x080028da                ow_command
 .text.get_type_by_id
                0x0800290c       0x1c Application\User\main.o
                0x0800290c                get_type_by_id
 .text.SystemClock_Config
                0x08002928       0xa4 Application\User\main.o
                0x08002928                SystemClock_Config
 .text.startup.main
                0x080029cc      0x2e8 Application\User\main.o
                0x080029cc                main
 .text.DS18X20_raw_to_decicelsius
                0x08002cb4       0x8c Application\User\ds18x20.o
 .text.read_scratchpad
                0x08002d40       0x34 Application\User\ds18x20.o
 .text.DS18X20_find_sensor
                0x08002d74       0x30 Application\User\ds18x20.o
                0x08002d74                DS18X20_find_sensor
 .text.DS18X20_start_meas
                0x08002da4       0x14 Application\User\ds18x20.o
                0x08002da4                DS18X20_start_meas
 .text.DS18X20_read_decicelsius
                0x08002db8       0x28 Application\User\ds18x20.o
                0x08002db8                DS18X20_read_decicelsius
 .text.crc8     0x08002de0       0x3c Application\User\common.o
                0x08002de0                crc8
 .text.Reset_Handler
                0x08002e1c       0x58 Application\TrueSTUDIO\startup_stm32f446xx.o
                0x08002e1c                Reset_Handler
 .text.Default_Handler
                0x08002e74        0x4 Application\TrueSTUDIO\startup_stm32f446xx.o
                0x08002e74                RTC_Alarm_IRQHandler
                0x08002e74                EXTI2_IRQHandler
                0x08002e74                TIM8_CC_IRQHandler
                0x08002e74                DebugMon_Handler
                0x08002e74                SPI4_IRQHandler
                0x08002e74                TIM1_CC_IRQHandler
                0x08002e74                DMA2_Stream5_IRQHandler
                0x08002e74                HardFault_Handler
                0x08002e74                DMA1_Stream5_IRQHandler
                0x08002e74                PVD_IRQHandler
                0x08002e74                SDIO_IRQHandler
                0x08002e74                TAMP_STAMP_IRQHandler
                0x08002e74                PendSV_Handler
                0x08002e74                NMI_Handler
                0x08002e74                CAN2_RX1_IRQHandler
                0x08002e74                EXTI3_IRQHandler
                0x08002e74                TIM8_TRG_COM_TIM14_IRQHandler
                0x08002e74                TIM1_UP_TIM10_IRQHandler
                0x08002e74                TIM8_UP_TIM13_IRQHandler
                0x08002e74                I2C3_ER_IRQHandler
                0x08002e74                FMPI2C1_Event_IRQHandler
                0x08002e74                EXTI0_IRQHandler
                0x08002e74                I2C2_EV_IRQHandler
                0x08002e74                DMA1_Stream2_IRQHandler
                0x08002e74                CAN1_RX0_IRQHandler
                0x08002e74                FPU_IRQHandler
                0x08002e74                OTG_HS_WKUP_IRQHandler
                0x08002e74                UsageFault_Handler
                0x08002e74                CAN2_SCE_IRQHandler
                0x08002e74                DMA2_Stream2_IRQHandler
                0x08002e74                SPI1_IRQHandler
                0x08002e74                TIM1_BRK_TIM9_IRQHandler
                0x08002e74                DCMI_IRQHandler
                0x08002e74                CAN2_RX0_IRQHandler
                0x08002e74                DMA2_Stream3_IRQHandler
                0x08002e74                SAI2_IRQHandler
                0x08002e74                USART6_IRQHandler
                0x08002e74                USART3_IRQHandler
                0x08002e74                CAN1_RX1_IRQHandler
                0x08002e74                UART5_IRQHandler
                0x08002e74                DMA2_Stream0_IRQHandler
                0x08002e74                TIM4_IRQHandler
                0x08002e74                QUADSPI_IRQHandler
                0x08002e74                I2C1_EV_IRQHandler
                0x08002e74                DMA1_Stream6_IRQHandler
                0x08002e74                DMA1_Stream1_IRQHandler
                0x08002e74                UART4_IRQHandler
                0x08002e74                TIM3_IRQHandler
                0x08002e74                RCC_IRQHandler
                0x08002e74                TIM8_BRK_TIM12_IRQHandler
                0x08002e74                Default_Handler
                0x08002e74                CEC_IRQHandler
                0x08002e74                EXTI15_10_IRQHandler
                0x08002e74                ADC_IRQHandler
                0x08002e74                DMA1_Stream7_IRQHandler
                0x08002e74                TIM7_IRQHandler
                0x08002e74                CAN2_TX_IRQHandler
                0x08002e74                TIM5_IRQHandler
                0x08002e74                DMA2_Stream7_IRQHandler
                0x08002e74                I2C3_EV_IRQHandler
                0x08002e74                EXTI9_5_IRQHandler
                0x08002e74                RTC_WKUP_IRQHandler
                0x08002e74                SPDIF_RX_IRQHandler
                0x08002e74                SPI2_IRQHandler
                0x08002e74                OTG_HS_EP1_IN_IRQHandler
                0x08002e74                MemManage_Handler
                0x08002e74                DMA1_Stream0_IRQHandler
                0x08002e74                CAN1_TX_IRQHandler
                0x08002e74                SVC_Handler
                0x08002e74                EXTI4_IRQHandler
                0x08002e74                OTG_HS_EP1_OUT_IRQHandler
                0x08002e74                WWDG_IRQHandler
                0x08002e74                TIM2_IRQHandler
                0x08002e74                OTG_FS_WKUP_IRQHandler
                0x08002e74                TIM1_TRG_COM_TIM11_IRQHandler
                0x08002e74                OTG_HS_IRQHandler
                0x08002e74                EXTI1_IRQHandler
                0x08002e74                USART2_IRQHandler
                0x08002e74                I2C2_ER_IRQHandler
                0x08002e74                DMA2_Stream1_IRQHandler
                0x08002e74                CAN1_SCE_IRQHandler
                0x08002e74                FLASH_IRQHandler
                0x08002e74                DMA2_Stream4_IRQHandler
                0x08002e74                BusFault_Handler
                0x08002e74                USART1_IRQHandler
                0x08002e74                OTG_FS_IRQHandler
                0x08002e74                SPI3_IRQHandler
                0x08002e74                DMA1_Stream4_IRQHandler
                0x08002e74                I2C1_ER_IRQHandler
                0x08002e74                FMC_IRQHandler
                0x08002e74                DMA2_Stream6_IRQHandler
                0x08002e74                SAI1_IRQHandler
                0x08002e74                DMA1_Stream3_IRQHandler
                0x08002e74                FMPI2C1_Error_IRQHandler
 .text.__libc_init_array
                0x08002e78       0x4c c:/program files (x86)/atollic/truestudio for arm 5.4.1/armtools/bin/../lib/gcc/arm-atollic-eabi/4.8.3/../../../../arm-atollic-eabi/lib/armv7e-m/fpu\libc.a(lib_a-init.o)
                0x08002e78                __libc_init_array
 .text.memset   0x08002ec4       0x10 c:/program files (x86)/atollic/truestudio for arm 5.4.1/armtools/bin/../lib/gcc/arm-atollic-eabi/4.8.3/../../../../arm-atollic-eabi/lib/armv7e-m/fpu\libc.a(lib_a-memset.o)
                0x08002ec4                memset
 .text.sprintf  0x08002ed4       0x48 c:/program files (x86)/atollic/truestudio for arm 5.4.1/armtools/bin/../lib/gcc/arm-atollic-eabi/4.8.3/../../../../arm-atollic-eabi/lib/armv7e-m/fpu\libc.a(lib_a-sprintf.o)
                0x08002ed4                sprintf
 .text.strcpy   0x08002f1c       0x10 c:/program files (x86)/atollic/truestudio for arm 5.4.1/armtools/bin/../lib/gcc/arm-atollic-eabi/4.8.3/../../../../arm-atollic-eabi/lib/armv7e-m/fpu\libc.a(lib_a-strcpy.o)
                0x08002f1c                strcpy
 .text.strlen   0x08002f2c       0x10 c:/program files (x86)/atollic/truestudio for arm 5.4.1/armtools/bin/../lib/gcc/arm-atollic-eabi/4.8.3/../../../../arm-atollic-eabi/lib/armv7e-m/fpu\libc.a(lib_a-strlen.o)
                0x08002f2c                strlen
 *fill*         0x08002f3c        0x4 
 .text._svfprintf_r
                0x08002f40      0xf40 c:/program files (x86)/atollic/truestudio for arm 5.4.1/armtools/bin/../lib/gcc/arm-atollic-eabi/4.8.3/../../../../arm-atollic-eabi/lib/armv7e-m/fpu\libc.a(lib_a-svfprintf.o)
                0x08002f40                _svfprintf_r
 .text.quorem   0x08003e80      0x11a c:/program files (x86)/atollic/truestudio for arm 5.4.1/armtools/bin/../lib/gcc/arm-atollic-eabi/4.8.3/../../../../arm-atollic-eabi/lib/armv7e-m/fpu\libc.a(lib_a-dtoa.o)
 *fill*         0x08003f9a        0x6 
 .text._dtoa_r  0x08003fa0      0xb70 c:/program files (x86)/atollic/truestudio for arm 5.4.1/armtools/bin/../lib/gcc/arm-atollic-eabi/4.8.3/../../../../arm-atollic-eabi/lib/armv7e-m/fpu\libc.a(lib_a-dtoa.o)
                0x08003fa0                _dtoa_r
 .text._localeconv_r
                0x08004b10        0x8 c:/program files (x86)/atollic/truestudio for arm 5.4.1/armtools/bin/../lib/gcc/arm-atollic-eabi/4.8.3/../../../../arm-atollic-eabi/lib/armv7e-m/fpu\libc.a(lib_a-locale.o)
                0x08004b10                _localeconv_r
 .text.malloc   0x08004b18       0x10 c:/program files (x86)/atollic/truestudio for arm 5.4.1/armtools/bin/../lib/gcc/arm-atollic-eabi/4.8.3/../../../../arm-atollic-eabi/lib/armv7e-m/fpu\libc.a(lib_a-malloc.o)
                0x08004b18                malloc
 .text._malloc_r
                0x08004b28      0x424 c:/program files (x86)/atollic/truestudio for arm 5.4.1/armtools/bin/../lib/gcc/arm-atollic-eabi/4.8.3/../../../../arm-atollic-eabi/lib/armv7e-m/fpu\libc.a(lib_a-mallocr.o)
                0x08004b28                _malloc_r
 .text.memchr   0x08004f4c       0x1e c:/program files (x86)/atollic/truestudio for arm 5.4.1/armtools/bin/../lib/gcc/arm-atollic-eabi/4.8.3/../../../../arm-atollic-eabi/lib/armv7e-m/fpu\libc.a(lib_a-memchr-stub.o)
                0x08004f4c                memchr
 .text.memcpy   0x08004f6a       0x12 c:/program files (x86)/atollic/truestudio for arm 5.4.1/armtools/bin/../lib/gcc/arm-atollic-eabi/4.8.3/../../../../arm-atollic-eabi/lib/armv7e-m/fpu\libc.a(lib_a-memcpy-stub.o)
                0x08004f6a                memcpy
 .text.__malloc_lock
                0x08004f7c        0x2 c:/program files (x86)/atollic/truestudio for arm 5.4.1/armtools/bin/../lib/gcc/arm-atollic-eabi/4.8.3/../../../../arm-atollic-eabi/lib/armv7e-m/fpu\libc.a(lib_a-mlock.o)
                0x08004f7c                __malloc_lock
 .text.__malloc_unlock
                0x08004f7e        0x2 c:/program files (x86)/atollic/truestudio for arm 5.4.1/armtools/bin/../lib/gcc/arm-atollic-eabi/4.8.3/../../../../arm-atollic-eabi/lib/armv7e-m/fpu\libc.a(lib_a-mlock.o)
                0x08004f7e                __malloc_unlock
 .text._Balloc  0x08004f80       0x6a c:/program files (x86)/atollic/truestudio for arm 5.4.1/armtools/bin/../lib/gcc/arm-atollic-eabi/4.8.3/../../../../arm-atollic-eabi/lib/armv7e-m/fpu\libc.a(lib_a-mprec.o)
                0x08004f80                _Balloc
 .text._Bfree   0x08004fea       0x2e c:/program files (x86)/atollic/truestudio for arm 5.4.1/armtools/bin/../lib/gcc/arm-atollic-eabi/4.8.3/../../../../arm-atollic-eabi/lib/armv7e-m/fpu\libc.a(lib_a-mprec.o)
                0x08004fea                _Bfree
 .text.__multadd
                0x08005018       0x74 c:/program files (x86)/atollic/truestudio for arm 5.4.1/armtools/bin/../lib/gcc/arm-atollic-eabi/4.8.3/../../../../arm-atollic-eabi/lib/armv7e-m/fpu\libc.a(lib_a-mprec.o)
                0x08005018                __multadd
 .text.__hi0bits
                0x0800508c       0x40 c:/program files (x86)/atollic/truestudio for arm 5.4.1/armtools/bin/../lib/gcc/arm-atollic-eabi/4.8.3/../../../../arm-atollic-eabi/lib/armv7e-m/fpu\libc.a(lib_a-mprec.o)
                0x0800508c                __hi0bits
 .text.__lo0bits
                0x080050cc       0x5a c:/program files (x86)/atollic/truestudio for arm 5.4.1/armtools/bin/../lib/gcc/arm-atollic-eabi/4.8.3/../../../../arm-atollic-eabi/lib/armv7e-m/fpu\libc.a(lib_a-mprec.o)
                0x080050cc                __lo0bits
 .text.__i2b    0x08005126       0x12 c:/program files (x86)/atollic/truestudio for arm 5.4.1/armtools/bin/../lib/gcc/arm-atollic-eabi/4.8.3/../../../../arm-atollic-eabi/lib/armv7e-m/fpu\libc.a(lib_a-mprec.o)
                0x08005126                __i2b
 .text.__multiply
                0x08005138      0x130 c:/program files (x86)/atollic/truestudio for arm 5.4.1/armtools/bin/../lib/gcc/arm-atollic-eabi/4.8.3/../../../../arm-atollic-eabi/lib/armv7e-m/fpu\libc.a(lib_a-mprec.o)
                0x08005138                __multiply
 .text.__pow5mult
                0x08005268       0x9c c:/program files (x86)/atollic/truestudio for arm 5.4.1/armtools/bin/../lib/gcc/arm-atollic-eabi/4.8.3/../../../../arm-atollic-eabi/lib/armv7e-m/fpu\libc.a(lib_a-mprec.o)
                0x08005268                __pow5mult
 .text.__lshift
                0x08005304       0xa6 c:/program files (x86)/atollic/truestudio for arm 5.4.1/armtools/bin/../lib/gcc/arm-atollic-eabi/4.8.3/../../../../arm-atollic-eabi/lib/armv7e-m/fpu\libc.a(lib_a-mprec.o)
                0x08005304                __lshift
 .text.__mcmp   0x080053aa       0x3a c:/program files (x86)/atollic/truestudio for arm 5.4.1/armtools/bin/../lib/gcc/arm-atollic-eabi/4.8.3/../../../../arm-atollic-eabi/lib/armv7e-m/fpu\libc.a(lib_a-mprec.o)
                0x080053aa                __mcmp
 .text.__mdiff  0x080053e4       0xbc c:/program files (x86)/atollic/truestudio for arm 5.4.1/armtools/bin/../lib/gcc/arm-atollic-eabi/4.8.3/../../../../arm-atollic-eabi/lib/armv7e-m/fpu\libc.a(lib_a-mprec.o)
                0x080053e4                __mdiff
 .text.__d2b    0x080054a0       0xa0 c:/program files (x86)/atollic/truestudio for arm 5.4.1/armtools/bin/../lib/gcc/arm-atollic-eabi/4.8.3/../../../../arm-atollic-eabi/lib/armv7e-m/fpu\libc.a(lib_a-mprec.o)
                0x080054a0                __d2b
 .text.__fpclassifyd
                0x08005540       0x48 c:/program files (x86)/atollic/truestudio for arm 5.4.1/armtools/bin/../lib/gcc/arm-atollic-eabi/4.8.3/../../../../arm-atollic-eabi/lib/armv7e-m/fpu\libc.a(lib_a-s_fpclassify.o)
                0x08005540                __fpclassifyd
 .text._sbrk_r  0x08005588       0x20 c:/program files (x86)/atollic/truestudio for arm 5.4.1/armtools/bin/../lib/gcc/arm-atollic-eabi/4.8.3/../../../../arm-atollic-eabi/lib/armv7e-m/fpu\libc.a(lib_a-sbrkr.o)
                0x08005588                _sbrk_r
 .text.__ssprint_r
                0x080055a8       0xf2 c:/program files (x86)/atollic/truestudio for arm 5.4.1/armtools/bin/../lib/gcc/arm-atollic-eabi/4.8.3/../../../../arm-atollic-eabi/lib/armv7e-m/fpu\libc.a(lib_a-svfiprintf.o)
                0x080055a8                __ssprint_r
 *fill*         0x0800569a        0x2 
 .text._sbrk    0x0800569c       0x34 c:/program files (x86)/atollic/truestudio for arm 5.4.1/armtools/bin/../lib/gcc/arm-atollic-eabi/4.8.3/../../../../arm-atollic-eabi/lib/armv7e-m/fpu\libc.a(lib_a-syscalls.o)
                0x0800569c                _sbrk
 .text._calloc_r
                0x080056d0       0x5a c:/program files (x86)/atollic/truestudio for arm 5.4.1/armtools/bin/../lib/gcc/arm-atollic-eabi/4.8.3/../../../../arm-atollic-eabi/lib/armv7e-m/fpu\libc.a(lib_a-callocr.o)
                0x080056d0                _calloc_r
 *fill*         0x0800572a        0x2 
 .text._malloc_trim_r
                0x0800572c       0xa8 c:/program files (x86)/atollic/truestudio for arm 5.4.1/armtools/bin/../lib/gcc/arm-atollic-eabi/4.8.3/../../../../arm-atollic-eabi/lib/armv7e-m/fpu\libc.a(lib_a-freer.o)
                0x0800572c                _malloc_trim_r
 .text._free_r  0x080057d4      0x170 c:/program files (x86)/atollic/truestudio for arm 5.4.1/armtools/bin/../lib/gcc/arm-atollic-eabi/4.8.3/../../../../arm-atollic-eabi/lib/armv7e-m/fpu\libc.a(lib_a-freer.o)
                0x080057d4                _free_r
 .text.memmove  0x08005944       0x36 c:/program files (x86)/atollic/truestudio for arm 5.4.1/armtools/bin/../lib/gcc/arm-atollic-eabi/4.8.3/../../../../arm-atollic-eabi/lib/armv7e-m/fpu\libc.a(lib_a-memmove.o)
                0x08005944                memmove
 *fill*         0x0800597a        0x2 
 .text._realloc_r
                0x0800597c      0x350 c:/program files (x86)/atollic/truestudio for arm 5.4.1/armtools/bin/../lib/gcc/arm-atollic-eabi/4.8.3/../../../../arm-atollic-eabi/lib/armv7e-m/fpu\libc.a(lib_a-reallocr.o)
                0x0800597c                _realloc_r
 *(.glue_7)
 .glue_7        0x00000000        0x0 linker stubs
 *(.glue_7t)
 .glue_7t       0x00000000        0x0 linker stubs
 *(.eh_frame)
 .eh_frame      0x08005ccc        0x0 c:/program files (x86)/atollic/truestudio for arm 5.4.1/armtools/bin/../lib/gcc/arm-atollic-eabi/4.8.3/armv7e-m/fpu/crtbegin.o
 *(.init)
 .init          0x08005ccc        0x4 c:/program files (x86)/atollic/truestudio for arm 5.4.1/armtools/bin/../lib/gcc/arm-atollic-eabi/4.8.3/armv7e-m/fpu/crti.o
                0x08005ccc                _init
 .init          0x08005cd0        0x8 c:/program files (x86)/atollic/truestudio for arm 5.4.1/armtools/bin/../lib/gcc/arm-atollic-eabi/4.8.3/armv7e-m/fpu/crtn.o
 *(.fini)
 .fini          0x08005cd8        0x4 c:/program files (x86)/atollic/truestudio for arm 5.4.1/armtools/bin/../lib/gcc/arm-atollic-eabi/4.8.3/armv7e-m/fpu/crti.o
                0x08005cd8                _fini
 .fini          0x08005cdc        0x8 c:/program files (x86)/atollic/truestudio for arm 5.4.1/armtools/bin/../lib/gcc/arm-atollic-eabi/4.8.3/armv7e-m/fpu/crtn.o
                0x08005ce4                . = ALIGN (0x4)
                0x08005ce4                _etext = .

.vfp11_veneer   0x08005ce4        0x0
 .vfp11_veneer  0x00000000        0x0 linker stubs

.v4_bx          0x08005ce4        0x0
 .v4_bx         0x00000000        0x0 linker stubs

.iplt           0x08005ce4        0x0
 .iplt          0x00000000        0x0 c:/program files (x86)/atollic/truestudio for arm 5.4.1/armtools/bin/../lib/gcc/arm-atollic-eabi/4.8.3/armv7e-m/fpu/crtbegin.o

.rodata         0x08005ce8      0x3e4
                0x08005ce8                . = ALIGN (0x4)
 *(.rodata)
 .rodata        0x08005ce8        0x4 Application\User\tm_stm32f4_hd44780.o
 .rodata        0x08005cec       0xff Application\User\main.o
 *(.rodata*)
 .rodata.APBAHBPrescTable
                0x08005deb       0x10 Drivers\STM32F4xx_HAL_Driver\stm32f4xx_hal_rcc.o
                0x08005deb                APBAHBPrescTable
 .rodata.str1.1
                0x08005dfb      0x105 Application\User\main.o
 .rodata.CSWTCH.22
                0x08005f00       0x64 Application\User\main.o
 .rodata.zeroes.6768
                0x08005f64       0x10 c:/program files (x86)/atollic/truestudio for arm 5.4.1/armtools/bin/../lib/gcc/arm-atollic-eabi/4.8.3/../../../../arm-atollic-eabi/lib/armv7e-m/fpu\libc.a(lib_a-svfprintf.o)
 .rodata.str1.1
                0x08005f74       0x32 c:/program files (x86)/atollic/truestudio for arm 5.4.1/armtools/bin/../lib/gcc/arm-atollic-eabi/4.8.3/../../../../arm-atollic-eabi/lib/armv7e-m/fpu\libc.a(lib_a-svfprintf.o)
                                 0x34 (size before relaxing)
 .rodata.blanks.6767
                0x08005fa6       0x10 c:/program files (x86)/atollic/truestudio for arm 5.4.1/armtools/bin/../lib/gcc/arm-atollic-eabi/4.8.3/../../../../arm-atollic-eabi/lib/armv7e-m/fpu\libc.a(lib_a-svfprintf.o)
 .rodata.str1.1
                0x08005fb6        0xd c:/program files (x86)/atollic/truestudio for arm 5.4.1/armtools/bin/../lib/gcc/arm-atollic-eabi/4.8.3/../../../../arm-atollic-eabi/lib/armv7e-m/fpu\libc.a(lib_a-dtoa.o)
                                  0xf (size before relaxing)
 .rodata.str1.1
                0x08005fc3        0x2 c:/program files (x86)/atollic/truestudio for arm 5.4.1/armtools/bin/../lib/gcc/arm-atollic-eabi/4.8.3/../../../../arm-atollic-eabi/lib/armv7e-m/fpu\libc.a(lib_a-impure.o)
 .rodata.str1.1
                0x08005fc5        0x8 c:/program files (x86)/atollic/truestudio for arm 5.4.1/armtools/bin/../lib/gcc/arm-atollic-eabi/4.8.3/../../../../arm-atollic-eabi/lib/armv7e-m/fpu\libc.a(lib_a-locale.o)
                                  0xb (size before relaxing)
 *fill*         0x08005fcd        0x3 
 .rodata.__mprec_tens
                0x08005fd0       0xc8 c:/program files (x86)/atollic/truestudio for arm 5.4.1/armtools/bin/../lib/gcc/arm-atollic-eabi/4.8.3/../../../../arm-atollic-eabi/lib/armv7e-m/fpu\libc.a(lib_a-mprec.o)
                0x08005fd0                __mprec_tens
 .rodata.__mprec_bigtens
                0x08006098       0x28 c:/program files (x86)/atollic/truestudio for arm 5.4.1/armtools/bin/../lib/gcc/arm-atollic-eabi/4.8.3/../../../../arm-atollic-eabi/lib/armv7e-m/fpu\libc.a(lib_a-mprec.o)
                0x08006098                __mprec_bigtens
 .rodata.p05.5279
                0x080060c0        0xc c:/program files (x86)/atollic/truestudio for arm 5.4.1/armtools/bin/../lib/gcc/arm-atollic-eabi/4.8.3/../../../../arm-atollic-eabi/lib/armv7e-m/fpu\libc.a(lib_a-mprec.o)
                0x080060cc                . = ALIGN (0x4)

.ARM.extab
 *(.ARM.extab* .gnu.linkonce.armextab.*)

.ARM            0x080060cc        0x8
                0x080060cc                __exidx_start = .
 *(.ARM.exidx*)
 .ARM.exidx     0x080060cc        0x8 c:/program files (x86)/atollic/truestudio for arm 5.4.1/armtools/bin/../lib/gcc/arm-atollic-eabi/4.8.3/armv7e-m/fpu\libgcc.a(_divdi3.o)
 .ARM.exidx     0x080060d4        0x0 c:/program files (x86)/atollic/truestudio for arm 5.4.1/armtools/bin/../lib/gcc/arm-atollic-eabi/4.8.3/armv7e-m/fpu\libgcc.a(_udivdi3.o)
                                  0x8 (size before relaxing)
                0x080060d4                __exidx_end = .

.rel.dyn        0x080060d4        0x0
 .rel.iplt      0x00000000        0x0 c:/program files (x86)/atollic/truestudio for arm 5.4.1/armtools/bin/../lib/gcc/arm-atollic-eabi/4.8.3/armv7e-m/fpu/crtbegin.o

.preinit_array  0x080060d4        0x0
                0x080060d4                PROVIDE (__preinit_array_start, .)
 *(.preinit_array*)
                0x080060d4                PROVIDE (__preinit_array_end, .)

.init_array     0x080060d4        0x4
                0x080060d4                PROVIDE (__init_array_start, .)
 *(SORT(.init_array.*))
 *(.init_array*)
 .init_array    0x080060d4        0x4 c:/program files (x86)/atollic/truestudio for arm 5.4.1/armtools/bin/../lib/gcc/arm-atollic-eabi/4.8.3/armv7e-m/fpu/crtbegin.o
                0x080060d8                PROVIDE (__init_array_end, .)

.fini_array     0x080060d8        0x4
                0x080060d8                PROVIDE (__fini_array_start, .)
 *(SORT(.fini_array.*))
 *(.fini_array*)
 .fini_array    0x080060d8        0x4 c:/program files (x86)/atollic/truestudio for arm 5.4.1/armtools/bin/../lib/gcc/arm-atollic-eabi/4.8.3/armv7e-m/fpu/crtbegin.o
                0x080060dc                PROVIDE (__fini_array_end, .)
                0x080060dc                _sidata = LOADADDR (.data)

.data           0x20000000      0x540 load address 0x080060dc
                0x20000000                . = ALIGN (0x4)
                0x20000000                _sdata = .
 *(.data)
 *(.data*)
 .data.SystemCoreClock
                0x20000000        0x4 Drivers\CMSIS\system_stm32f4xx.o
                0x20000000                SystemCoreClock
 .data.impure_data
                0x20000004       0xf0 c:/program files (x86)/atollic/truestudio for arm 5.4.1/armtools/bin/../lib/gcc/arm-atollic-eabi/4.8.3/../../../../arm-atollic-eabi/lib/armv7e-m/fpu\libc.a(lib_a-impure.o)
 .data._impure_ptr
                0x200000f4        0x4 c:/program files (x86)/atollic/truestudio for arm 5.4.1/armtools/bin/../lib/gcc/arm-atollic-eabi/4.8.3/../../../../arm-atollic-eabi/lib/armv7e-m/fpu\libc.a(lib_a-impure.o)
                0x200000f4                _impure_ptr
 .data.lconv    0x200000f8       0x38 c:/program files (x86)/atollic/truestudio for arm 5.4.1/armtools/bin/../lib/gcc/arm-atollic-eabi/4.8.3/../../../../arm-atollic-eabi/lib/armv7e-m/fpu\libc.a(lib_a-locale.o)
 .data.__malloc_av_
                0x20000130      0x408 c:/program files (x86)/atollic/truestudio for arm 5.4.1/armtools/bin/../lib/gcc/arm-atollic-eabi/4.8.3/../../../../arm-atollic-eabi/lib/armv7e-m/fpu\libc.a(lib_a-mallocr.o)
                0x20000130                __malloc_av_
 .data.__malloc_trim_threshold
                0x20000538        0x4 c:/program files (x86)/atollic/truestudio for arm 5.4.1/armtools/bin/../lib/gcc/arm-atollic-eabi/4.8.3/../../../../arm-atollic-eabi/lib/armv7e-m/fpu\libc.a(lib_a-mallocr.o)
                0x20000538                __malloc_trim_threshold
 .data.__malloc_sbrk_base
                0x2000053c        0x4 c:/program files (x86)/atollic/truestudio for arm 5.4.1/armtools/bin/../lib/gcc/arm-atollic-eabi/4.8.3/../../../../arm-atollic-eabi/lib/armv7e-m/fpu\libc.a(lib_a-mallocr.o)
                0x2000053c                __malloc_sbrk_base
                0x20000540                . = ALIGN (0x4)
                0x20000540                _edata = .

.igot.plt       0x20000540        0x0 load address 0x0800661c
 .igot.plt      0x00000000        0x0 c:/program files (x86)/atollic/truestudio for arm 5.4.1/armtools/bin/../lib/gcc/arm-atollic-eabi/4.8.3/armv7e-m/fpu/crtbegin.o
                0x20000540                . = ALIGN (0x4)

.bss            0x20000540      0x12c load address 0x0800661c
                0x20000540                _sbss = .
                0x20000540                __bss_start__ = _sbss
 *(.bss)
 .bss           0x20000540       0x1c c:/program files (x86)/atollic/truestudio for arm 5.4.1/armtools/bin/../lib/gcc/arm-atollic-eabi/4.8.3/armv7e-m/fpu/crtbegin.o
 *(.bss*)
 .bss.HD44780_Opts
                0x2000055c        0x7 Application\User\tm_stm32f4_hd44780.o
 *fill*         0x20000563        0x1 
 .bss.timerindex.7444
                0x20000564        0x4 Application\User\stm32f4xx_it.o
 .bss.__malloc_max_total_mem
                0x20000568        0x4 c:/program files (x86)/atollic/truestudio for arm 5.4.1/armtools/bin/../lib/gcc/arm-atollic-eabi/4.8.3/../../../../arm-atollic-eabi/lib/armv7e-m/fpu\libc.a(lib_a-mallocr.o)
                0x20000568                __malloc_max_total_mem
 .bss.__malloc_max_sbrked_mem
                0x2000056c        0x4 c:/program files (x86)/atollic/truestudio for arm 5.4.1/armtools/bin/../lib/gcc/arm-atollic-eabi/4.8.3/../../../../arm-atollic-eabi/lib/armv7e-m/fpu\libc.a(lib_a-mallocr.o)
                0x2000056c                __malloc_max_sbrked_mem
 .bss.__malloc_top_pad
                0x20000570        0x4 c:/program files (x86)/atollic/truestudio for arm 5.4.1/armtools/bin/../lib/gcc/arm-atollic-eabi/4.8.3/../../../../arm-atollic-eabi/lib/armv7e-m/fpu\libc.a(lib_a-mallocr.o)
                0x20000570                __malloc_top_pad
 .bss.__malloc_current_mallinfo
                0x20000574       0x28 c:/program files (x86)/atollic/truestudio for arm 5.4.1/armtools/bin/../lib/gcc/arm-atollic-eabi/4.8.3/../../../../arm-atollic-eabi/lib/armv7e-m/fpu\libc.a(lib_a-mallocr.o)
                0x20000574                __malloc_current_mallinfo
 .bss.heap_end.5122
                0x2000059c        0x4 c:/program files (x86)/atollic/truestudio for arm 5.4.1/armtools/bin/../lib/gcc/arm-atollic-eabi/4.8.3/../../../../arm-atollic-eabi/lib/armv7e-m/fpu\libc.a(lib_a-syscalls.o)
 *(COMMON)
 COMMON         0x200005a0        0x4 Drivers\STM32F4xx_HAL_Driver\stm32f4xx_hal.o
                0x200005a0                uwTick
 COMMON         0x200005a4       0x40 Application\User\uart.o
                0x200005a4                huart5
 COMMON         0x200005e4       0x84 Application\User\main.o
                0x200005e4                id
                0x200005ec                htim6
                0x20000628                huart2
 COMMON         0x20000668        0x4 c:/program files (x86)/atollic/truestudio for arm 5.4.1/armtools/bin/../lib/gcc/arm-atollic-eabi/4.8.3/../../../../arm-atollic-eabi/lib/armv7e-m/fpu\libc.a(lib_a-reent.o)
                0x20000668                errno
                0x2000066c                . = ALIGN (0x4)
                0x2000066c                _ebss = .
                0x2000066c                __bss_end__ = _ebss

._user_heap_stack
                0x2000066c      0x600 load address 0x0800661c
                0x2000066c                . = ALIGN (0x4)
                0x2000066c                PROVIDE (end, .)
                0x2000066c                PROVIDE (_end, .)
                0x20000a6c                . = (. + _Min_Heap_Size)
 *fill*         0x2000066c      0x400 
                0x20000c6c                . = (. + _Min_Stack_Size)
 *fill*         0x20000a6c      0x200 
                0x20000c6c                . = ALIGN (0x4)

/DISCARD/
 libc.a(*)
 libm.a(*)
 libgcc.a(*)

.ARM.attributes
                0x00000000       0x30
 *(.ARM.attributes)
 .ARM.attributes
                0x00000000       0x22 c:/program files (x86)/atollic/truestudio for arm 5.4.1/armtools/bin/../lib/gcc/arm-atollic-eabi/4.8.3/armv7e-m/fpu/crti.o
 .ARM.attributes
                0x00000022       0x34 c:/program files (x86)/atollic/truestudio for arm 5.4.1/armtools/bin/../lib/gcc/arm-atollic-eabi/4.8.3/armv7e-m/fpu/crtbegin.o
 .ARM.attributes
                0x00000056       0x39 Drivers\STM32F4xx_HAL_Driver\stm32f4xx_hal_uart.o
 .ARM.attributes
                0x0000008f       0x39 Drivers\STM32F4xx_HAL_Driver\stm32f4xx_hal_tim_ex.o
 .ARM.attributes
                0x000000c8       0x39 Drivers\STM32F4xx_HAL_Driver\stm32f4xx_hal_tim.o
 .ARM.attributes
                0x00000101       0x39 Drivers\STM32F4xx_HAL_Driver\stm32f4xx_hal_rcc_ex.o
 .ARM.attributes
                0x0000013a       0x39 Drivers\STM32F4xx_HAL_Driver\stm32f4xx_hal_rcc.o
 .ARM.attributes
                0x00000173       0x39 Drivers\STM32F4xx_HAL_Driver\stm32f4xx_hal_pwr_ex.o
 .ARM.attributes
                0x000001ac       0x39 Drivers\STM32F4xx_HAL_Driver\stm32f4xx_hal_gpio.o
 .ARM.attributes
                0x000001e5       0x39 Drivers\STM32F4xx_HAL_Driver\stm32f4xx_hal_cortex.o
 .ARM.attributes
                0x0000021e       0x39 Drivers\STM32F4xx_HAL_Driver\stm32f4xx_hal.o
 .ARM.attributes
                0x00000257       0x39 Drivers\CMSIS\system_stm32f4xx.o
 .ARM.attributes
                0x00000290       0x39 Application\User\uart.o
 .ARM.attributes
                0x000002c9       0x39 Application\User\tm_stm32f4_hd44780.o
 .ARM.attributes
                0x00000302       0x39 Application\User\stm32f4xx_it.o
 .ARM.attributes
                0x0000033b       0x39 Application\User\stm32f4xx_hal_msp.o
 .ARM.attributes
                0x00000374       0x39 Application\User\onewire.o
 .ARM.attributes
                0x000003ad       0x39 Application\User\main.o
 .ARM.attributes
                0x000003e6       0x39 Application\User\ds18x20.o
 .ARM.attributes
                0x0000041f       0x39 Application\User\common.o
 .ARM.attributes
                0x00000458       0x21 Application\TrueSTUDIO\startup_stm32f446xx.o
 .ARM.attributes
                0x00000479       0x34 c:/program files (x86)/atollic/truestudio for arm 5.4.1/armtools/bin/../lib/gcc/arm-atollic-eabi/4.8.3/../../../../arm-atollic-eabi/lib/armv7e-m/fpu\libc.a(lib_a-init.o)
 .ARM.attributes
                0x000004ad       0x34 c:/program files (x86)/atollic/truestudio for arm 5.4.1/armtools/bin/../lib/gcc/arm-atollic-eabi/4.8.3/../../../../arm-atollic-eabi/lib/armv7e-m/fpu\libc.a(lib_a-memset.o)
 .ARM.attributes
                0x000004e1       0x34 c:/program files (x86)/atollic/truestudio for arm 5.4.1/armtools/bin/../lib/gcc/arm-atollic-eabi/4.8.3/../../../../arm-atollic-eabi/lib/armv7e-m/fpu\libc.a(lib_a-sprintf.o)
 .ARM.attributes
                0x00000515       0x34 c:/program files (x86)/atollic/truestudio for arm 5.4.1/armtools/bin/../lib/gcc/arm-atollic-eabi/4.8.3/../../../../arm-atollic-eabi/lib/armv7e-m/fpu\libc.a(lib_a-strcpy.o)
 .ARM.attributes
                0x00000549       0x34 c:/program files (x86)/atollic/truestudio for arm 5.4.1/armtools/bin/../lib/gcc/arm-atollic-eabi/4.8.3/../../../../arm-atollic-eabi/lib/armv7e-m/fpu\libc.a(lib_a-strlen.o)
 .ARM.attributes
                0x0000057d       0x34 c:/program files (x86)/atollic/truestudio for arm 5.4.1/armtools/bin/../lib/gcc/arm-atollic-eabi/4.8.3/../../../../arm-atollic-eabi/lib/armv7e-m/fpu\libc.a(lib_a-svfprintf.o)
 .ARM.attributes
                0x000005b1       0x34 c:/program files (x86)/atollic/truestudio for arm 5.4.1/armtools/bin/../lib/gcc/arm-atollic-eabi/4.8.3/../../../../arm-atollic-eabi/lib/armv7e-m/fpu\libc.a(lib_a-dtoa.o)
 .ARM.attributes
                0x000005e5       0x34 c:/program files (x86)/atollic/truestudio for arm 5.4.1/armtools/bin/../lib/gcc/arm-atollic-eabi/4.8.3/../../../../arm-atollic-eabi/lib/armv7e-m/fpu\libc.a(lib_a-impure.o)
 .ARM.attributes
                0x00000619       0x34 c:/program files (x86)/atollic/truestudio for arm 5.4.1/armtools/bin/../lib/gcc/arm-atollic-eabi/4.8.3/../../../../arm-atollic-eabi/lib/armv7e-m/fpu\libc.a(lib_a-locale.o)
 .ARM.attributes
                0x0000064d       0x34 c:/program files (x86)/atollic/truestudio for arm 5.4.1/armtools/bin/../lib/gcc/arm-atollic-eabi/4.8.3/../../../../arm-atollic-eabi/lib/armv7e-m/fpu\libc.a(lib_a-malloc.o)
 .ARM.attributes
                0x00000681       0x34 c:/program files (x86)/atollic/truestudio for arm 5.4.1/armtools/bin/../lib/gcc/arm-atollic-eabi/4.8.3/../../../../arm-atollic-eabi/lib/armv7e-m/fpu\libc.a(lib_a-mallocr.o)
 .ARM.attributes
                0x000006b5       0x34 c:/program files (x86)/atollic/truestudio for arm 5.4.1/armtools/bin/../lib/gcc/arm-atollic-eabi/4.8.3/../../../../arm-atollic-eabi/lib/armv7e-m/fpu\libc.a(lib_a-memchr-stub.o)
 .ARM.attributes
                0x000006e9       0x34 c:/program files (x86)/atollic/truestudio for arm 5.4.1/armtools/bin/../lib/gcc/arm-atollic-eabi/4.8.3/../../../../arm-atollic-eabi/lib/armv7e-m/fpu\libc.a(lib_a-memcpy-stub.o)
 .ARM.attributes
                0x0000071d       0x34 c:/program files (x86)/atollic/truestudio for arm 5.4.1/armtools/bin/../lib/gcc/arm-atollic-eabi/4.8.3/../../../../arm-atollic-eabi/lib/armv7e-m/fpu\libc.a(lib_a-mlock.o)
 .ARM.attributes
                0x00000751       0x34 c:/program files (x86)/atollic/truestudio for arm 5.4.1/armtools/bin/../lib/gcc/arm-atollic-eabi/4.8.3/../../../../arm-atollic-eabi/lib/armv7e-m/fpu\libc.a(lib_a-mprec.o)
 .ARM.attributes
                0x00000785       0x34 c:/program files (x86)/atollic/truestudio for arm 5.4.1/armtools/bin/../lib/gcc/arm-atollic-eabi/4.8.3/../../../../arm-atollic-eabi/lib/armv7e-m/fpu\libc.a(lib_a-s_fpclassify.o)
 .ARM.attributes
                0x000007b9       0x34 c:/program files (x86)/atollic/truestudio for arm 5.4.1/armtools/bin/../lib/gcc/arm-atollic-eabi/4.8.3/../../../../arm-atollic-eabi/lib/armv7e-m/fpu\libc.a(lib_a-sbrkr.o)
 .ARM.attributes
                0x000007ed       0x34 c:/program files (x86)/atollic/truestudio for arm 5.4.1/armtools/bin/../lib/gcc/arm-atollic-eabi/4.8.3/../../../../arm-atollic-eabi/lib/armv7e-m/fpu\libc.a(lib_a-svfiprintf.o)
 .ARM.attributes
                0x00000821       0x34 c:/program files (x86)/atollic/truestudio for arm 5.4.1/armtools/bin/../lib/gcc/arm-atollic-eabi/4.8.3/../../../../arm-atollic-eabi/lib/armv7e-m/fpu\libc.a(lib_a-syscalls.o)
 .ARM.attributes
                0x00000855       0x34 c:/program files (x86)/atollic/truestudio for arm 5.4.1/armtools/bin/../lib/gcc/arm-atollic-eabi/4.8.3/../../../../arm-atollic-eabi/lib/armv7e-m/fpu\libc.a(lib_a-callocr.o)
 .ARM.attributes
                0x00000889       0x34 c:/program files (x86)/atollic/truestudio for arm 5.4.1/armtools/bin/../lib/gcc/arm-atollic-eabi/4.8.3/../../../../arm-atollic-eabi/lib/armv7e-m/fpu\libc.a(lib_a-freer.o)
 .ARM.attributes
                0x000008bd       0x34 c:/program files (x86)/atollic/truestudio for arm 5.4.1/armtools/bin/../lib/gcc/arm-atollic-eabi/4.8.3/../../../../arm-atollic-eabi/lib/armv7e-m/fpu\libc.a(lib_a-memmove.o)
 .ARM.attributes
                0x000008f1       0x34 c:/program files (x86)/atollic/truestudio for arm 5.4.1/armtools/bin/../lib/gcc/arm-atollic-eabi/4.8.3/../../../../arm-atollic-eabi/lib/armv7e-m/fpu\libc.a(lib_a-reallocr.o)
 .ARM.attributes
                0x00000925       0x34 c:/program files (x86)/atollic/truestudio for arm 5.4.1/armtools/bin/../lib/gcc/arm-atollic-eabi/4.8.3/../../../../arm-atollic-eabi/lib/armv7e-m/fpu\libc.a(lib_a-reent.o)
 .ARM.attributes
                0x00000959       0x22 c:/program files (x86)/atollic/truestudio for arm 5.4.1/armtools/bin/../lib/gcc/arm-atollic-eabi/4.8.3/armv7e-m/fpu\libgcc.a(_arm_addsubdf3.o)
 .ARM.attributes
                0x0000097b       0x22 c:/program files (x86)/atollic/truestudio for arm 5.4.1/armtools/bin/../lib/gcc/arm-atollic-eabi/4.8.3/armv7e-m/fpu\libgcc.a(_arm_muldivdf3.o)
 .ARM.attributes
                0x0000099d       0x22 c:/program files (x86)/atollic/truestudio for arm 5.4.1/armtools/bin/../lib/gcc/arm-atollic-eabi/4.8.3/armv7e-m/fpu\libgcc.a(_arm_cmpdf2.o)
 .ARM.attributes
                0x000009bf       0x22 c:/program files (x86)/atollic/truestudio for arm 5.4.1/armtools/bin/../lib/gcc/arm-atollic-eabi/4.8.3/armv7e-m/fpu\libgcc.a(_arm_fixdfsi.o)
 .ARM.attributes
                0x000009e1       0x22 c:/program files (x86)/atollic/truestudio for arm 5.4.1/armtools/bin/../lib/gcc/arm-atollic-eabi/4.8.3/armv7e-m/fpu\libgcc.a(_aeabi_uldivmod.o)
 .ARM.attributes
                0x00000a03       0x34 c:/program files (x86)/atollic/truestudio for arm 5.4.1/armtools/bin/../lib/gcc/arm-atollic-eabi/4.8.3/armv7e-m/fpu\libgcc.a(bpabi.o)
 .ARM.attributes
                0x00000a37       0x22 c:/program files (x86)/atollic/truestudio for arm 5.4.1/armtools/bin/../lib/gcc/arm-atollic-eabi/4.8.3/armv7e-m/fpu\libgcc.a(_dvmd_tls.o)
 .ARM.attributes
                0x00000a59       0x34 c:/program files (x86)/atollic/truestudio for arm 5.4.1/armtools/bin/../lib/gcc/arm-atollic-eabi/4.8.3/armv7e-m/fpu\libgcc.a(_divdi3.o)
 .ARM.attributes
                0x00000a8d       0x34 c:/program files (x86)/atollic/truestudio for arm 5.4.1/armtools/bin/../lib/gcc/arm-atollic-eabi/4.8.3/armv7e-m/fpu\libgcc.a(_udivdi3.o)
 .ARM.attributes
                0x00000ac1       0x22 c:/program files (x86)/atollic/truestudio for arm 5.4.1/armtools/bin/../lib/gcc/arm-atollic-eabi/4.8.3/armv7e-m/fpu/crtn.o
OUTPUT(ARMbrew_F4.elf elf32-littlearm)

.debug_info     0x00000000     0xf625
 .debug_info    0x00000000     0x11f2 Drivers\STM32F4xx_HAL_Driver\stm32f4xx_hal_uart.o
 .debug_info    0x000011f2     0x127f Drivers\STM32F4xx_HAL_Driver\stm32f4xx_hal_tim_ex.o
 .debug_info    0x00002471     0x340a Drivers\STM32F4xx_HAL_Driver\stm32f4xx_hal_tim.o
 .debug_info    0x0000587b     0x13af Drivers\STM32F4xx_HAL_Driver\stm32f4xx_hal_rcc_ex.o
 .debug_info    0x00006c2a      0xcdc Drivers\STM32F4xx_HAL_Driver\stm32f4xx_hal_rcc.o
 .debug_info    0x00007906      0x954 Drivers\STM32F4xx_HAL_Driver\stm32f4xx_hal_pwr_ex.o
 .debug_info    0x0000825a      0x75c Drivers\STM32F4xx_HAL_Driver\stm32f4xx_hal_gpio.o
 .debug_info    0x000089b6      0xe9b Drivers\STM32F4xx_HAL_Driver\stm32f4xx_hal_cortex.o
 .debug_info    0x00009851      0x975 Drivers\STM32F4xx_HAL_Driver\stm32f4xx_hal.o
 .debug_info    0x0000a1c6      0x4d9 Drivers\CMSIS\system_stm32f4xx.o
 .debug_info    0x0000a69f      0x6dc Application\User\uart.o
 .debug_info    0x0000ad7b      0xb02 Application\User\tm_stm32f4_hd44780.o
 .debug_info    0x0000b87d      0x728 Application\User\stm32f4xx_it.o
 .debug_info    0x0000bfa5      0xeee Application\User\stm32f4xx_hal_msp.o
 .debug_info    0x0000ce93      0x392 Application\User\onewire.o
 .debug_info    0x0000d225     0x1862 Application\User\main.o
 .debug_info    0x0000ea87      0x9ab Application\User\ds18x20.o
 .debug_info    0x0000f432      0x12d Application\User\common.o
 .debug_info    0x0000f55f       0xc6 Application\TrueSTUDIO\startup_stm32f446xx.o

.debug_abbrev   0x00000000     0x269d
 .debug_abbrev  0x00000000      0x2be Drivers\STM32F4xx_HAL_Driver\stm32f4xx_hal_uart.o
 .debug_abbrev  0x000002be      0x229 Drivers\STM32F4xx_HAL_Driver\stm32f4xx_hal_tim_ex.o
 .debug_abbrev  0x000004e7      0x315 Drivers\STM32F4xx_HAL_Driver\stm32f4xx_hal_tim.o
 .debug_abbrev  0x000007fc      0x283 Drivers\STM32F4xx_HAL_Driver\stm32f4xx_hal_rcc_ex.o
 .debug_abbrev  0x00000a7f      0x320 Drivers\STM32F4xx_HAL_Driver\stm32f4xx_hal_rcc.o
 .debug_abbrev  0x00000d9f      0x239 Drivers\STM32F4xx_HAL_Driver\stm32f4xx_hal_pwr_ex.o
 .debug_abbrev  0x00000fd8      0x1c8 Drivers\STM32F4xx_HAL_Driver\stm32f4xx_hal_gpio.o
 .debug_abbrev  0x000011a0      0x2e0 Drivers\STM32F4xx_HAL_Driver\stm32f4xx_hal_cortex.o
 .debug_abbrev  0x00001480      0x25a Drivers\STM32F4xx_HAL_Driver\stm32f4xx_hal.o
 .debug_abbrev  0x000016da      0x101 Drivers\CMSIS\system_stm32f4xx.o
 .debug_abbrev  0x000017db      0x1e8 Application\User\uart.o
 .debug_abbrev  0x000019c3      0x21d Application\User\tm_stm32f4_hd44780.o
 .debug_abbrev  0x00001be0      0x1ce Application\User\stm32f4xx_it.o
 .debug_abbrev  0x00001dae      0x1ce Application\User\stm32f4xx_hal_msp.o
 .debug_abbrev  0x00001f7c      0x13b Application\User\onewire.o
 .debug_abbrev  0x000020b7      0x313 Application\User\main.o
 .debug_abbrev  0x000023ca      0x229 Application\User\ds18x20.o
 .debug_abbrev  0x000025f3       0x98 Application\User\common.o
 .debug_abbrev  0x0000268b       0x12 Application\TrueSTUDIO\startup_stm32f446xx.o

.debug_loc      0x00000000     0x7e22
 .debug_loc     0x00000000      0xe24 Drivers\STM32F4xx_HAL_Driver\stm32f4xx_hal_uart.o
 .debug_loc     0x00000e24      0xa77 Drivers\STM32F4xx_HAL_Driver\stm32f4xx_hal_tim_ex.o
 .debug_loc     0x0000189b     0x3284 Drivers\STM32F4xx_HAL_Driver\stm32f4xx_hal_tim.o
 .debug_loc     0x00004b1f     0x10d0 Drivers\STM32F4xx_HAL_Driver\stm32f4xx_hal_rcc_ex.o
 .debug_loc     0x00005bef      0x600 Drivers\STM32F4xx_HAL_Driver\stm32f4xx_hal_rcc.o
 .debug_loc     0x000061ef      0x284 Drivers\STM32F4xx_HAL_Driver\stm32f4xx_hal_pwr_ex.o
 .debug_loc     0x00006473      0x3e3 Drivers\STM32F4xx_HAL_Driver\stm32f4xx_hal_gpio.o
 .debug_loc     0x00006856      0x422 Drivers\STM32F4xx_HAL_Driver\stm32f4xx_hal_cortex.o
 .debug_loc     0x00006c78       0x8e Drivers\STM32F4xx_HAL_Driver\stm32f4xx_hal.o
 .debug_loc     0x00006d06       0xc4 Drivers\CMSIS\system_stm32f4xx.o
 .debug_loc     0x00006dca       0x72 Application\User\uart.o
 .debug_loc     0x00006e3c      0x2d8 Application\User\tm_stm32f4_hd44780.o
 .debug_loc     0x00007114       0xcc Application\User\stm32f4xx_hal_msp.o
 .debug_loc     0x000071e0      0x298 Application\User\onewire.o
 .debug_loc     0x00007478       0x65 Application\User\main.o
 .debug_loc     0x000074dd      0x842 Application\User\ds18x20.o
 .debug_loc     0x00007d1f      0x103 Application\User\common.o

.debug_aranges  0x00000000      0xb78
 .debug_aranges
                0x00000000      0x138 Drivers\STM32F4xx_HAL_Driver\stm32f4xx_hal_uart.o
 .debug_aranges
                0x00000138      0x140 Drivers\STM32F4xx_HAL_Driver\stm32f4xx_hal_tim_ex.o
 .debug_aranges
                0x00000278      0x330 Drivers\STM32F4xx_HAL_Driver\stm32f4xx_hal_tim.o
 .debug_aranges
                0x000005a8       0x58 Drivers\STM32F4xx_HAL_Driver\stm32f4xx_hal_rcc_ex.o
 .debug_aranges
                0x00000600       0x88 Drivers\STM32F4xx_HAL_Driver\stm32f4xx_hal_rcc.o
 .debug_aranges
                0x00000688       0x60 Drivers\STM32F4xx_HAL_Driver\stm32f4xx_hal_pwr_ex.o
 .debug_aranges
                0x000006e8       0x58 Drivers\STM32F4xx_HAL_Driver\stm32f4xx_hal_gpio.o
 .debug_aranges
                0x00000740       0x98 Drivers\STM32F4xx_HAL_Driver\stm32f4xx_hal_cortex.o
 .debug_aranges
                0x000007d8       0xc0 Drivers\STM32F4xx_HAL_Driver\stm32f4xx_hal.o
 .debug_aranges
                0x00000898       0x28 Drivers\CMSIS\system_stm32f4xx.o
 .debug_aranges
                0x000008c0       0x40 Application\User\uart.o
 .debug_aranges
                0x00000900       0xa8 Application\User\tm_stm32f4_hd44780.o
 .debug_aranges
                0x000009a8       0x28 Application\User\stm32f4xx_it.o
 .debug_aranges
                0x000009d0       0x40 Application\User\stm32f4xx_hal_msp.o
 .debug_aranges
                0x00000a10       0x58 Application\User\onewire.o
 .debug_aranges
                0x00000a68       0x30 Application\User\main.o
 .debug_aranges
                0x00000a98       0x98 Application\User\ds18x20.o
 .debug_aranges
                0x00000b30       0x20 Application\User\common.o
 .debug_aranges
                0x00000b50       0x28 Application\TrueSTUDIO\startup_stm32f446xx.o

.debug_ranges   0x00000000     0x11f8
 .debug_ranges  0x00000000      0x128 Drivers\STM32F4xx_HAL_Driver\stm32f4xx_hal_uart.o
 .debug_ranges  0x00000128      0x130 Drivers\STM32F4xx_HAL_Driver\stm32f4xx_hal_tim_ex.o
 .debug_ranges  0x00000258      0x410 Drivers\STM32F4xx_HAL_Driver\stm32f4xx_hal_tim.o
 .debug_ranges  0x00000668      0x4b0 Drivers\STM32F4xx_HAL_Driver\stm32f4xx_hal_rcc_ex.o
 .debug_ranges  0x00000b18      0x170 Drivers\STM32F4xx_HAL_Driver\stm32f4xx_hal_rcc.o
 .debug_ranges  0x00000c88       0x50 Drivers\STM32F4xx_HAL_Driver\stm32f4xx_hal_pwr_ex.o
 .debug_ranges  0x00000cd8       0x48 Drivers\STM32F4xx_HAL_Driver\stm32f4xx_hal_gpio.o
 .debug_ranges  0x00000d20       0xd8 Drivers\STM32F4xx_HAL_Driver\stm32f4xx_hal_cortex.o
 .debug_ranges  0x00000df8       0xb0 Drivers\STM32F4xx_HAL_Driver\stm32f4xx_hal.o
 .debug_ranges  0x00000ea8       0x18 Drivers\CMSIS\system_stm32f4xx.o
 .debug_ranges  0x00000ec0       0x30 Application\User\uart.o
 .debug_ranges  0x00000ef0       0xb8 Application\User\tm_stm32f4_hd44780.o
 .debug_ranges  0x00000fa8       0x18 Application\User\stm32f4xx_it.o
 .debug_ranges  0x00000fc0       0x78 Application\User\stm32f4xx_hal_msp.o
 .debug_ranges  0x00001038       0x48 Application\User\onewire.o
 .debug_ranges  0x00001080       0xc0 Application\User\main.o
 .debug_ranges  0x00001140       0x88 Application\User\ds18x20.o
 .debug_ranges  0x000011c8       0x10 Application\User\common.o
 .debug_ranges  0x000011d8       0x20 Application\TrueSTUDIO\startup_stm32f446xx.o

.debug_line     0x00000000     0x598e
 .debug_line    0x00000000      0x933 Drivers\STM32F4xx_HAL_Driver\stm32f4xx_hal_uart.o
 .debug_line    0x00000933      0x75d Drivers\STM32F4xx_HAL_Driver\stm32f4xx_hal_tim_ex.o
 .debug_line    0x00001090     0x1233 Drivers\STM32F4xx_HAL_Driver\stm32f4xx_hal_tim.o
 .debug_line    0x000022c3      0x90e Drivers\STM32F4xx_HAL_Driver\stm32f4xx_hal_rcc_ex.o
 .debug_line    0x00002bd1      0x5be Drivers\STM32F4xx_HAL_Driver\stm32f4xx_hal_rcc.o
 .debug_line    0x0000318f      0x394 Drivers\STM32F4xx_HAL_Driver\stm32f4xx_hal_pwr_ex.o
 .debug_line    0x00003523      0x3c0 Drivers\STM32F4xx_HAL_Driver\stm32f4xx_hal_gpio.o
 .debug_line    0x000038e3      0x3f8 Drivers\STM32F4xx_HAL_Driver\stm32f4xx_hal_cortex.o
 .debug_line    0x00003cdb      0x3ce Drivers\STM32F4xx_HAL_Driver\stm32f4xx_hal.o
 .debug_line    0x000040a9      0x202 Drivers\CMSIS\system_stm32f4xx.o
 .debug_line    0x000042ab      0x258 Application\User\uart.o
 .debug_line    0x00004503      0x3bb Application\User\tm_stm32f4_hd44780.o
 .debug_line    0x000048be      0x269 Application\User\stm32f4xx_it.o
 .debug_line    0x00004b27      0x2e7 Application\User\stm32f4xx_hal_msp.o
 .debug_line    0x00004e0e      0x211 Application\User\onewire.o
 .debug_line    0x0000501f      0x401 Application\User\main.o
 .debug_line    0x00005420      0x380 Application\User\ds18x20.o
 .debug_line    0x000057a0      0x13a Application\User\common.o
 .debug_line    0x000058da       0xb4 Application\TrueSTUDIO\startup_stm32f446xx.o

.debug_str      0x00000000     0x3a42
 .debug_str     0x00000000      0x9eb Drivers\STM32F4xx_HAL_Driver\stm32f4xx_hal_uart.o
                                0xabc (size before relaxing)
 .debug_str     0x000009eb      0x7f1 Drivers\STM32F4xx_HAL_Driver\stm32f4xx_hal_tim_ex.o
                                0xcf1 (size before relaxing)
 .debug_str     0x000011dc      0xc0b Drivers\STM32F4xx_HAL_Driver\stm32f4xx_hal_tim.o
                               0x1439 (size before relaxing)
 .debug_str     0x00001de7      0x532 Drivers\STM32F4xx_HAL_Driver\stm32f4xx_hal_rcc_ex.o
                                0x77a (size before relaxing)
 .debug_str     0x00002319      0x234 Drivers\STM32F4xx_HAL_Driver\stm32f4xx_hal_rcc.o
                                0x72a (size before relaxing)
 .debug_str     0x0000254d      0x1b6 Drivers\STM32F4xx_HAL_Driver\stm32f4xx_hal_pwr_ex.o
                                0x555 (size before relaxing)
 .debug_str     0x00002703      0x16c Drivers\STM32F4xx_HAL_Driver\stm32f4xx_hal_gpio.o
                                0x54a (size before relaxing)
 .debug_str     0x0000286f      0x8c3 Drivers\STM32F4xx_HAL_Driver\stm32f4xx_hal_cortex.o
                                0xc59 (size before relaxing)
 .debug_str     0x00003132      0x1f1 Drivers\STM32F4xx_HAL_Driver\stm32f4xx_hal.o
                                0xb38 (size before relaxing)
 .debug_str     0x00003323       0x7a Drivers\CMSIS\system_stm32f4xx.o
                                0x3fb (size before relaxing)
 .debug_str     0x0000339d       0x53 Application\User\uart.o
                                0x705 (size before relaxing)
 .debug_str     0x000033f0      0x237 Application\User\tm_stm32f4_hd44780.o
                                0x4f8 (size before relaxing)
 .debug_str     0x00003627       0x51 Application\User\stm32f4xx_it.o
                                0x767 (size before relaxing)
 .debug_str     0x00003678       0x2b Application\User\stm32f4xx_hal_msp.o
                                0xfc7 (size before relaxing)
 .debug_str     0x000036a3       0x71 Application\User\onewire.o
                                0x261 (size before relaxing)
 .debug_str     0x00003714       0xee Application\User\main.o
                               0x1300 (size before relaxing)
 .debug_str     0x00003802      0x1e6 Application\User\ds18x20.o
                                0x47e (size before relaxing)
 .debug_str     0x000039e8       0x5a Application\User\common.o
                                0x222 (size before relaxing)

.comment        0x00000000       0x82
 .comment       0x00000000       0x82 Drivers\STM32F4xx_HAL_Driver\stm32f4xx_hal_uart.o
                                 0x83 (size before relaxing)
 .comment       0x00000000       0x83 Drivers\STM32F4xx_HAL_Driver\stm32f4xx_hal_tim_ex.o
 .comment       0x00000000       0x83 Drivers\STM32F4xx_HAL_Driver\stm32f4xx_hal_tim.o
 .comment       0x00000000       0x83 Drivers\STM32F4xx_HAL_Driver\stm32f4xx_hal_rcc_ex.o
 .comment       0x00000000       0x83 Drivers\STM32F4xx_HAL_Driver\stm32f4xx_hal_rcc.o
 .comment       0x00000000       0x83 Drivers\STM32F4xx_HAL_Driver\stm32f4xx_hal_pwr_ex.o
 .comment       0x00000000       0x83 Drivers\STM32F4xx_HAL_Driver\stm32f4xx_hal_gpio.o
 .comment       0x00000000       0x83 Drivers\STM32F4xx_HAL_Driver\stm32f4xx_hal_cortex.o
 .comment       0x00000000       0x83 Drivers\STM32F4xx_HAL_Driver\stm32f4xx_hal.o
 .comment       0x00000000       0x83 Drivers\CMSIS\system_stm32f4xx.o
 .comment       0x00000000       0x83 Application\User\uart.o
 .comment       0x00000000       0x83 Application\User\tm_stm32f4_hd44780.o
 .comment       0x00000000       0x83 Application\User\stm32f4xx_it.o
 .comment       0x00000000       0x83 Application\User\stm32f4xx_hal_msp.o
 .comment       0x00000000       0x83 Application\User\onewire.o
 .comment       0x00000000       0x83 Application\User\main.o
 .comment       0x00000000       0x83 Application\User\ds18x20.o
 .comment       0x00000000       0x83 Application\User\common.o

.debug_frame    0x00000000     0x24e8
 .debug_frame   0x00000000      0x318 Drivers\STM32F4xx_HAL_Driver\stm32f4xx_hal_uart.o
 .debug_frame   0x00000318      0x36c Drivers\STM32F4xx_HAL_Driver\stm32f4xx_hal_tim_ex.o
 .debug_frame   0x00000684      0x87c Drivers\STM32F4xx_HAL_Driver\stm32f4xx_hal_tim.o
 .debug_frame   0x00000f00       0xc8 Drivers\STM32F4xx_HAL_Driver\stm32f4xx_hal_rcc_ex.o
 .debug_frame   0x00000fc8      0x148 Drivers\STM32F4xx_HAL_Driver\stm32f4xx_hal_rcc.o
 .debug_frame   0x00001110       0xe8 Drivers\STM32F4xx_HAL_Driver\stm32f4xx_hal_pwr_ex.o
 .debug_frame   0x000011f8       0xc8 Drivers\STM32F4xx_HAL_Driver\stm32f4xx_hal_gpio.o
 .debug_frame   0x000012c0      0x130 Drivers\STM32F4xx_HAL_Driver\stm32f4xx_hal_cortex.o
 .debug_frame   0x000013f0      0x184 Drivers\STM32F4xx_HAL_Driver\stm32f4xx_hal.o
 .debug_frame   0x00001574       0x30 Drivers\CMSIS\system_stm32f4xx.o
 .debug_frame   0x000015a4       0x84 Application\User\uart.o
 .debug_frame   0x00001628      0x1a0 Application\User\tm_stm32f4_hd44780.o
 .debug_frame   0x000017c8       0x40 Application\User\stm32f4xx_it.o
 .debug_frame   0x00001808       0x8c Application\User\stm32f4xx_hal_msp.o
 .debug_frame   0x00001894       0xd4 Application\User\onewire.o
 .debug_frame   0x00001968       0x60 Application\User\main.o
 .debug_frame   0x000019c8      0x1d4 Application\User\ds18x20.o
 .debug_frame   0x00001b9c       0x2c Application\User\common.o
 .debug_frame   0x00001bc8       0x2c c:/program files (x86)/atollic/truestudio for arm 5.4.1/armtools/bin/../lib/gcc/arm-atollic-eabi/4.8.3/../../../../arm-atollic-eabi/lib/armv7e-m/fpu\libc.a(lib_a-init.o)
 .debug_frame   0x00001bf4       0x20 c:/program files (x86)/atollic/truestudio for arm 5.4.1/armtools/bin/../lib/gcc/arm-atollic-eabi/4.8.3/../../../../arm-atollic-eabi/lib/armv7e-m/fpu\libc.a(lib_a-memset.o)
 .debug_frame   0x00001c14       0x58 c:/program files (x86)/atollic/truestudio for arm 5.4.1/armtools/bin/../lib/gcc/arm-atollic-eabi/4.8.3/../../../../arm-atollic-eabi/lib/armv7e-m/fpu\libc.a(lib_a-sprintf.o)
 .debug_frame   0x00001c6c       0x20 c:/program files (x86)/atollic/truestudio for arm 5.4.1/armtools/bin/../lib/gcc/arm-atollic-eabi/4.8.3/../../../../arm-atollic-eabi/lib/armv7e-m/fpu\libc.a(lib_a-strcpy.o)
 .debug_frame   0x00001c8c       0x20 c:/program files (x86)/atollic/truestudio for arm 5.4.1/armtools/bin/../lib/gcc/arm-atollic-eabi/4.8.3/../../../../arm-atollic-eabi/lib/armv7e-m/fpu\libc.a(lib_a-strlen.o)
 .debug_frame   0x00001cac       0x3c c:/program files (x86)/atollic/truestudio for arm 5.4.1/armtools/bin/../lib/gcc/arm-atollic-eabi/4.8.3/../../../../arm-atollic-eabi/lib/armv7e-m/fpu\libc.a(lib_a-svfprintf.o)
 .debug_frame   0x00001ce8       0x68 c:/program files (x86)/atollic/truestudio for arm 5.4.1/armtools/bin/../lib/gcc/arm-atollic-eabi/4.8.3/../../../../arm-atollic-eabi/lib/armv7e-m/fpu\libc.a(lib_a-dtoa.o)
 .debug_frame   0x00001d50       0x98 c:/program files (x86)/atollic/truestudio for arm 5.4.1/armtools/bin/../lib/gcc/arm-atollic-eabi/4.8.3/../../../../arm-atollic-eabi/lib/armv7e-m/fpu\libc.a(lib_a-locale.o)
 .debug_frame   0x00001de8       0x30 c:/program files (x86)/atollic/truestudio for arm 5.4.1/armtools/bin/../lib/gcc/arm-atollic-eabi/4.8.3/../../../../arm-atollic-eabi/lib/armv7e-m/fpu\libc.a(lib_a-malloc.o)
 .debug_frame   0x00001e18       0x38 c:/program files (x86)/atollic/truestudio for arm 5.4.1/armtools/bin/../lib/gcc/arm-atollic-eabi/4.8.3/../../../../arm-atollic-eabi/lib/armv7e-m/fpu\libc.a(lib_a-mallocr.o)
 .debug_frame   0x00001e50       0x28 c:/program files (x86)/atollic/truestudio for arm 5.4.1/armtools/bin/../lib/gcc/arm-atollic-eabi/4.8.3/../../../../arm-atollic-eabi/lib/armv7e-m/fpu\libc.a(lib_a-memchr-stub.o)
 .debug_frame   0x00001e78       0x28 c:/program files (x86)/atollic/truestudio for arm 5.4.1/armtools/bin/../lib/gcc/arm-atollic-eabi/4.8.3/../../../../arm-atollic-eabi/lib/armv7e-m/fpu\libc.a(lib_a-memcpy-stub.o)
 .debug_frame   0x00001ea0       0x30 c:/program files (x86)/atollic/truestudio for arm 5.4.1/armtools/bin/../lib/gcc/arm-atollic-eabi/4.8.3/../../../../arm-atollic-eabi/lib/armv7e-m/fpu\libc.a(lib_a-mlock.o)
 .debug_frame   0x00001ed0      0x230 c:/program files (x86)/atollic/truestudio for arm 5.4.1/armtools/bin/../lib/gcc/arm-atollic-eabi/4.8.3/../../../../arm-atollic-eabi/lib/armv7e-m/fpu\libc.a(lib_a-mprec.o)
 .debug_frame   0x00002100       0x28 c:/program files (x86)/atollic/truestudio for arm 5.4.1/armtools/bin/../lib/gcc/arm-atollic-eabi/4.8.3/../../../../arm-atollic-eabi/lib/armv7e-m/fpu\libc.a(lib_a-s_fpclassify.o)
 .debug_frame   0x00002128       0x2c c:/program files (x86)/atollic/truestudio for arm 5.4.1/armtools/bin/../lib/gcc/arm-atollic-eabi/4.8.3/../../../../arm-atollic-eabi/lib/armv7e-m/fpu\libc.a(lib_a-sbrkr.o)
 .debug_frame   0x00002154       0x68 c:/program files (x86)/atollic/truestudio for arm 5.4.1/armtools/bin/../lib/gcc/arm-atollic-eabi/4.8.3/../../../../arm-atollic-eabi/lib/armv7e-m/fpu\libc.a(lib_a-svfiprintf.o)
 .debug_frame   0x000021bc      0x14c c:/program files (x86)/atollic/truestudio for arm 5.4.1/armtools/bin/../lib/gcc/arm-atollic-eabi/4.8.3/../../../../arm-atollic-eabi/lib/armv7e-m/fpu\libc.a(lib_a-syscalls.o)
 .debug_frame   0x00002308       0x28 c:/program files (x86)/atollic/truestudio for arm 5.4.1/armtools/bin/../lib/gcc/arm-atollic-eabi/4.8.3/../../../../arm-atollic-eabi/lib/armv7e-m/fpu\libc.a(lib_a-callocr.o)
 .debug_frame   0x00002330       0x50 c:/program files (x86)/atollic/truestudio for arm 5.4.1/armtools/bin/../lib/gcc/arm-atollic-eabi/4.8.3/../../../../arm-atollic-eabi/lib/armv7e-m/fpu\libc.a(lib_a-freer.o)
 .debug_frame   0x00002380       0x2c c:/program files (x86)/atollic/truestudio for arm 5.4.1/armtools/bin/../lib/gcc/arm-atollic-eabi/4.8.3/../../../../arm-atollic-eabi/lib/armv7e-m/fpu\libc.a(lib_a-memmove.o)
 .debug_frame   0x000023ac       0x3c c:/program files (x86)/atollic/truestudio for arm 5.4.1/armtools/bin/../lib/gcc/arm-atollic-eabi/4.8.3/../../../../arm-atollic-eabi/lib/armv7e-m/fpu\libc.a(lib_a-reallocr.o)
 .debug_frame   0x000023e8       0x48 c:/program files (x86)/atollic/truestudio for arm 5.4.1/armtools/bin/../lib/gcc/arm-atollic-eabi/4.8.3/../../../../arm-atollic-eabi/lib/armv7e-m/fpu\libc.a(lib_a-reent.o)
 .debug_frame   0x00002430       0x50 c:/program files (x86)/atollic/truestudio for arm 5.4.1/armtools/bin/../lib/gcc/arm-atollic-eabi/4.8.3/armv7e-m/fpu\libgcc.a(bpabi.o)
 .debug_frame   0x00002480       0x34 c:/program files (x86)/atollic/truestudio for arm 5.4.1/armtools/bin/../lib/gcc/arm-atollic-eabi/4.8.3/armv7e-m/fpu\libgcc.a(_divdi3.o)
 .debug_frame   0x000024b4       0x34 c:/program files (x86)/atollic/truestudio for arm 5.4.1/armtools/bin/../lib/gcc/arm-atollic-eabi/4.8.3/armv7e-m/fpu\libgcc.a(_udivdi3.o)

Cross Reference Table

Symbol                                            File
ADC_IRQHandler                                    Application\TrueSTUDIO\startup_stm32f446xx.o
AHBPrescTable                                     Drivers\CMSIS\system_stm32f4xx.o
APBAHBPrescTable                                  Drivers\STM32F4xx_HAL_Driver\stm32f4xx_hal_rcc.o
BusFault_Handler                                  Application\TrueSTUDIO\startup_stm32f446xx.o
CAN1_RX0_IRQHandler                               Application\TrueSTUDIO\startup_stm32f446xx.o
CAN1_RX1_IRQHandler                               Application\TrueSTUDIO\startup_stm32f446xx.o
CAN1_SCE_IRQHandler                               Application\TrueSTUDIO\startup_stm32f446xx.o
CAN1_TX_IRQHandler                                Application\TrueSTUDIO\startup_stm32f446xx.o
CAN2_RX0_IRQHandler                               Application\TrueSTUDIO\startup_stm32f446xx.o
CAN2_RX1_IRQHandler                               Application\TrueSTUDIO\startup_stm32f446xx.o
CAN2_SCE_IRQHandler                               Application\TrueSTUDIO\startup_stm32f446xx.o
CAN2_TX_IRQHandler                                Application\TrueSTUDIO\startup_stm32f446xx.o
CEC_IRQHandler                                    Application\TrueSTUDIO\startup_stm32f446xx.o
DCMI_IRQHandler                                   Application\TrueSTUDIO\startup_stm32f446xx.o
DMA1_Stream0_IRQHandler                           Application\TrueSTUDIO\startup_stm32f446xx.o
DMA1_Stream1_IRQHandler                           Application\TrueSTUDIO\startup_stm32f446xx.o
DMA1_Stream2_IRQHandler                           Application\TrueSTUDIO\startup_stm32f446xx.o
DMA1_Stream3_IRQHandler                           Application\TrueSTUDIO\startup_stm32f446xx.o
DMA1_Stream4_IRQHandler                           Application\TrueSTUDIO\startup_stm32f446xx.o
DMA1_Stream5_IRQHandler                           Application\TrueSTUDIO\startup_stm32f446xx.o
DMA1_Stream6_IRQHandler                           Application\TrueSTUDIO\startup_stm32f446xx.o
DMA1_Stream7_IRQHandler                           Application\TrueSTUDIO\startup_stm32f446xx.o
DMA2_Stream0_IRQHandler                           Application\TrueSTUDIO\startup_stm32f446xx.o
DMA2_Stream1_IRQHandler                           Application\TrueSTUDIO\startup_stm32f446xx.o
DMA2_Stream2_IRQHandler                           Application\TrueSTUDIO\startup_stm32f446xx.o
DMA2_Stream3_IRQHandler                           Application\TrueSTUDIO\startup_stm32f446xx.o
DMA2_Stream4_IRQHandler                           Application\TrueSTUDIO\startup_stm32f446xx.o
DMA2_Stream5_IRQHandler                           Application\TrueSTUDIO\startup_stm32f446xx.o
DMA2_Stream6_IRQHandler                           Application\TrueSTUDIO\startup_stm32f446xx.o
DMA2_Stream7_IRQHandler                           Application\TrueSTUDIO\startup_stm32f446xx.o
DS18X20_conversion_in_progress                    Application\User\ds18x20.o
DS18X20_eeprom_to_scratchpad                      Application\User\ds18x20.o
DS18X20_find_sensor                               Application\User\ds18x20.o
                                                  Application\User\main.o
DS18X20_format_from_maxres                        Application\User\ds18x20.o
DS18X20_get_power_status                          Application\User\ds18x20.o
DS18X20_read_decicelsius                          Application\User\ds18x20.o
                                                  Application\User\main.o
DS18X20_read_decicelsius_single                   Application\User\ds18x20.o
DS18X20_read_maxres                               Application\User\ds18x20.o
DS18X20_read_maxres_single                        Application\User\ds18x20.o
DS18X20_read_scratchpad                           Application\User\ds18x20.o
DS18X20_scratchpad_to_eeprom                      Application\User\ds18x20.o
DS18X20_start_meas                                Application\User\ds18x20.o
                                                  Application\User\main.o
DS18X20_write_scratchpad                          Application\User\ds18x20.o
DebugMon_Handler                                  Application\TrueSTUDIO\startup_stm32f446xx.o
Default_Handler                                   Application\TrueSTUDIO\startup_stm32f446xx.o
EXTI0_IRQHandler                                  Application\TrueSTUDIO\startup_stm32f446xx.o
EXTI15_10_IRQHandler                              Application\TrueSTUDIO\startup_stm32f446xx.o
EXTI1_IRQHandler                                  Application\TrueSTUDIO\startup_stm32f446xx.o
EXTI2_IRQHandler                                  Application\TrueSTUDIO\startup_stm32f446xx.o
EXTI3_IRQHandler                                  Application\TrueSTUDIO\startup_stm32f446xx.o
EXTI4_IRQHandler                                  Application\TrueSTUDIO\startup_stm32f446xx.o
EXTI9_5_IRQHandler                                Application\TrueSTUDIO\startup_stm32f446xx.o
FLASH_Erase_Sector                                Drivers\STM32F4xx_HAL_Driver\stm32f4xx_hal_flash_ex.o
                                                  Drivers\STM32F4xx_HAL_Driver\stm32f4xx_hal_flash.o
FLASH_FlushCaches                                 Drivers\STM32F4xx_HAL_Driver\stm32f4xx_hal_flash_ex.o
                                                  Drivers\STM32F4xx_HAL_Driver\stm32f4xx_hal_flash.o
FLASH_IRQHandler                                  Application\TrueSTUDIO\startup_stm32f446xx.o
FLASH_WaitForLastOperation                        Drivers\STM32F4xx_HAL_Driver\stm32f4xx_hal_flash.o
                                                  Drivers\STM32F4xx_HAL_Driver\stm32f4xx_hal_flash_ex.o
FMC_IRQHandler                                    Application\TrueSTUDIO\startup_stm32f446xx.o
FMPI2C1_Error_IRQHandler                          Application\TrueSTUDIO\startup_stm32f446xx.o
FMPI2C1_Event_IRQHandler                          Application\TrueSTUDIO\startup_stm32f446xx.o
FPU_IRQHandler                                    Application\TrueSTUDIO\startup_stm32f446xx.o
HAL_DBGMCU_DisableDBGSleepMode                    Drivers\STM32F4xx_HAL_Driver\stm32f4xx_hal.o
HAL_DBGMCU_DisableDBGStandbyMode                  Drivers\STM32F4xx_HAL_Driver\stm32f4xx_hal.o
HAL_DBGMCU_DisableDBGStopMode                     Drivers\STM32F4xx_HAL_Driver\stm32f4xx_hal.o
HAL_DBGMCU_EnableDBGSleepMode                     Drivers\STM32F4xx_HAL_Driver\stm32f4xx_hal.o
HAL_DBGMCU_EnableDBGStandbyMode                   Drivers\STM32F4xx_HAL_Driver\stm32f4xx_hal.o
HAL_DBGMCU_EnableDBGStopMode                      Drivers\STM32F4xx_HAL_Driver\stm32f4xx_hal.o
HAL_DMAEx_ChangeMemory                            Drivers\STM32F4xx_HAL_Driver\stm32f4xx_hal_dma_ex.o
HAL_DMAEx_MultiBufferStart                        Drivers\STM32F4xx_HAL_Driver\stm32f4xx_hal_dma_ex.o
HAL_DMAEx_MultiBufferStart_IT                     Drivers\STM32F4xx_HAL_Driver\stm32f4xx_hal_dma_ex.o
HAL_DMA_Abort                                     Drivers\STM32F4xx_HAL_Driver\stm32f4xx_hal_dma.o
                                                  Drivers\STM32F4xx_HAL_Driver\stm32f4xx_hal_tim.o
                                                  Drivers\STM32F4xx_HAL_Driver\stm32f4xx_hal_uart.o
HAL_DMA_DeInit                                    Drivers\STM32F4xx_HAL_Driver\stm32f4xx_hal_dma.o
HAL_DMA_GetError                                  Drivers\STM32F4xx_HAL_Driver\stm32f4xx_hal_dma.o
HAL_DMA_GetState                                  Drivers\STM32F4xx_HAL_Driver\stm32f4xx_hal_dma.o
HAL_DMA_IRQHandler                                Drivers\STM32F4xx_HAL_Driver\stm32f4xx_hal_dma.o
HAL_DMA_Init                                      Drivers\STM32F4xx_HAL_Driver\stm32f4xx_hal_dma.o
HAL_DMA_PollForTransfer                           Drivers\STM32F4xx_HAL_Driver\stm32f4xx_hal_dma.o
HAL_DMA_Start                                     Drivers\STM32F4xx_HAL_Driver\stm32f4xx_hal_dma.o
HAL_DMA_Start_IT                                  Drivers\STM32F4xx_HAL_Driver\stm32f4xx_hal_dma.o
                                                  Drivers\STM32F4xx_HAL_Driver\stm32f4xx_hal_tim.o
                                                  Drivers\STM32F4xx_HAL_Driver\stm32f4xx_hal_tim_ex.o
                                                  Drivers\STM32F4xx_HAL_Driver\stm32f4xx_hal_uart.o
HAL_DeInit                                        Drivers\STM32F4xx_HAL_Driver\stm32f4xx_hal.o
HAL_Delay                                         Drivers\STM32F4xx_HAL_Driver\stm32f4xx_hal.o
                                                  Application\User\ds18x20.o
                                                  Application\User\main.o
                                                  Application\User\tm_stm32f4_hd44780.o
HAL_DisableCompensationCell                       Drivers\STM32F4xx_HAL_Driver\stm32f4xx_hal.o
HAL_EnableCompensationCell                        Drivers\STM32F4xx_HAL_Driver\stm32f4xx_hal.o
HAL_FLASHEx_AdvOBGetConfig                        Drivers\STM32F4xx_HAL_Driver\stm32f4xx_hal_flash_ex.o
HAL_FLASHEx_AdvOBProgram                          Drivers\STM32F4xx_HAL_Driver\stm32f4xx_hal_flash_ex.o
HAL_FLASHEx_DisableFlashSleepMode                 Drivers\STM32F4xx_HAL_Driver\stm32f4xx_hal_flash_ramfunc.o
HAL_FLASHEx_EnableFlashSleepMode                  Drivers\STM32F4xx_HAL_Driver\stm32f4xx_hal_flash_ramfunc.o
HAL_FLASHEx_Erase                                 Drivers\STM32F4xx_HAL_Driver\stm32f4xx_hal_flash_ex.o
HAL_FLASHEx_Erase_IT                              Drivers\STM32F4xx_HAL_Driver\stm32f4xx_hal_flash_ex.o
HAL_FLASHEx_OBGetConfig                           Drivers\STM32F4xx_HAL_Driver\stm32f4xx_hal_flash_ex.o
HAL_FLASHEx_OBProgram                             Drivers\STM32F4xx_HAL_Driver\stm32f4xx_hal_flash_ex.o
HAL_FLASHEx_OB_DeSelectPCROP                      Drivers\STM32F4xx_HAL_Driver\stm32f4xx_hal_flash_ex.o
HAL_FLASHEx_OB_SelectPCROP                        Drivers\STM32F4xx_HAL_Driver\stm32f4xx_hal_flash_ex.o
HAL_FLASHEx_StartFlashInterfaceClk                Drivers\STM32F4xx_HAL_Driver\stm32f4xx_hal_flash_ramfunc.o
HAL_FLASHEx_StopFlashInterfaceClk                 Drivers\STM32F4xx_HAL_Driver\stm32f4xx_hal_flash_ramfunc.o
HAL_FLASH_EndOfOperationCallback                  Drivers\STM32F4xx_HAL_Driver\stm32f4xx_hal_flash.o
HAL_FLASH_GetError                                Drivers\STM32F4xx_HAL_Driver\stm32f4xx_hal_flash.o
HAL_FLASH_IRQHandler                              Drivers\STM32F4xx_HAL_Driver\stm32f4xx_hal_flash.o
HAL_FLASH_Lock                                    Drivers\STM32F4xx_HAL_Driver\stm32f4xx_hal_flash.o
HAL_FLASH_OB_Launch                               Drivers\STM32F4xx_HAL_Driver\stm32f4xx_hal_flash.o
HAL_FLASH_OB_Lock                                 Drivers\STM32F4xx_HAL_Driver\stm32f4xx_hal_flash.o
HAL_FLASH_OB_Unlock                               Drivers\STM32F4xx_HAL_Driver\stm32f4xx_hal_flash.o
HAL_FLASH_OperationErrorCallback                  Drivers\STM32F4xx_HAL_Driver\stm32f4xx_hal_flash.o
HAL_FLASH_Program                                 Drivers\STM32F4xx_HAL_Driver\stm32f4xx_hal_flash.o
HAL_FLASH_Program_IT                              Drivers\STM32F4xx_HAL_Driver\stm32f4xx_hal_flash.o
HAL_FLASH_Unlock                                  Drivers\STM32F4xx_HAL_Driver\stm32f4xx_hal_flash.o
HAL_GPIO_DeInit                                   Drivers\STM32F4xx_HAL_Driver\stm32f4xx_hal_gpio.o
                                                  Application\User\stm32f4xx_hal_msp.o
HAL_GPIO_EXTI_Callback                            Drivers\STM32F4xx_HAL_Driver\stm32f4xx_hal_gpio.o
HAL_GPIO_EXTI_IRQHandler                          Drivers\STM32F4xx_HAL_Driver\stm32f4xx_hal_gpio.o
HAL_GPIO_Init                                     Drivers\STM32F4xx_HAL_Driver\stm32f4xx_hal_gpio.o
                                                  Application\User\main.o
                                                  Application\User\stm32f4xx_hal_msp.o
                                                  Application\User\tm_stm32f4_hd44780.o
                                                  Drivers\STM32F4xx_HAL_Driver\stm32f4xx_hal_rcc.o
HAL_GPIO_LockPin                                  Drivers\STM32F4xx_HAL_Driver\stm32f4xx_hal_gpio.o
HAL_GPIO_ReadPin                                  Drivers\STM32F4xx_HAL_Driver\stm32f4xx_hal_gpio.o
HAL_GPIO_TogglePin                                Drivers\STM32F4xx_HAL_Driver\stm32f4xx_hal_gpio.o
                                                  Application\User\stm32f4xx_it.o
HAL_GPIO_WritePin                                 Drivers\STM32F4xx_HAL_Driver\stm32f4xx_hal_gpio.o
                                                  Application\User\main.o
                                                  Application\User\tm_stm32f4_hd44780.o
HAL_GetDEVID                                      Drivers\STM32F4xx_HAL_Driver\stm32f4xx_hal.o
HAL_GetHalVersion                                 Drivers\STM32F4xx_HAL_Driver\stm32f4xx_hal.o
HAL_GetREVID                                      Drivers\STM32F4xx_HAL_Driver\stm32f4xx_hal.o
HAL_GetTick                                       Drivers\STM32F4xx_HAL_Driver\stm32f4xx_hal.o
                                                  Drivers\STM32F4xx_HAL_Driver\stm32f4xx_hal_dma.o
                                                  Drivers\STM32F4xx_HAL_Driver\stm32f4xx_hal_flash.o
                                                  Drivers\STM32F4xx_HAL_Driver\stm32f4xx_hal_pwr_ex.o
                                                  Drivers\STM32F4xx_HAL_Driver\stm32f4xx_hal_rcc.o
                                                  Drivers\STM32F4xx_HAL_Driver\stm32f4xx_hal_rcc_ex.o
                                                  Drivers\STM32F4xx_HAL_Driver\stm32f4xx_hal_uart.o
HAL_HalfDuplex_EnableReceiver                     Drivers\STM32F4xx_HAL_Driver\stm32f4xx_hal_uart.o
HAL_HalfDuplex_EnableTransmitter                  Drivers\STM32F4xx_HAL_Driver\stm32f4xx_hal_uart.o
HAL_HalfDuplex_Init                               Drivers\STM32F4xx_HAL_Driver\stm32f4xx_hal_uart.o
HAL_IncTick                                       Drivers\STM32F4xx_HAL_Driver\stm32f4xx_hal.o
                                                  Application\User\stm32f4xx_it.o
HAL_Init                                          Drivers\STM32F4xx_HAL_Driver\stm32f4xx_hal.o
                                                  Application\User\main.o
HAL_InitTick                                      Drivers\STM32F4xx_HAL_Driver\stm32f4xx_hal.o
                                                  Drivers\STM32F4xx_HAL_Driver\stm32f4xx_hal_rcc.o
HAL_LIN_Init                                      Drivers\STM32F4xx_HAL_Driver\stm32f4xx_hal_uart.o
HAL_LIN_SendBreak                                 Drivers\STM32F4xx_HAL_Driver\stm32f4xx_hal_uart.o
HAL_MPU_ConfigRegion                              Drivers\STM32F4xx_HAL_Driver\stm32f4xx_hal_cortex.o
HAL_MspDeInit                                     Drivers\STM32F4xx_HAL_Driver\stm32f4xx_hal.o
HAL_MspInit                                       Application\User\stm32f4xx_hal_msp.o
                                                  Drivers\STM32F4xx_HAL_Driver\stm32f4xx_hal.o
HAL_MultiProcessor_EnterMuteMode                  Drivers\STM32F4xx_HAL_Driver\stm32f4xx_hal_uart.o
HAL_MultiProcessor_ExitMuteMode                   Drivers\STM32F4xx_HAL_Driver\stm32f4xx_hal_uart.o
HAL_MultiProcessor_Init                           Drivers\STM32F4xx_HAL_Driver\stm32f4xx_hal_uart.o
HAL_NVIC_ClearPendingIRQ                          Drivers\STM32F4xx_HAL_Driver\stm32f4xx_hal_cortex.o
HAL_NVIC_DisableIRQ                               Drivers\STM32F4xx_HAL_Driver\stm32f4xx_hal_cortex.o
                                                  Application\User\stm32f4xx_hal_msp.o
HAL_NVIC_EnableIRQ                                Drivers\STM32F4xx_HAL_Driver\stm32f4xx_hal_cortex.o
                                                  Application\User\stm32f4xx_hal_msp.o
HAL_NVIC_GetActive                                Drivers\STM32F4xx_HAL_Driver\stm32f4xx_hal_cortex.o
HAL_NVIC_GetPendingIRQ                            Drivers\STM32F4xx_HAL_Driver\stm32f4xx_hal_cortex.o
HAL_NVIC_GetPriority                              Drivers\STM32F4xx_HAL_Driver\stm32f4xx_hal_cortex.o
HAL_NVIC_GetPriorityGrouping                      Drivers\STM32F4xx_HAL_Driver\stm32f4xx_hal_cortex.o
HAL_NVIC_SetPendingIRQ                            Drivers\STM32F4xx_HAL_Driver\stm32f4xx_hal_cortex.o