tm_stm32_dma2d_graphic.c:31:13:DMA2D_Convert565ToARGB8888	0	static
tm_stm32_dma2d_graphic.c:72:6:TM_DMA2DGRAPHIC_Init	16	static
tm_stm32_dma2d_graphic.c:96:6:TM_DMA2DGRAPHIC_SetLayer	0	static
tm_stm32_dma2d_graphic.c:102:6:TM_DMA2DGRAPHIC_DrawPixel	24	static
tm_stm32_dma2d_graphic.c:114:10:TM_DMA2DGRAPHIC_GetPixel	20	static
tm_stm32_dma2d_graphic.c:127:6:TM_DMA2DGRAPHIC_SetOrientation	0	static
tm_stm32_dma2d_graphic.c:148:6:TM_DMA2DGRAPHIC_Fill	24	static
tm_stm32_dma2d_graphic.c:606:6:TM_DMA2DGRAPHIC_CopyBufferIT	20	static
tm_stm32_dma2d_graphic.c:597:6:TM_DMA2DGRAPHIC_CopyBuffer	16	static
tm_stm32_dma2d_graphic.c:633:6:TM_INT_DMA2DGRAPHIC_SetConf	0	static
tm_stm32_dma2d_graphic.c:649:6:TM_INT_DMA2DGRAPHIC_InitAndTransfer	24	static
tm_stm32_dma2d_graphic.c:671:6:TM_INT_DMA2DGRAPHIC_SetMemory	12	static
tm_stm32_dma2d_graphic.c:167:6:TM_DMA2DGRAPHIC_DrawFilledRectangle	24	static
tm_stm32_dma2d_graphic.c:303:6:TM_DMA2DGRAPHIC_DrawVerticalLine	24	static
tm_stm32_dma2d_graphic.c:468:6:TM_DMA2DGRAPHIC_DrawCircle	64	static
tm_stm32_dma2d_graphic.c:352:6:TM_DMA2DGRAPHIC_DrawHorizontalLine	24	static
tm_stm32_dma2d_graphic.c:212:6:TM_DMA2DGRAPHIC_DrawRectangle	32	static
tm_stm32_dma2d_graphic.c:402:6:TM_DMA2DGRAPHIC_DrawLine	48	static
tm_stm32_dma2d_graphic.c:457:6:TM_DMA2DGRAPHIC_DrawPolyLine	24	static
tm_stm32_dma2d_graphic.c:533:6:TM_DMA2DGRAPHIC_DrawTriangle	40	static
tm_stm32_dma2d_graphic.c:541:6:TM_DMA2DGRAPHIC_DrawFilledTriangle	64	static
tm_stm32_dma2d_graphic.c:502:6:TM_DMA2DGRAPHIC_DrawFilledCircle	64	static
tm_stm32_dma2d_graphic.c:679:6:TM_INT_DMA2DGRAPHIC_DrawCircleCorner	56	static
tm_stm32_dma2d_graphic.c:222:6:TM_DMA2DGRAPHIC_DrawRoundedRectangle	56	static
tm_stm32_dma2d_graphic.c:718:6:TM_INT_DMA2DGRAPHIC_DrawFilledCircleCorner	64	static
tm_stm32_dma2d_graphic.c:265:6:TM_DMA2DGRAPHIC_DrawFilledRoundedRectangle	56	static
