tm_stm32_lcd.c:178:17:TM_LCD_Fill	8	static
tm_stm32_lcd.c:186:17:TM_LCD_SetOrientation	8	static
tm_stm32_lcd.c:214:17:TM_LCD_DisplayOn	0	static
tm_stm32_lcd.c:232:17:TM_LCD_DisplayOff	0	static
tm_stm32_lcd.c:250:17:TM_LCD_SetXY	0	static
tm_stm32_lcd.c:265:10:TM_LCD_GetCurrentX	0	static
tm_stm32_lcd.c:270:10:TM_LCD_GetCurrentY	0	static
tm_stm32_lcd.c:275:17:TM_LCD_SetFont	0	static
tm_stm32_lcd.c:283:12:TM_LCD_GetFont	0	static
tm_stm32_lcd.c:288:17:TM_LCD_SetColors	0	static
tm_stm32_lcd.c:297:17:TM_LCD_Putc	32	static
tm_stm32_lcd.c:340:17:TM_LCD_DrawPixel	8	static
tm_stm32_lcd.c:348:10:TM_LCD_GetPixel	0	static
tm_stm32_lcd.c:353:17:TM_LCD_Puts	8	static
tm_stm32_lcd.c:370:17:TM_LCD_SetLayer1	8	static
tm_stm32_lcd.c:383:17:TM_LCD_SetLayer2	8	static
tm_stm32_lcd.c:395:17:TM_LCD_SetLayer1Opacity	8	static
tm_stm32_lcd.c:403:17:TM_LCD_SetLayer2Opacity	8	static
tm_stm32_lcd.c:111:17:TM_LCD_Init	216	static
tm_stm32_lcd.c:411:17:TM_LCD_ChangeLayers	8	static
tm_stm32_lcd.c:427:17:TM_LCD_Layer2To1	16	static
tm_stm32_lcd.c:442:17:TM_LCD_Layer1To2	16	static
tm_stm32_lcd.c:457:17:TM_LCD_DrawLine	16	static
tm_stm32_lcd.c:466:17:TM_LCD_DrawRectangle	16	static
tm_stm32_lcd.c:474:17:TM_LCD_DrawRoundedRectangle	32	static
tm_stm32_lcd.c:488:17:TM_LCD_DrawFilledRoundedRectangle	16	static
tm_stm32_lcd.c:496:17:TM_LCD_DrawFilledRectangle	16	static
tm_stm32_lcd.c:504:17:TM_LCD_DrawCircle	8	static
tm_stm32_lcd.c:512:17:TM_LCD_DrawFilledCircle	8	static
tm_stm32_lcd.c:521:10:TM_LCD_GetWidth	0	static
tm_stm32_lcd.c:525:10:TM_LCD_GetHeight	0	static
tm_stm32_lcd.c:529:10:TM_LCD_GetFrameBuffer	0	static
tm_stm32_lcd.c:533:9:TM_LCD_GetOrientation	0	static
