Archive member included to satisfy reference by file (symbol)

c:/program files (x86)/atollic/truestudio for arm 7.1.2/armtools/bin/../lib/gcc/arm-atollic-eabi/5.3.1/../../../../arm-atollic-eabi/lib/armv7e-m/fpu/fpv5-sp-d16\libc.a(lib_a-init.o)
                              startup\startup_stm32f746xx.o (__libc_init_array)
c:/program files (x86)/atollic/truestudio for arm 7.1.2/armtools/bin/../lib/gcc/arm-atollic-eabi/5.3.1/../../../../arm-atollic-eabi/lib/armv7e-m/fpu/fpv5-sp-d16\libc.a(lib_a-malloc.o)
                              Src\tm_stm32\tm_stm32_delay.o (malloc)
c:/program files (x86)/atollic/truestudio for arm 7.1.2/armtools/bin/../lib/gcc/arm-atollic-eabi/5.3.1/../../../../arm-atollic-eabi/lib/armv7e-m/fpu/fpv5-sp-d16\libc.a(lib_a-mallocr.o)
                              c:/program files (x86)/atollic/truestudio for arm 7.1.2/armtools/bin/../lib/gcc/arm-atollic-eabi/5.3.1/../../../../arm-atollic-eabi/lib/armv7e-m/fpu/fpv5-sp-d16\libc.a(lib_a-malloc.o) (_malloc_r)
c:/program files (x86)/atollic/truestudio for arm 7.1.2/armtools/bin/../lib/gcc/arm-atollic-eabi/5.3.1/../../../../arm-atollic-eabi/lib/armv7e-m/fpu/fpv5-sp-d16\libc.a(lib_a-memcpy-stub.o)
                              Middlewares\Third_Party\FreeRTOS\Source\queue.o (memcpy)
c:/program files (x86)/atollic/truestudio for arm 7.1.2/armtools/bin/../lib/gcc/arm-atollic-eabi/5.3.1/../../../../arm-atollic-eabi/lib/armv7e-m/fpu/fpv5-sp-d16\libc.a(lib_a-memset.o)
                              Src\MyGui.o (memset)
c:/program files (x86)/atollic/truestudio for arm 7.1.2/armtools/bin/../lib/gcc/arm-atollic-eabi/5.3.1/../../../../arm-atollic-eabi/lib/armv7e-m/fpu/fpv5-sp-d16\libc.a(lib_a-mlock.o)
                              c:/program files (x86)/atollic/truestudio for arm 7.1.2/armtools/bin/../lib/gcc/arm-atollic-eabi/5.3.1/../../../../arm-atollic-eabi/lib/armv7e-m/fpu/fpv5-sp-d16\libc.a(lib_a-mallocr.o) (__malloc_lock)
c:/program files (x86)/atollic/truestudio for arm 7.1.2/armtools/bin/../lib/gcc/arm-atollic-eabi/5.3.1/../../../../arm-atollic-eabi/lib/armv7e-m/fpu/fpv5-sp-d16\libc.a(lib_a-sbrkr.o)
                              c:/program files (x86)/atollic/truestudio for arm 7.1.2/armtools/bin/../lib/gcc/arm-atollic-eabi/5.3.1/../../../../arm-atollic-eabi/lib/armv7e-m/fpu/fpv5-sp-d16\libc.a(lib_a-mallocr.o) (_sbrk_r)
c:/program files (x86)/atollic/truestudio for arm 7.1.2/armtools/bin/../lib/gcc/arm-atollic-eabi/5.3.1/../../../../arm-atollic-eabi/lib/armv7e-m/fpu/fpv5-sp-d16\libc.a(lib_a-sprintf.o)
                              Src\MyGui.o (sprintf)
c:/program files (x86)/atollic/truestudio for arm 7.1.2/armtools/bin/../lib/gcc/arm-atollic-eabi/5.3.1/../../../../arm-atollic-eabi/lib/armv7e-m/fpu/fpv5-sp-d16\libc.a(lib_a-strcpy.o)
                              Src\MyGui.o (strcpy)
c:/program files (x86)/atollic/truestudio for arm 7.1.2/armtools/bin/../lib/gcc/arm-atollic-eabi/5.3.1/../../../../arm-atollic-eabi/lib/armv7e-m/fpu/fpv5-sp-d16\libc.a(lib_a-strlen.o)
                              Src\tm_stm32\tm_stm32_fonts.o (strlen)
c:/program files (x86)/atollic/truestudio for arm 7.1.2/armtools/bin/../lib/gcc/arm-atollic-eabi/5.3.1/../../../../arm-atollic-eabi/lib/armv7e-m/fpu/fpv5-sp-d16\libc.a(lib_a-svfprintf.o)
                              c:/program files (x86)/atollic/truestudio for arm 7.1.2/armtools/bin/../lib/gcc/arm-atollic-eabi/5.3.1/../../../../arm-atollic-eabi/lib/armv7e-m/fpu/fpv5-sp-d16\libc.a(lib_a-sprintf.o) (_svfprintf_r)
c:/program files (x86)/atollic/truestudio for arm 7.1.2/armtools/bin/../lib/gcc/arm-atollic-eabi/5.3.1/../../../../arm-atollic-eabi/lib/armv7e-m/fpu/fpv5-sp-d16\libc.a(lib_a-dtoa.o)
                              c:/program files (x86)/atollic/truestudio for arm 7.1.2/armtools/bin/../lib/gcc/arm-atollic-eabi/5.3.1/../../../../arm-atollic-eabi/lib/armv7e-m/fpu/fpv5-sp-d16\libc.a(lib_a-svfprintf.o) (_dtoa_r)
c:/program files (x86)/atollic/truestudio for arm 7.1.2/armtools/bin/../lib/gcc/arm-atollic-eabi/5.3.1/../../../../arm-atollic-eabi/lib/armv7e-m/fpu/fpv5-sp-d16\libc.a(lib_a-freer.o)
                              c:/program files (x86)/atollic/truestudio for arm 7.1.2/armtools/bin/../lib/gcc/arm-atollic-eabi/5.3.1/../../../../arm-atollic-eabi/lib/armv7e-m/fpu/fpv5-sp-d16\libc.a(lib_a-malloc.o) (_free_r)
c:/program files (x86)/atollic/truestudio for arm 7.1.2/armtools/bin/../lib/gcc/arm-atollic-eabi/5.3.1/../../../../arm-atollic-eabi/lib/armv7e-m/fpu/fpv5-sp-d16\libc.a(lib_a-impure.o)
                              c:/program files (x86)/atollic/truestudio for arm 7.1.2/armtools/bin/../lib/gcc/arm-atollic-eabi/5.3.1/../../../../arm-atollic-eabi/lib/armv7e-m/fpu/fpv5-sp-d16\libc.a(lib_a-malloc.o) (_impure_ptr)
c:/program files (x86)/atollic/truestudio for arm 7.1.2/armtools/bin/../lib/gcc/arm-atollic-eabi/5.3.1/../../../../arm-atollic-eabi/lib/armv7e-m/fpu/fpv5-sp-d16\libc.a(lib_a-locale.o)
[...]
Memory Configuration

Name             Origin             Length             Attributes
RAM              0x20000000         0x00050000         xrw
FLASH            0x08000000         0x00100000         xr
*default*        0x00000000         0xffffffff

Linker script and memory map

LOAD c:/program files (x86)/atollic/truestudio for arm 7.1.2/armtools/bin/../lib/gcc/arm-atollic-eabi/5.3.1/armv7e-m/fpu/fpv5-sp-d16/crti.o
LOAD c:/program files (x86)/atollic/truestudio for arm 7.1.2/armtools/bin/../lib/gcc/arm-atollic-eabi/5.3.1/armv7e-m/fpu/fpv5-sp-d16/crtbegin.o
LOAD Drivers\STM32F7xx_HAL_Driver\Src\stm32f7xx_hal.o
LOAD Drivers\STM32F7xx_HAL_Driver\Src\stm32f7xx_hal_cortex.o
LOAD Drivers\STM32F7xx_HAL_Driver\Src\stm32f7xx_hal_dma.o
LOAD Drivers\STM32F7xx_HAL_Driver\Src\stm32f7xx_hal_dma2d.o
LOAD Drivers\STM32F7xx_HAL_Driver\Src\stm32f7xx_hal_dma_ex.o
LOAD Drivers\STM32F7xx_HAL_Driver\Src\stm32f7xx_hal_dsi.o
LOAD Drivers\STM32F7xx_HAL_Driver\Src\stm32f7xx_hal_flash.o
LOAD Drivers\STM32F7xx_HAL_Driver\Src\stm32f7xx_hal_flash_ex.o
LOAD Drivers\STM32F7xx_HAL_Driver\Src\stm32f7xx_hal_gpio.o
LOAD Drivers\STM32F7xx_HAL_Driver\Src\stm32f7xx_hal_i2c.o
LOAD Drivers\STM32F7xx_HAL_Driver\Src\stm32f7xx_hal_i2c_ex.o
LOAD Drivers\STM32F7xx_HAL_Driver\Src\stm32f7xx_hal_ltdc.o
LOAD Drivers\STM32F7xx_HAL_Driver\Src\stm32f7xx_hal_ltdc_ex.o
LOAD Drivers\STM32F7xx_HAL_Driver\Src\stm32f7xx_hal_pwr.o
LOAD Drivers\STM32F7xx_HAL_Driver\Src\stm32f7xx_hal_pwr_ex.o
LOAD Drivers\STM32F7xx_HAL_Driver\Src\stm32f7xx_hal_rcc.o
LOAD Drivers\STM32F7xx_HAL_Driver\Src\stm32f7xx_hal_rcc_ex.o
LOAD Drivers\STM32F7xx_HAL_Driver\Src\stm32f7xx_hal_sdram.o
LOAD Drivers\STM32F7xx_HAL_Driver\Src\stm32f7xx_hal_tim.o
LOAD Drivers\STM32F7xx_HAL_Driver\Src\stm32f7xx_hal_tim_ex.o
LOAD Drivers\STM32F7xx_HAL_Driver\Src\stm32f7xx_ll_fmc.o
LOAD Middlewares\Third_Party\FreeRTOS\Source\CMSIS_RTOS\cmsis_os.o
LOAD Middlewares\Third_Party\FreeRTOS\Source\croutine.o
LOAD Middlewares\Third_Party\FreeRTOS\Source\event_groups.o
LOAD Middlewares\Third_Party\FreeRTOS\Source\list.o
LOAD Middlewares\Third_Party\FreeRTOS\Source\portable\GCC\ARM_CM7\r0p1\port.o
LOAD Middlewares\Third_Party\FreeRTOS\Source\portable\MemMang\heap_4.o
LOAD Middlewares\Third_Party\FreeRTOS\Source\queue.o
LOAD Middlewares\Third_Party\FreeRTOS\Source\tasks.o
LOAD Middlewares\Third_Party\FreeRTOS\Source\timers.o
LOAD Src\MyGui.o
LOAD Src\fr\fr_button.o
LOAD Src\fr\fr_display_led.o
LOAD Src\freertos.o
LOAD Src\main.o
LOAD Src\stm32f7xx_hal_msp.o
LOAD Src\stm32f7xx_hal_timebase_TIM.o
LOAD Src\stm32f7xx_it.o
LOAD Src\system_stm32f7xx.o
LOAD Src\tm_stm32\tm_stm32_delay.o
LOAD Src\tm_stm32\tm_stm32_disco.o
LOAD Src\tm_stm32\tm_stm32_dma2d_graphic.o
LOAD Src\tm_stm32\tm_stm32_fonts.o
LOAD Src\tm_stm32\tm_stm32_gpio.o
LOAD Src\tm_stm32\tm_stm32_i2c.o
LOAD Src\tm_stm32\tm_stm32_lcd.o
LOAD Src\tm_stm32\tm_stm32_rcc.o
LOAD Src\tm_stm32\tm_stm32_sdram.o
LOAD Src\tm_stm32\tm_stm32_touch.o
LOAD Src\tm_stm32\tm_stm32_touch_ft5336.o
LOAD startup\startup_stm32f746xx.o
START GROUP
LOAD c:/program files (x86)/atollic/truestudio for arm 7.1.2/armtools/bin/../lib/gcc/arm-atollic-eabi/5.3.1/../../../../arm-atollic-eabi/lib/armv7e-m/fpu/fpv5-sp-d16\libc.a
LOAD c:/program files (x86)/atollic/truestudio for arm 7.1.2/armtools/bin/../lib/gcc/arm-atollic-eabi/5.3.1/../../../../arm-atollic-eabi/lib/armv7e-m/fpu/fpv5-sp-d16\libm.a
END GROUP
                0x00000080                malloc_getpagesize_P = 0x80
START GROUP
LOAD c:/program files (x86)/atollic/truestudio for arm 7.1.2/armtools/bin/../lib/gcc/arm-atollic-eabi/5.3.1/armv7e-m/fpu/fpv5-sp-d16\libgcc.a
LOAD c:/program files (x86)/atollic/truestudio for arm 7.1.2/armtools/bin/../lib/gcc/arm-atollic-eabi/5.3.1/../../../../arm-atollic-eabi/lib/armv7e-m/fpu/fpv5-sp-d16\libc.a
END GROUP
START GROUP
LOAD c:/program files (x86)/atollic/truestudio for arm 7.1.2/armtools/bin/../lib/gcc/arm-atollic-eabi/5.3.1/armv7e-m/fpu/fpv5-sp-d16\libgcc.a
LOAD c:/program files (x86)/atollic/truestudio for arm 7.1.2/armtools/bin/../lib/gcc/arm-atollic-eabi/5.3.1/../../../../arm-atollic-eabi/lib/armv7e-m/fpu/fpv5-sp-d16\libc.a
LOAD c:/program files (x86)/atollic/truestudio for arm 7.1.2/armtools/bin/../lib/gcc/arm-atollic-eabi/5.3.1/../../../../arm-atollic-eabi/lib/armv7e-m/fpu/fpv5-sp-d16\libnosys.a
END GROUP
LOAD c:/program files (x86)/atollic/truestudio for arm 7.1.2/armtools/bin/../lib/gcc/arm-atollic-eabi/5.3.1/armv7e-m/fpu/fpv5-sp-d16/crtend.o
LOAD c:/program files (x86)/atollic/truestudio for arm 7.1.2/armtools/bin/../lib/gcc/arm-atollic-eabi/5.3.1/armv7e-m/fpu/fpv5-sp-d16/crtn.o
                0x20050000                _estack = 0x20050000
                0x00000200                _Min_Heap_Size = 0x200
                0x00000400                _Min_Stack_Size = 0x400

.isr_vector     0x08000000      0x1c8
                0x08000000                . = ALIGN (0x4)
 *(.isr_vector)
 .isr_vector    0x08000000      0x1c8 startup\startup_stm32f746xx.o
                0x08000000                g_pfnVectors
                0x080001c8                . = ALIGN (0x4)

.text           0x080001d0     0x9918
                0x080001d0                . = ALIGN (0x4)
 *(.text)
 .text          0x080001d0       0x40 c:/program files (x86)/atollic/truestudio for arm 7.1.2/armtools/bin/../lib/gcc/arm-atollic-eabi/5.3.1/armv7e-m/fpu/fpv5-sp-d16/crtbegin.o
 .text          0x08000210       0x10 c:/program files (x86)/atollic/truestudio for arm 7.1.2/armtools/bin/../lib/gcc/arm-atollic-eabi/5.3.1/../../../../arm-atollic-eabi/lib/armv7e-m/fpu/fpv5-sp-d16\libc.a(lib_a-strlen.o)
                0x08000210                strlen
 .text          0x08000220       0xa0 c:/program files (x86)/atollic/truestudio for arm 7.1.2/armtools/bin/../lib/gcc/arm-atollic-eabi/5.3.1/../../../../arm-atollic-eabi/lib/armv7e-m/fpu/fpv5-sp-d16\libc.a(lib_a-memchr.o)
                0x08000220                memchr
 .text          0x080002c0      0x370 c:/program files (x86)/atollic/truestudio for arm 7.1.2/armtools/bin/../lib/gcc/arm-atollic-eabi/5.3.1/armv7e-m/fpu/fpv5-sp-d16\libgcc.a(_arm_addsubdf3.o)
                0x080002c0                __aeabi_drsub
                0x080002c8                __aeabi_dsub
                0x080002c8                __subdf3
                0x080002cc                __aeabi_dadd
                0x080002cc                __adddf3
                0x08000544                __floatunsidf
                0x08000544                __aeabi_ui2d
                0x08000564                __floatsidf
                0x08000564                __aeabi_i2d
                0x08000588                __aeabi_f2d
                0x08000588                __extendsfdf2
                0x080005c4                __floatundidf
                0x080005c4                __aeabi_ul2d
                0x080005d4                __floatdidf
                0x080005d4                __aeabi_l2d
 .text          0x08000630      0x424 c:/program files (x86)/atollic/truestudio for arm 7.1.2/armtools/bin/../lib/gcc/arm-atollic-eabi/5.3.1/armv7e-m/fpu/fpv5-sp-d16\libgcc.a(_arm_muldivdf3.o)
                0x08000630                __aeabi_dmul
                0x08000630                __muldf3
                0x08000884                __divdf3
                0x08000884                __aeabi_ddiv
 .text          0x08000a54      0x110 c:/program files (x86)/atollic/truestudio for arm 7.1.2/armtools/bin/../lib/gcc/arm-atollic-eabi/5.3.1/armv7e-m/fpu/fpv5-sp-d16\libgcc.a(_arm_cmpdf2.o)
                0x08000a54                __gtdf2
                0x08000a54                __gedf2
                0x08000a5c                __ltdf2
                0x08000a5c                __ledf2
                0x08000a64                __nedf2
                0x08000a64                __eqdf2
                0x08000a64                __cmpdf2
                0x08000ae0                __aeabi_cdrcmple
                0x08000af0                __aeabi_cdcmpeq
                0x08000af0                __aeabi_cdcmple
                0x08000b00                __aeabi_dcmpeq
                0x08000b14                __aeabi_dcmplt
                0x08000b28                __aeabi_dcmple
                0x08000b3c                __aeabi_dcmpge
                0x08000b50                __aeabi_dcmpgt
 .text          0x08000b64       0x2c c:/program files (x86)/atollic/truestudio for arm 7.1.2/armtools/bin/../lib/gcc/arm-atollic-eabi/5.3.1/armv7e-m/fpu/fpv5-sp-d16\libgcc.a(_arm_unorddf2.o)
                0x08000b64                __unorddf2
                0x08000b64                __aeabi_dcmpun
 .text          0x08000b90       0x50 c:/program files (x86)/atollic/truestudio for arm 7.1.2/armtools/bin/../lib/gcc/arm-atollic-eabi/5.3.1/armv7e-m/fpu/fpv5-sp-d16\libgcc.a(_arm_fixdfsi.o)
                0x08000b90                __aeabi_d2iz
                0x08000b90                __fixdfsi
 .text          0x08000be0       0x30 c:/program files (x86)/atollic/truestudio for arm 7.1.2/armtools/bin/../lib/gcc/arm-atollic-eabi/5.3.1/armv7e-m/fpu/fpv5-sp-d16\libgcc.a(_aeabi_uldivmod.o)
                0x08000be0                __aeabi_uldivmod
 .text          0x08000c10      0x2e4 c:/program files (x86)/atollic/truestudio for arm 7.1.2/armtools/bin/../lib/gcc/arm-atollic-eabi/5.3.1/armv7e-m/fpu/fpv5-sp-d16\libgcc.a(_udivmoddi4.o)
                0x08000c10                __udivmoddi4
 .text          0x08000ef4        0x4 c:/program files (x86)/atollic/truestudio for arm 7.1.2/armtools/bin/../lib/gcc/arm-atollic-eabi/5.3.1/armv7e-m/fpu/fpv5-sp-d16\libgcc.a(_dvmd_tls.o)
                0x08000ef4                __aeabi_idiv0
                0x08000ef4                __aeabi_ldiv0
 *(.text*)
 .text.HAL_Init
                0x08000ef8       0x16 Drivers\STM32F7xx_HAL_Driver\Src\stm32f7xx_hal.o
                0x08000ef8                HAL_Init
 *fill*         0x08000f0e        0x2 
 .text.HAL_NVIC_SetPriorityGrouping
                0x08000f10       0x24 Drivers\STM32F7xx_HAL_Driver\Src\stm32f7xx_hal_cortex.o
                0x08000f10                HAL_NVIC_SetPriorityGrouping
 .text.HAL_NVIC_SetPriority
                0x08000f34       0x70 Drivers\STM32F7xx_HAL_Driver\Src\stm32f7xx_hal_cortex.o
                0x08000f34                HAL_NVIC_SetPriority
 .text.HAL_NVIC_EnableIRQ
                0x08000fa4       0x18 Drivers\STM32F7xx_HAL_Driver\Src\stm32f7xx_hal_cortex.o
                0x08000fa4                HAL_NVIC_EnableIRQ
 .text.HAL_SYSTICK_Config
                0x08000fbc       0x2c Drivers\STM32F7xx_HAL_Driver\Src\stm32f7xx_hal_cortex.o
                0x08000fbc                HAL_SYSTICK_Config
 .text.HAL_SYSTICK_CLKSourceConfig
                0x08000fe8       0x18 Drivers\STM32F7xx_HAL_Driver\Src\stm32f7xx_hal_cortex.o
                0x08000fe8                HAL_SYSTICK_CLKSourceConfig
 .text.DMA2D_SetConfig
                0x08001000       0xa0 Drivers\STM32F7xx_HAL_Driver\Src\stm32f7xx_hal_dma2d.o
 .text.HAL_DMA2D_Init
                0x080010a0       0x58 Drivers\STM32F7xx_HAL_Driver\Src\stm32f7xx_hal_dma2d.o
                0x080010a0                HAL_DMA2D_Init
 .text.HAL_DMA2D_Start
                0x080010f8       0x34 Drivers\STM32F7xx_HAL_Driver\Src\stm32f7xx_hal_dma2d.o
                0x080010f8                HAL_DMA2D_Start
 .text.HAL_DMA2D_PollForTransfer
                0x0800112c      0x10a Drivers\STM32F7xx_HAL_Driver\Src\stm32f7xx_hal_dma2d.o
                0x0800112c                HAL_DMA2D_PollForTransfer
 *fill*         0x08001236        0x2 
 .text.HAL_DMA2D_ConfigLayer
                0x08001238       0xb4 Drivers\STM32F7xx_HAL_Driver\Src\stm32f7xx_hal_dma2d.o
                0x08001238                HAL_DMA2D_ConfigLayer
 .text.HAL_GPIO_Init
                0x080012ec      0x1d8 Drivers\STM32F7xx_HAL_Driver\Src\stm32f7xx_hal_gpio.o
                0x080012ec                HAL_GPIO_Init
 .text.I2C_Flush_TXDR
                0x080014c4       0x1c Drivers\STM32F7xx_HAL_Driver\Src\stm32f7xx_hal_i2c.o
 .text.I2C_TransferConfig
                0x080014e0       0x24 Drivers\STM32F7xx_HAL_Driver\Src\stm32f7xx_hal_i2c.o
 .text.I2C_WaitOnFlagUntilTimeout
                0x08001504       0x4e Drivers\STM32F7xx_HAL_Driver\Src\stm32f7xx_hal_i2c.o
 *fill*         0x08001552        0x2 
 .text.I2C_IsAcknowledgeFailed
                0x08001554       0x74 Drivers\STM32F7xx_HAL_Driver\Src\stm32f7xx_hal_i2c.o
 .text.I2C_WaitOnTXISFlagUntilTimeout
                0x080015c8       0x52 Drivers\STM32F7xx_HAL_Driver\Src\stm32f7xx_hal_i2c.o
 *fill*         0x0800161a        0x2 
 .text.I2C_WaitOnRXNEFlagUntilTimeout
                0x0800161c       0x74 Drivers\STM32F7xx_HAL_Driver\Src\stm32f7xx_hal_i2c.o
 .text.I2C_WaitOnSTOPFlagUntilTimeout
                0x08001690       0x4e Drivers\STM32F7xx_HAL_Driver\Src\stm32f7xx_hal_i2c.o
 .text.HAL_I2C_MspInit
                0x080016de        0x2 Drivers\STM32F7xx_HAL_Driver\Src\stm32f7xx_hal_i2c.o
                0x080016de                HAL_I2C_MspInit
 .text.HAL_I2C_Init
                0x080016e0       0xa2 Drivers\STM32F7xx_HAL_Driver\Src\stm32f7xx_hal_i2c.o
                0x080016e0                HAL_I2C_Init
 *fill*         0x08001782        0x2 
 .text.HAL_I2C_Master_Transmit
                0x08001784      0x130 Drivers\STM32F7xx_HAL_Driver\Src\stm32f7xx_hal_i2c.o
                0x08001784                HAL_I2C_Master_Transmit
 .text.HAL_I2C_Master_Receive
                0x080018b4      0x130 Drivers\STM32F7xx_HAL_Driver\Src\stm32f7xx_hal_i2c.o
                0x080018b4                HAL_I2C_Master_Receive
 .text.HAL_I2C_IsDeviceReady
                0x080019e4      0x10e Drivers\STM32F7xx_HAL_Driver\Src\stm32f7xx_hal_i2c.o
                0x080019e4                HAL_I2C_IsDeviceReady
 .text.HAL_I2C_GetError
                0x08001af2        0x4 Drivers\STM32F7xx_HAL_Driver\Src\stm32f7xx_hal_i2c.o
                0x08001af2                HAL_I2C_GetError
 .text.HAL_I2CEx_ConfigAnalogFilter
                0x08001af6       0x4c Drivers\STM32F7xx_HAL_Driver\Src\stm32f7xx_hal_i2c_ex.o
                0x08001af6                HAL_I2CEx_ConfigAnalogFilter
 .text.LTDC_SetConfig
                0x08001b42      0x112 Drivers\STM32F7xx_HAL_Driver\Src\stm32f7xx_hal_ltdc.o
 .text.HAL_LTDC_Init
                0x08001c54       0xe8 Drivers\STM32F7xx_HAL_Driver\Src\stm32f7xx_hal_ltdc.o
                0x08001c54                HAL_LTDC_Init
 .text.HAL_LTDC_ConfigLayer
                0x08001d3c       0x52 Drivers\STM32F7xx_HAL_Driver\Src\stm32f7xx_hal_ltdc.o
                0x08001d3c                HAL_LTDC_ConfigLayer
 .text.HAL_LTDC_SetAlpha
                0x08001d8e       0x40 Drivers\STM32F7xx_HAL_Driver\Src\stm32f7xx_hal_ltdc.o
                0x08001d8e                HAL_LTDC_SetAlpha
 *fill*         0x08001dce        0x2 
 .text.HAL_RCC_OscConfig
                0x08001dd0      0x354 Drivers\STM32F7xx_HAL_Driver\Src\stm32f7xx_hal_rcc.o
                0x08001dd0                HAL_RCC_OscConfig
 .text.HAL_RCC_GetSysClockFreq
                0x08002124       0x7c Drivers\STM32F7xx_HAL_Driver\Src\stm32f7xx_hal_rcc.o
                0x08002124                HAL_RCC_GetSysClockFreq
 .text.HAL_RCC_ClockConfig
                0x080021a0      0x154 Drivers\STM32F7xx_HAL_Driver\Src\stm32f7xx_hal_rcc.o
                0x080021a0                HAL_RCC_ClockConfig
 .text.HAL_RCC_GetHCLKFreq
                0x080022f4        0xc Drivers\STM32F7xx_HAL_Driver\Src\stm32f7xx_hal_rcc.o
                0x080022f4                HAL_RCC_GetHCLKFreq
 .text.HAL_RCC_GetPCLK1Freq
                0x08002300       0x30 Drivers\STM32F7xx_HAL_Driver\Src\stm32f7xx_hal_rcc.o
                0x08002300                HAL_RCC_GetPCLK1Freq
 .text.HAL_RCC_GetClockConfig
                0x08002330       0x3c Drivers\STM32F7xx_HAL_Driver\Src\stm32f7xx_hal_rcc.o
                0x08002330                HAL_RCC_GetClockConfig
 .text.HAL_RCCEx_PeriphCLKConfig
                0x0800236c      0x74c Drivers\STM32F7xx_HAL_Driver\Src\stm32f7xx_hal_rcc_ex.o
                0x0800236c                HAL_RCCEx_PeriphCLKConfig
 .text.HAL_SDRAM_Init
                0x08002ab8       0x40 Drivers\STM32F7xx_HAL_Driver\Src\stm32f7xx_hal_sdram.o
                0x08002ab8                HAL_SDRAM_Init
 .text.HAL_SDRAM_SendCommand
                0x08002af8       0x2e Drivers\STM32F7xx_HAL_Driver\Src\stm32f7xx_hal_sdram.o
                0x08002af8                HAL_SDRAM_SendCommand
 .text.HAL_SDRAM_ProgramRefreshRate
                0x08002b26       0x24 Drivers\STM32F7xx_HAL_Driver\Src\stm32f7xx_hal_sdram.o
                0x08002b26                HAL_SDRAM_ProgramRefreshRate
 .text.HAL_TIM_Base_MspInit
                0x08002b4a        0x2 Drivers\STM32F7xx_HAL_Driver\Src\stm32f7xx_hal_tim.o
                0x08002b4a                HAL_TIM_Base_MspInit
 .text.HAL_TIM_Base_Start_IT
                0x08002b4c       0x16 Drivers\STM32F7xx_HAL_Driver\Src\stm32f7xx_hal_tim.o
                0x08002b4c                HAL_TIM_Base_Start_IT
 .text.HAL_TIM_OC_DelayElapsedCallback
                0x08002b62        0x2 Drivers\STM32F7xx_HAL_Driver\Src\stm32f7xx_hal_tim.o
                0x08002b62                HAL_TIM_OC_DelayElapsedCallback
 .text.HAL_TIM_IC_CaptureCallback
                0x08002b64        0x2 Drivers\STM32F7xx_HAL_Driver\Src\stm32f7xx_hal_tim.o
                0x08002b64                HAL_TIM_IC_CaptureCallback
 .text.HAL_TIM_PWM_PulseFinishedCallback
                0x08002b66        0x2 Drivers\STM32F7xx_HAL_Driver\Src\stm32f7xx_hal_tim.o
                0x08002b66                HAL_TIM_PWM_PulseFinishedCallback
 .text.HAL_TIM_TriggerCallback
                0x08002b68        0x2 Drivers\STM32F7xx_HAL_Driver\Src\stm32f7xx_hal_tim.o
                0x08002b68                HAL_TIM_TriggerCallback
 .text.HAL_TIM_IRQHandler
                0x08002b6a      0x15e Drivers\STM32F7xx_HAL_Driver\Src\stm32f7xx_hal_tim.o
                0x08002b6a                HAL_TIM_IRQHandler
 .text.TIM_Base_SetConfig
                0x08002cc8       0xd0 Drivers\STM32F7xx_HAL_Driver\Src\stm32f7xx_hal_tim.o
                0x08002cc8                TIM_Base_SetConfig
 .text.HAL_TIM_Base_Init
                0x08002d98       0x34 Drivers\STM32F7xx_HAL_Driver\Src\stm32f7xx_hal_tim.o
                0x08002d98                HAL_TIM_Base_Init
 .text.HAL_TIMEx_CommutationCallback
                0x08002dcc        0x2 Drivers\STM32F7xx_HAL_Driver\Src\stm32f7xx_hal_tim_ex.o
                0x08002dcc                HAL_TIMEx_CommutationCallback
 .text.HAL_TIMEx_BreakCallback
                0x08002dce        0x2 Drivers\STM32F7xx_HAL_Driver\Src\stm32f7xx_hal_tim_ex.o
                0x08002dce                HAL_TIMEx_BreakCallback
 .text.FMC_SDRAM_Init
                0x08002dd0       0x82 Drivers\STM32F7xx_HAL_Driver\Src\stm32f7xx_ll_fmc.o
                0x08002dd0                FMC_SDRAM_Init
 .text.FMC_SDRAM_Timing_Init
                0x08002e52       0x98 Drivers\STM32F7xx_HAL_Driver\Src\stm32f7xx_ll_fmc.o
                0x08002e52                FMC_SDRAM_Timing_Init
 .text.FMC_SDRAM_SendCommand
                0x08002eea       0x4c Drivers\STM32F7xx_HAL_Driver\Src\stm32f7xx_ll_fmc.o
                0x08002eea                FMC_SDRAM_SendCommand
 .text.FMC_SDRAM_ProgramRefreshRate
                0x08002f36        0xc Drivers\STM32F7xx_HAL_Driver\Src\stm32f7xx_ll_fmc.o
                0x08002f36                FMC_SDRAM_ProgramRefreshRate
 .text.osKernelStart
                0x08002f42        0xa Middlewares\Third_Party\FreeRTOS\Source\CMSIS_RTOS\cmsis_os.o
                0x08002f42                osKernelStart
 .text.osThreadCreate
                0x08002f4c       0x30 Middlewares\Third_Party\FreeRTOS\Source\CMSIS_RTOS\cmsis_os.o
                0x08002f4c                osThreadCreate
 .text.osDelay  0x08002f7c       0x10 Middlewares\Third_Party\FreeRTOS\Source\CMSIS_RTOS\cmsis_os.o
                0x08002f7c                osDelay
 .text.osSystickHandler
                0x08002f8c       0x14 Middlewares\Third_Party\FreeRTOS\Source\CMSIS_RTOS\cmsis_os.o
                0x08002f8c                osSystickHandler
 .text.vListInitialise
                0x08002fa0       0x16 Middlewares\Third_Party\FreeRTOS\Source\list.o
                0x08002fa0                vListInitialise
 .text.vListInitialiseItem
                0x08002fb6        0x6 Middlewares\Third_Party\FreeRTOS\Source\list.o
                0x08002fb6                vListInitialiseItem
 .text.vListInsertEnd
                0x08002fbc       0x18 Middlewares\Third_Party\FreeRTOS\Source\list.o
                0x08002fbc                vListInsertEnd
 .text.vListInsert
                0x08002fd4       0x30 Middlewares\Third_Party\FreeRTOS\Source\list.o
                0x08002fd4                vListInsert
 .text.uxListRemove
                0x08003004       0x20 Middlewares\Third_Party\FreeRTOS\Source\list.o
                0x08003004                uxListRemove
 .text.prvTaskExitError
                0x08003024       0x38 Middlewares\Third_Party\FreeRTOS\Source\portable\GCC\ARM_CM7\r0p1\port.o
 .text.prvPortStartFirstTask
                0x0800305c       0x20 Middlewares\Third_Party\FreeRTOS\Source\portable\GCC\ARM_CM7\r0p1\port.o
 .text.vPortEnableVFP
                0x0800307c       0x14 Middlewares\Third_Party\FreeRTOS\Source\portable\GCC\ARM_CM7\r0p1\port.o
 .text.pxPortInitialiseStack
                0x08003090       0x24 Middlewares\Third_Party\FreeRTOS\Source\portable\GCC\ARM_CM7\r0p1\port.o
                0x08003090                pxPortInitialiseStack
 *fill*         0x080030b4        0xc 
 .text.SVC_Handler
                0x080030c0       0x24 Middlewares\Third_Party\FreeRTOS\Source\portable\GCC\ARM_CM7\r0p1\port.o
                0x080030c0                SVC_Handler
 .text.vPortEnterCritical
                0x080030e4       0x4c Middlewares\Third_Party\FreeRTOS\Source\portable\GCC\ARM_CM7\r0p1\port.o
                0x080030e4                vPortEnterCritical
 .text.vPortExitCritical
                0x08003130       0x2c Middlewares\Third_Party\FreeRTOS\Source\portable\GCC\ARM_CM7\r0p1\port.o
                0x08003130                vPortExitCritical
 *fill*         0x0800315c        0x4 
 .text.PendSV_Handler
                0x08003160       0x64 Middlewares\Third_Party\FreeRTOS\Source\portable\GCC\ARM_CM7\r0p1\port.o
                0x08003160                PendSV_Handler
 .text.xPortSysTickHandler
                0x080031c4       0x30 Middlewares\Third_Party\FreeRTOS\Source\portable\GCC\ARM_CM7\r0p1\port.o
                0x080031c4                xPortSysTickHandler
 .text.vPortSetupTimerInterrupt
                0x080031f4       0x28 Middlewares\Third_Party\FreeRTOS\Source\portable\GCC\ARM_CM7\r0p1\port.o
                0x080031f4                vPortSetupTimerInterrupt
 .text.xPortStartScheduler
                0x0800321c       0xa8 Middlewares\Third_Party\FreeRTOS\Source\portable\GCC\ARM_CM7\r0p1\port.o
                0x0800321c                xPortStartScheduler
 .text.unlikely.prvInsertBlockIntoFreeList
                0x080032c4       0x48 Middlewares\Third_Party\FreeRTOS\Source\portable\MemMang\heap_4.o
 .text.pvPortMalloc
                0x0800330c      0x12c Middlewares\Third_Party\FreeRTOS\Source\portable\MemMang\heap_4.o
                0x0800330c                pvPortMalloc
 .text.vPortFree
                0x08003438       0x78 Middlewares\Third_Party\FreeRTOS\Source\portable\MemMang\heap_4.o
                0x08003438                vPortFree
 .text.unlikely.prvCopyDataToQueue
                0x080034b0       0x70 Middlewares\Third_Party\FreeRTOS\Source\queue.o
 .text.unlikely.prvCopyDataFromQueue
                0x08003520       0x2a Middlewares\Third_Party\FreeRTOS\Source\queue.o
 .text.prvUnlockQueue
                0x0800354a       0x6c Middlewares\Third_Party\FreeRTOS\Source\queue.o
 *fill*         0x080035b6        0x2 
 .text.xQueueGenericReset
                0x080035b8       0x84 Middlewares\Third_Party\FreeRTOS\Source\queue.o
                0x080035b8                xQueueGenericReset
 .text.xQueueGenericCreate
                0x0800363c       0x46 Middlewares\Third_Party\FreeRTOS\Source\queue.o
                0x0800363c                xQueueGenericCreate
 *fill*         0x08003682        0x2 
 .text.xQueueGenericSend
                0x08003684      0x174 Middlewares\Third_Party\FreeRTOS\Source\queue.o
                0x08003684                xQueueGenericSend
 .text.xQueueGenericReceive
                0x080037f8      0x184 Middlewares\Third_Party\FreeRTOS\Source\queue.o
                0x080037f8                xQueueGenericReceive
 .text.prvResetNextTaskUnblockTime
                0x0800397c       0x24 Middlewares\Third_Party\FreeRTOS\Source\tasks.o
 .text.prvAddCurrentTaskToDelayedList
                0x080039a0       0x90 Middlewares\Third_Party\FreeRTOS\Source\tasks.o
 .text.vTaskSetTimeOutState.part.5
                0x08003a30       0x16 Middlewares\Third_Party\FreeRTOS\Source\tasks.o
 *fill*         0x08003a46        0x2 
 .text.xTaskCreate
                0x08003a48      0x19c Middlewares\Third_Party\FreeRTOS\Source\tasks.o
                0x08003a48                xTaskCreate
 .text.vTaskStartScheduler
                0x08003be4       0x80 Middlewares\Third_Party\FreeRTOS\Source\tasks.o
                0x08003be4                vTaskStartScheduler
 .text.vTaskSuspendAll
                0x08003c64       0x10 Middlewares\Third_Party\FreeRTOS\Source\tasks.o
                0x08003c64                vTaskSuspendAll
 .text.xTaskGetTickCount
                0x08003c74        0xc Middlewares\Third_Party\FreeRTOS\Source\tasks.o
                0x08003c74                xTaskGetTickCount
 .text.xTaskIncrementTick
                0x08003c80      0x134 Middlewares\Third_Party\FreeRTOS\Source\tasks.o
                0x08003c80                xTaskIncrementTick
 .text.xTaskResumeAll
                0x08003db4       0xf4 Middlewares\Third_Party\FreeRTOS\Source\tasks.o
                0x08003db4                xTaskResumeAll
 .text.vTaskDelayUntil
                0x08003ea8       0xa8 Middlewares\Third_Party\FreeRTOS\Source\tasks.o
                0x08003ea8                vTaskDelayUntil
 .text.vTaskDelay
                0x08003f50       0x4c Middlewares\Third_Party\FreeRTOS\Source\tasks.o
                0x08003f50                vTaskDelay
 .text.prvIdleTask
                0x08003f9c       0x78 Middlewares\Third_Party\FreeRTOS\Source\tasks.o
 .text.vTaskSwitchContext
                0x08004014       0x78 Middlewares\Third_Party\FreeRTOS\Source\tasks.o
                0x08004014                vTaskSwitchContext
 .text.vTaskPlaceOnEventList
                0x0800408c       0x38 Middlewares\Third_Party\FreeRTOS\Source\tasks.o
                0x0800408c                vTaskPlaceOnEventList
 .text.xTaskRemoveFromEventList
                0x080040c4       0x88 Middlewares\Third_Party\FreeRTOS\Source\tasks.o
                0x080040c4                xTaskRemoveFromEventList
 .text.vTaskSetTimeOutState
                0x0800414c       0x20 Middlewares\Third_Party\FreeRTOS\Source\tasks.o
                0x0800414c                vTaskSetTimeOutState
 .text.xTaskCheckForTimeOut
                0x0800416c       0x7c Middlewares\Third_Party\FreeRTOS\Source\tasks.o
                0x0800416c                xTaskCheckForTimeOut
 .text.vTaskMissedYield
                0x080041e8        0xc Middlewares\Third_Party\FreeRTOS\Source\tasks.o
                0x080041e8                vTaskMissedYield
 .text.xTaskGetSchedulerState
                0x080041f4       0x20 Middlewares\Third_Party\FreeRTOS\Source\tasks.o
                0x080041f4                xTaskGetSchedulerState
 .text.vTaskPriorityInherit
                0x08004214       0x8c Middlewares\Third_Party\FreeRTOS\Source\tasks.o
                0x08004214                vTaskPriorityInherit
 .text.xTaskPriorityDisinherit
                0x080042a0       0xa8 Middlewares\Third_Party\FreeRTOS\Source\tasks.o
                0x080042a0                xTaskPriorityDisinherit
 .text.pvTaskIncrementMutexHeldCount
                0x08004348       0x18 Middlewares\Third_Party\FreeRTOS\Source\tasks.o
                0x08004348                pvTaskIncrementMutexHeldCount
 .text.Menu1Touch
                0x08004360        0xc Src\MyGui.o
                0x08004360                Menu1Touch
 .text.Menu2Touch
                0x0800436c        0xc Src\MyGui.o
                0x0800436c                Menu2Touch
 .text.Menu5Touch
                0x08004378        0xc Src\MyGui.o
                0x08004378                Menu5Touch
 .text.bt_pwm_plus_touch
                0x08004384       0x14 Src\MyGui.o
                0x08004384                bt_pwm_plus_touch
 .text.bt_pwm_minus_touch
                0x08004398       0x10 Src\MyGui.o
                0x08004398                bt_pwm_minus_touch
 .text.bt_pwm_set_100_touch
                0x080043a8        0xc Src\MyGui.o
                0x080043a8                bt_pwm_set_100_touch
 .text.bt_pwm_set_75_touch
                0x080043b4        0xc Src\MyGui.o
                0x080043b4                bt_pwm_set_75_touch
 .text.bt_pwm_set_50_touch
                0x080043c0        0xc Src\MyGui.o
                0x080043c0                bt_pwm_set_50_touch
 .text.bt_pwm_set_25_touch
                0x080043cc        0xc Src\MyGui.o
                0x080043cc                bt_pwm_set_25_touch
 .text.bt_pwm_set_0_touch
                0x080043d8        0xc Src\MyGui.o
                0x080043d8                bt_pwm_set_0_touch
 .text.bt_setting_save_touch
                0x080043e4        0x2 Src\MyGui.o
                0x080043e4                bt_setting_save_touch
 *fill*         0x080043e6        0x2 
 .text.bt_pwm_on_touch
                0x080043e8       0x2c Src\MyGui.o
                0x080043e8                bt_pwm_on_touch
 .text.InitGui  0x08004414      0x314 Src\MyGui.o
                0x08004414                InitGui
 .text.Draw_menu
                0x08004728       0x24 Src\MyGui.o
                0x08004728                Draw_menu
 .text.DrawPage2
                0x0800474c      0x108 Src\MyGui.o
                0x0800474c                DrawPage2
 .text.DrawPage3
                0x08004854       0x24 Src\MyGui.o
                0x08004854                DrawPage3
 .text.DrawPage4
                0x08004878       0x24 Src\MyGui.o
                0x08004878                DrawPage4
 .text.DrawPage5
                0x0800489c       0x2c Src\MyGui.o
                0x0800489c                DrawPage5
 .text.updateUI
                0x080048c8       0xdc Src\MyGui.o
                0x080048c8                updateUI
 .text.GuiLoop  0x080049a4       0x5c Src\MyGui.o
                0x080049a4                GuiLoop
 .text.GUI_BUTTON_INIT
                0x08004a00       0x32 Src\fr\fr_button.o
                0x08004a00                GUI_BUTTON_INIT
 *fill*         0x08004a32        0x2 
 .text.Draw_button
                0x08004a34       0xb0 Src\fr\fr_button.o
                0x08004a34                Draw_button
 .text.Draw_button_struct
                0x08004ae4       0xa2 Src\fr\fr_button.o
                0x08004ae4                Draw_button_struct
 .text.Draw_led_struct
                0x08004b86       0x38 Src\fr\fr_display_led.o
                0x08004b86                Draw_led_struct
 .text.GUI_LED_INIT
                0x08004bbe        0xe Src\fr\fr_display_led.o
                0x08004bbe                GUI_LED_INIT
 .text.StartGuiTask
                0x08004bcc       0x3c Src\main.o
                0x08004bcc                StartGuiTask
 .text.StartControlTask
                0x08004c08       0xb8 Src\main.o
                0x08004c08                StartControlTask
 .text.StartDefaultTask
                0x08004cc0        0xa Src\main.o
                0x08004cc0                StartDefaultTask
 *fill*         0x08004cca        0x2 
 .text.SystemClock_Config
                0x08004ccc       0xc4 Src\main.o
                0x08004ccc                SystemClock_Config
 .text.startup.main
                0x08004d90       0x80 Src\main.o
                0x08004d90                main
 .text.HAL_TIM_PeriodElapsedCallback
                0x08004e10       0x14 Src\main.o
                0x08004e10                HAL_TIM_PeriodElapsedCallback
 .text.HAL_MspInit
                0x08004e24       0x60 Src\stm32f7xx_hal_msp.o
                0x08004e24                HAL_MspInit
 .text.HAL_DMA2D_MspInit
                0x08004e84       0x28 Src\stm32f7xx_hal_msp.o
                0x08004e84                HAL_DMA2D_MspInit
 .text.HAL_LTDC_MspInit
                0x08004eac       0xb0 Src\stm32f7xx_hal_msp.o
                0x08004eac                HAL_LTDC_MspInit
 .text.HAL_SDRAM_MspInit
                0x08004f5c       0xd0 Src\stm32f7xx_hal_msp.o
                0x08004f5c                HAL_SDRAM_MspInit
 .text.HAL_InitTick
                0x0800502c       0x78 Src\stm32f7xx_hal_timebase_TIM.o
                0x0800502c                HAL_InitTick
 .text.SysTick_Handler
                0x080050a4        0x4 Src\stm32f7xx_it.o
                0x080050a4                SysTick_Handler
 .text.TIM8_TRG_COM_TIM14_IRQHandler
                0x080050a8        0xc Src\stm32f7xx_it.o
                0x080050a8                TIM8_TRG_COM_TIM14_IRQHandler
 .text.SystemInit
                0x080050b4       0x4c Src\system_stm32f7xx.o
                0x080050b4                SystemInit
 .text.TM_DELAY_1msHandler
                0x08005100        0x2 Src\tm_stm32\tm_stm32_delay.o
                0x08005100                TM_DELAY_1msHandler
 *fill*         0x08005102        0x2 
 .text.HAL_IncTick
                0x08005104       0x70 Src\tm_stm32\tm_stm32_delay.o
                0x08005104                HAL_IncTick
 .text.HAL_GetTick
                0x08005174        0xc Src\tm_stm32\tm_stm32_delay.o
                0x08005174                HAL_GetTick
 .text.DMA2D_Convert565ToARGB8888
                0x08005180       0x20 Src\tm_stm32\tm_stm32_dma2d_graphic.o
 .text.TM_DMA2DGRAPHIC_Init
                0x080051a0       0x64 Src\tm_stm32\tm_stm32_dma2d_graphic.o
                0x080051a0                TM_DMA2DGRAPHIC_Init
 .text.TM_DMA2DGRAPHIC_SetLayer
                0x08005204       0x10 Src\tm_stm32\tm_stm32_dma2d_graphic.o
                0x08005204                TM_DMA2DGRAPHIC_SetLayer
 .text.TM_DMA2DGRAPHIC_DrawPixel
                0x08005214       0xb8 Src\tm_stm32\tm_stm32_dma2d_graphic.o
                0x08005214                TM_DMA2DGRAPHIC_DrawPixel
 .text.TM_DMA2DGRAPHIC_SetOrientation
                0x080052cc       0x28 Src\tm_stm32\tm_stm32_dma2d_graphic.o
                0x080052cc                TM_DMA2DGRAPHIC_SetOrientation
 .text.TM_DMA2DGRAPHIC_Fill
                0x080052f4       0x68 Src\tm_stm32\tm_stm32_dma2d_graphic.o
                0x080052f4                TM_DMA2DGRAPHIC_Fill
 .text.TM_DMA2DGRAPHIC_CopyBufferIT
                0x0800535c       0x50 Src\tm_stm32\tm_stm32_dma2d_graphic.o
                0x0800535c                TM_DMA2DGRAPHIC_CopyBufferIT
 .text.TM_DMA2DGRAPHIC_CopyBuffer
                0x080053ac       0x24 Src\tm_stm32\tm_stm32_dma2d_graphic.o
                0x080053ac                TM_DMA2DGRAPHIC_CopyBuffer
 .text.TM_INT_DMA2DGRAPHIC_SetConf
                0x080053d0       0x3c Src\tm_stm32\tm_stm32_dma2d_graphic.o
                0x080053d0                TM_INT_DMA2DGRAPHIC_SetConf
 .text.TM_INT_DMA2DGRAPHIC_InitAndTransfer
                0x0800540c       0x88 Src\tm_stm32\tm_stm32_dma2d_graphic.o
                0x0800540c                TM_INT_DMA2DGRAPHIC_InitAndTransfer
 .text.TM_INT_DMA2DGRAPHIC_SetMemory
                0x08005494       0x34 Src\tm_stm32\tm_stm32_dma2d_graphic.o
                0x08005494                TM_INT_DMA2DGRAPHIC_SetMemory
 .text.TM_DMA2DGRAPHIC_DrawFilledRectangle
                0x080054c8      0x114 Src\tm_stm32\tm_stm32_dma2d_graphic.o
                0x080054c8                TM_DMA2DGRAPHIC_DrawFilledRectangle
 .text.TM_DMA2DGRAPHIC_DrawVerticalLine
                0x080055dc      0x100 Src\tm_stm32\tm_stm32_dma2d_graphic.o
                0x080055dc                TM_DMA2DGRAPHIC_DrawVerticalLine
 .text.TM_DMA2DGRAPHIC_DrawCircle
                0x080056dc      0x158 Src\tm_stm32\tm_stm32_dma2d_graphic.o
                0x080056dc                TM_DMA2DGRAPHIC_DrawCircle
 .text.TM_DMA2DGRAPHIC_DrawHorizontalLine
                0x08005834      0x10c Src\tm_stm32\tm_stm32_dma2d_graphic.o
                0x08005834                TM_DMA2DGRAPHIC_DrawHorizontalLine
 .text.TM_DMA2DGRAPHIC_DrawRectangle
                0x08005940       0x50 Src\tm_stm32\tm_stm32_dma2d_graphic.o
                0x08005940                TM_DMA2DGRAPHIC_DrawRectangle
 .text.TM_DMA2DGRAPHIC_DrawLine
                0x08005990       0xb4 Src\tm_stm32\tm_stm32_dma2d_graphic.o
                0x08005990                TM_DMA2DGRAPHIC_DrawLine
 .text.TM_DMA2DGRAPHIC_DrawFilledCircle
                0x08005a44      0x12c Src\tm_stm32\tm_stm32_dma2d_graphic.o
                0x08005a44                TM_DMA2DGRAPHIC_DrawFilledCircle
 .text.TM_INT_DMA2DGRAPHIC_DrawCircleCorner
                0x08005b70      0x130 Src\tm_stm32\tm_stm32_dma2d_graphic.o
                0x08005b70                TM_INT_DMA2DGRAPHIC_DrawCircleCorner
 .text.TM_DMA2DGRAPHIC_DrawRoundedRectangle
                0x08005ca0      0x116 Src\tm_stm32\tm_stm32_dma2d_graphic.o
                0x08005ca0                TM_DMA2DGRAPHIC_DrawRoundedRectangle
 .text.TM_INT_DMA2DGRAPHIC_DrawFilledCircleCorner
                0x08005db6      0x172 Src\tm_stm32\tm_stm32_dma2d_graphic.o
                0x08005db6                TM_INT_DMA2DGRAPHIC_DrawFilledCircleCorner
 .text.TM_DMA2DGRAPHIC_DrawFilledRoundedRectangle
                0x08005f28      0x10e Src\tm_stm32\tm_stm32_dma2d_graphic.o
                0x08005f28                TM_DMA2DGRAPHIC_DrawFilledRoundedRectangle
 .text.TM_FONT_GetStringSize
                0x08006036       0x1c Src\tm_stm32\tm_stm32_fonts.o
                0x08006036                TM_FONT_GetStringSize
 *fill*         0x08006052        0x2 
 .text.TM_GPIO_INT_EnableClock
                0x08006054       0x20 Src\tm_stm32\tm_stm32_gpio.o
                0x08006054                TM_GPIO_INT_EnableClock
 .text.TM_GPIO_INT_Init
                0x08006074       0xc4 Src\tm_stm32\tm_stm32_gpio.o
                0x08006074                TM_GPIO_INT_Init
 .text.TM_GPIO_Init
                0x08006138       0x36 Src\tm_stm32\tm_stm32_gpio.o
                0x08006138                TM_GPIO_Init
 .text.TM_GPIO_InitAlternate
                0x0800616e       0x66 Src\tm_stm32\tm_stm32_gpio.o
                0x0800616e                TM_GPIO_InitAlternate
 .text.TM_I2C_GetHandle
                0x080061d4       0x48 Src\tm_stm32\tm_stm32_i2c.o
                0x080061d4                TM_I2C_GetHandle
 .text.TM_I2C_Read
                0x0800621c       0x44 Src\tm_stm32\tm_stm32_i2c.o
                0x0800621c                TM_I2C_Read
 .text.TM_I2C_ReadMulti
                0x08006260       0x46 Src\tm_stm32\tm_stm32_i2c.o
                0x08006260                TM_I2C_ReadMulti
 .text.TM_I2C_IsDeviceConnected
                0x080062a6       0x16 Src\tm_stm32\tm_stm32_i2c.o
                0x080062a6                TM_I2C_IsDeviceConnected
 .text.TM_I2C_InitCustomPinsCallback
                0x080062bc        0x2 Src\tm_stm32\tm_stm32_i2c.o
                0x080062bc                TM_I2C_InitCustomPinsCallback
 *fill*         0x080062be        0x2 
 .text.TM_I2C_Init
                0x080062c0      0x1d8 Src\tm_stm32\tm_stm32_i2c.o
                0x080062c0                TM_I2C_Init
 .text.TM_LCD_Fill
                0x08006498        0xa Src\tm_stm32\tm_stm32_lcd.o
                0x08006498                TM_LCD_Fill
 *fill*         0x080064a2        0x2 
 .text.TM_LCD_SetOrientation
                0x080064a4       0x30 Src\tm_stm32\tm_stm32_lcd.o
                0x080064a4                TM_LCD_SetOrientation
 .text.TM_LCD_DisplayOn
                0x080064d4       0x24 Src\tm_stm32\tm_stm32_lcd.o
                0x080064d4                TM_LCD_DisplayOn
 .text.TM_LCD_SetXY
                0x080064f8       0x20 Src\tm_stm32\tm_stm32_lcd.o
                0x080064f8                TM_LCD_SetXY
 .text.TM_LCD_SetFont
                0x08006518        0xc Src\tm_stm32\tm_stm32_lcd.o
                0x08006518                TM_LCD_SetFont
 .text.TM_LCD_SetColors
                0x08006524       0x10 Src\tm_stm32\tm_stm32_lcd.o
                0x08006524                TM_LCD_SetColors
 .text.TM_LCD_Putc
                0x08006534       0xa4 Src\tm_stm32\tm_stm32_lcd.o
                0x08006534                TM_LCD_Putc
 .text.TM_LCD_Puts
                0x080065d8       0x18 Src\tm_stm32\tm_stm32_lcd.o
                0x080065d8                TM_LCD_Puts
 .text.TM_LCD_SetLayer1
                0x080065f0       0x1c Src\tm_stm32\tm_stm32_lcd.o
                0x080065f0                TM_LCD_SetLayer1
 .text.TM_LCD_SetLayer2
                0x0800660c       0x1c Src\tm_stm32\tm_stm32_lcd.o
                0x0800660c                TM_LCD_SetLayer2
 .text.TM_LCD_SetLayer1Opacity
                0x08006628       0x14 Src\tm_stm32\tm_stm32_lcd.o
                0x08006628                TM_LCD_SetLayer1Opacity
 .text.TM_LCD_SetLayer2Opacity
                0x0800663c       0x14 Src\tm_stm32\tm_stm32_lcd.o
                0x0800663c                TM_LCD_SetLayer2Opacity
 .text.TM_LCD_Init
                0x08006650      0x234 Src\tm_stm32\tm_stm32_lcd.o
                0x08006650                TM_LCD_Init
 .text.TM_LCD_Layer1To2
                0x08006884       0x24 Src\tm_stm32\tm_stm32_lcd.o
                0x08006884                TM_LCD_Layer1To2
 .text.TM_LCD_DrawRoundedRectangle
                0x080068a8       0x34 Src\tm_stm32\tm_stm32_lcd.o
                0x080068a8                TM_LCD_DrawRoundedRectangle
 .text.TM_LCD_DrawFilledRoundedRectangle
                0x080068dc       0x16 Src\tm_stm32\tm_stm32_lcd.o
                0x080068dc                TM_LCD_DrawFilledRoundedRectangle
 .text.TM_LCD_DrawCircle
                0x080068f2       0x10 Src\tm_stm32\tm_stm32_lcd.o
                0x080068f2                TM_LCD_DrawCircle
 .text.TM_LCD_DrawFilledCircle
                0x08006902       0x10 Src\tm_stm32\tm_stm32_lcd.o
                0x08006902                TM_LCD_DrawFilledCircle
 *fill*         0x08006912        0x2 
 .text.TM_LCD_GetWidth
                0x08006914        0xc Src\tm_stm32\tm_stm32_lcd.o
                0x08006914                TM_LCD_GetWidth
 .text.TM_LCD_GetHeight
                0x08006920        0xc Src\tm_stm32\tm_stm32_lcd.o
                0x08006920                TM_LCD_GetHeight
 .text.TM_SDRAM_InitCustomPinsCallback
                0x0800692c        0x4 Src\tm_stm32\tm_stm32_sdram.o
                0x0800692c                TM_SDRAM_InitCustomPinsCallback
 .text.TM_SDRAM_Init
                0x08006930      0x1c4 Src\tm_stm32\tm_stm32_sdram.o
                0x08006930                TM_SDRAM_Init
 .text.TM_TOUCH_Init
                0x08006af4       0x28 Src\tm_stm32\tm_stm32_touch.o
                0x08006af4                TM_TOUCH_Init
 .text.TM_TOUCH_Read
                0x08006b1c       0x80 Src\tm_stm32\tm_stm32_touch.o
                0x08006b1c                TM_TOUCH_Read
 .text.TM_TOUCH_FT5336_Init
                0x08006b9c       0x5c Src\tm_stm32\tm_stm32_touch_ft5336.o
                0x08006b9c                TM_TOUCH_FT5336_Init
 .text.TM_TOUCH_FT5336_Read
                0x08006bf8       0x84 Src\tm_stm32\tm_stm32_touch_ft5336.o
                0x08006bf8                TM_TOUCH_FT5336_Read
 .text.Reset_Handler
                0x08006c7c       0x50 startup\startup_stm32f746xx.o
                0x08006c7c                Reset_Handler
 .text.Default_Handler
                0x08006ccc        0x2 startup\startup_stm32f746xx.o
                0x08006ccc                RTC_Alarm_IRQHandler
                0x08006ccc                EXTI2_IRQHandler
                0x08006ccc                TIM8_CC_IRQHandler
                0x08006ccc                DebugMon_Handler
                0x08006ccc                UART8_IRQHandler
                0x08006ccc                SPI4_IRQHandler
                0x08006ccc                TIM1_CC_IRQHandler
                0x08006ccc                DMA2_Stream5_IRQHandler
                0x08006ccc                HardFault_Handler
                0x08006ccc                DMA1_Stream5_IRQHandler
                0x08006ccc                PVD_IRQHandler
                0x08006ccc                TAMP_STAMP_IRQHandler
                0x08006ccc                NMI_Handler
                0x08006ccc                CAN2_RX1_IRQHandler
                0x08006ccc                EXTI3_IRQHandler
                0x08006ccc                TIM1_UP_TIM10_IRQHandler
                0x08006ccc                TIM8_UP_TIM13_IRQHandler
                0x08006ccc                I2C3_ER_IRQHandler
                0x08006ccc                EXTI0_IRQHandler
                0x08006ccc                I2C2_EV_IRQHandler
                0x08006ccc                DMA1_Stream2_IRQHandler
                0x08006ccc                CAN1_RX0_IRQHandler
                0x08006ccc                FPU_IRQHandler
                0x08006ccc                OTG_HS_WKUP_IRQHandler
                0x08006ccc                UsageFault_Handler
                0x08006ccc                LTDC_ER_IRQHandler
                0x08006ccc                CAN2_SCE_IRQHandler
                0x08006ccc                DMA2_Stream2_IRQHandler
                0x08006ccc                SPI1_IRQHandler
                0x08006ccc                TIM6_DAC_IRQHandler
                0x08006ccc                TIM1_BRK_TIM9_IRQHandler
                0x08006ccc                DCMI_IRQHandler
                0x08006ccc                CAN2_RX0_IRQHandler
                0x08006ccc                DMA2_Stream3_IRQHandler
                0x08006ccc                SAI2_IRQHandler
                0x08006ccc                USART6_IRQHandler
                0x08006ccc                USART3_IRQHandler
                0x08006ccc                CAN1_RX1_IRQHandler
                0x08006ccc                UART5_IRQHandler
                0x08006ccc                DMA2_Stream0_IRQHandler
                0x08006ccc                TIM4_IRQHandler
                0x08006ccc                QUADSPI_IRQHandler
                0x08006ccc                I2C1_EV_IRQHandler
                0x08006ccc                DMA1_Stream6_IRQHandler
                0x08006ccc                DMA1_Stream1_IRQHandler
                0x08006ccc                UART4_IRQHandler
                0x08006ccc                TIM3_IRQHandler
                0x08006ccc                RCC_IRQHandler
                0x08006ccc                TIM8_BRK_TIM12_IRQHandler
                0x08006ccc                Default_Handler
                0x08006ccc                CEC_IRQHandler
                0x08006ccc                EXTI15_10_IRQHandler
                0x08006ccc                ADC_IRQHandler
                0x08006ccc                DMA1_Stream7_IRQHandler
                0x08006ccc                SPI5_IRQHandler
                0x08006ccc                TIM7_IRQHandler
                0x08006ccc                SDMMC1_IRQHandler
                0x08006ccc                CAN2_TX_IRQHandler
                0x08006ccc                TIM5_IRQHandler
                0x08006ccc                DMA2_Stream7_IRQHandler
                0x08006ccc                I2C3_EV_IRQHandler
                0x08006ccc                EXTI9_5_IRQHandler
                0x08006ccc                RTC_WKUP_IRQHandler
                0x08006ccc                LTDC_IRQHandler
                0x08006ccc                ETH_WKUP_IRQHandler
                0x08006ccc                SPDIF_RX_IRQHandler
                0x08006ccc                SPI2_IRQHandler
                0x08006ccc                OTG_HS_EP1_IN_IRQHandler
                0x08006ccc                MemManage_Handler
                0x08006ccc                DMA1_Stream0_IRQHandler
                0x08006ccc                CAN1_TX_IRQHandler
                0x08006ccc                EXTI4_IRQHandler
                0x08006ccc                RNG_IRQHandler
                0x08006ccc                ETH_IRQHandler
                0x08006ccc                OTG_HS_EP1_OUT_IRQHandler
                0x08006ccc                WWDG_IRQHandler
                0x08006ccc                SPI6_IRQHandler
                0x08006ccc                I2C4_EV_IRQHandler
                0x08006ccc                TIM2_IRQHandler
                0x08006ccc                OTG_FS_WKUP_IRQHandler
                0x08006ccc                TIM1_TRG_COM_TIM11_IRQHandler
                0x08006ccc                OTG_HS_IRQHandler
                0x08006ccc                DMA2D_IRQHandler
                0x08006ccc                EXTI1_IRQHandler
                0x08006ccc                UART7_IRQHandler
                0x08006ccc                USART2_IRQHandler
                0x08006ccc                I2C2_ER_IRQHandler
                0x08006ccc                DMA2_Stream1_IRQHandler
                0x08006ccc                CAN1_SCE_IRQHandler
                0x08006ccc                FLASH_IRQHandler
                0x08006ccc                DMA2_Stream4_IRQHandler
                0x08006ccc                BusFault_Handler
                0x08006ccc                USART1_IRQHandler
                0x08006ccc                OTG_FS_IRQHandler
                0x08006ccc                SPI3_IRQHandler
                0x08006ccc                DMA1_Stream4_IRQHandler
                0x08006ccc                I2C1_ER_IRQHandler
                0x08006ccc                FMC_IRQHandler
                0x08006ccc                LPTIM1_IRQHandler
                0x08006ccc                I2C4_ER_IRQHandler
                0x08006ccc                DMA2_Stream6_IRQHandler
                0x08006ccc                SAI1_IRQHandler
                0x08006ccc                DMA1_Stream3_IRQHandler
 *fill*         0x08006cce        0x2 
 .text.__libc_init_array
                0x08006cd0       0x4c c:/program files (x86)/atollic/truestudio for arm 7.1.2/armtools/bin/../lib/gcc/arm-atollic-eabi/5.3.1/../../../../arm-atollic-eabi/lib/armv7e-m/fpu/fpv5-sp-d16\libc.a(lib_a-init.o)
                0x08006cd0                __libc_init_array
 .text.malloc   0x08006d1c       0x10 c:/program files (x86)/atollic/truestudio for arm 7.1.2/armtools/bin/../lib/gcc/arm-atollic-eabi/5.3.1/../../../../arm-atollic-eabi/lib/armv7e-m/fpu/fpv5-sp-d16\libc.a(lib_a-malloc.o)
                0x08006d1c                malloc
 .text._malloc_r
                0x08006d2c      0x440 c:/program files (x86)/atollic/truestudio for arm 7.1.2/armtools/bin/../lib/gcc/arm-atollic-eabi/5.3.1/../../../../arm-atollic-eabi/lib/armv7e-m/fpu/fpv5-sp-d16\libc.a(lib_a-mallocr.o)
                0x08006d2c                _malloc_r
 .text.memcpy   0x0800716c       0x16 c:/program files (x86)/atollic/truestudio for arm 7.1.2/armtools/bin/../lib/gcc/arm-atollic-eabi/5.3.1/../../../../arm-atollic-eabi/lib/armv7e-m/fpu/fpv5-sp-d16\libc.a(lib_a-memcpy-stub.o)
                0x0800716c                memcpy
 .text.memset   0x08007182       0x10 c:/program files (x86)/atollic/truestudio for arm 7.1.2/armtools/bin/../lib/gcc/arm-atollic-eabi/5.3.1/../../../../arm-atollic-eabi/lib/armv7e-m/fpu/fpv5-sp-d16\libc.a(lib_a-memset.o)
                0x08007182                memset
 .text.__malloc_lock
                0x08007192        0x2 c:/program files (x86)/atollic/truestudio for arm 7.1.2/armtools/bin/../lib/gcc/arm-atollic-eabi/5.3.1/../../../../arm-atollic-eabi/lib/armv7e-m/fpu/fpv5-sp-d16\libc.a(lib_a-mlock.o)
                0x08007192                __malloc_lock
 .text.__malloc_unlock
                0x08007194        0x2 c:/program files (x86)/atollic/truestudio for arm 7.1.2/armtools/bin/../lib/gcc/arm-atollic-eabi/5.3.1/../../../../arm-atollic-eabi/lib/armv7e-m/fpu/fpv5-sp-d16\libc.a(lib_a-mlock.o)
                0x08007194                __malloc_unlock
 *fill*         0x08007196        0x2 
 .text._sbrk_r  0x08007198       0x20 c:/program files (x86)/atollic/truestudio for arm 7.1.2/armtools/bin/../lib/gcc/arm-atollic-eabi/5.3.1/../../../../arm-atollic-eabi/lib/armv7e-m/fpu/fpv5-sp-d16\libc.a(lib_a-sbrkr.o)
                0x08007198                _sbrk_r
 .text.sprintf  0x080071b8       0x48 c:/program files (x86)/atollic/truestudio for arm 7.1.2/armtools/bin/../lib/gcc/arm-atollic-eabi/5.3.1/../../../../arm-atollic-eabi/lib/armv7e-m/fpu/fpv5-sp-d16\libc.a(lib_a-sprintf.o)
                0x080071b8                sprintf
 .text.strcpy   0x08007200       0x10 c:/program files (x86)/atollic/truestudio for arm 7.1.2/armtools/bin/../lib/gcc/arm-atollic-eabi/5.3.1/../../../../arm-atollic-eabi/lib/armv7e-m/fpu/fpv5-sp-d16\libc.a(lib_a-strcpy.o)
                0x08007200                strcpy
 .text._svfprintf_r
                0x08007210      0xf84 c:/program files (x86)/atollic/truestudio for arm 7.1.2/armtools/bin/../lib/gcc/arm-atollic-eabi/5.3.1/../../../../arm-atollic-eabi/lib/armv7e-m/fpu/fpv5-sp-d16\libc.a(lib_a-svfprintf.o)
                0x08007210                _svfprintf_r
 .text.quorem   0x08008194      0x11e c:/program files (x86)/atollic/truestudio for arm 7.1.2/armtools/bin/../lib/gcc/arm-atollic-eabi/5.3.1/../../../../arm-atollic-eabi/lib/armv7e-m/fpu/fpv5-sp-d16\libc.a(lib_a-dtoa.o)
 *fill*         0x080082b2        0x6 
 .text._dtoa_r  0x080082b8      0xb40 c:/program files (x86)/atollic/truestudio for arm 7.1.2/armtools/bin/../lib/gcc/arm-atollic-eabi/5.3.1/../../../../arm-atollic-eabi/lib/armv7e-m/fpu/fpv5-sp-d16\libc.a(lib_a-dtoa.o)
                0x080082b8                _dtoa_r
 .text._malloc_trim_r
                0x08008df8       0xac c:/program files (x86)/atollic/truestudio for arm 7.1.2/armtools/bin/../lib/gcc/arm-atollic-eabi/5.3.1/../../../../arm-atollic-eabi/lib/armv7e-m/fpu/fpv5-sp-d16\libc.a(lib_a-freer.o)
                0x08008df8                _malloc_trim_r
 .text._free_r  0x08008ea4      0x17c c:/program files (x86)/atollic/truestudio for arm 7.1.2/armtools/bin/../lib/gcc/arm-atollic-eabi/5.3.1/../../../../arm-atollic-eabi/lib/armv7e-m/fpu/fpv5-sp-d16\libc.a(lib_a-freer.o)
                0x08008ea4                _free_r
 .text._localeconv_r
                0x08009020        0x8 c:/program files (x86)/atollic/truestudio for arm 7.1.2/armtools/bin/../lib/gcc/arm-atollic-eabi/5.3.1/../../../../arm-atollic-eabi/lib/armv7e-m/fpu/fpv5-sp-d16\libc.a(lib_a-locale.o)
                0x08009020                _localeconv_r
 .text._Balloc  0x08009028       0x6a c:/program files (x86)/atollic/truestudio for arm 7.1.2/armtools/bin/../lib/gcc/arm-atollic-eabi/5.3.1/../../../../arm-atollic-eabi/lib/armv7e-m/fpu/fpv5-sp-d16\libc.a(lib_a-mprec.o)
                0x08009028                _Balloc
 .text._Bfree   0x08009092       0x2e c:/program files (x86)/atollic/truestudio for arm 7.1.2/armtools/bin/../lib/gcc/arm-atollic-eabi/5.3.1/../../../../arm-atollic-eabi/lib/armv7e-m/fpu/fpv5-sp-d16\libc.a(lib_a-mprec.o)
                0x08009092                _Bfree
 .text.__multadd
                0x080090c0       0x76 c:/program files (x86)/atollic/truestudio for arm 7.1.2/armtools/bin/../lib/gcc/arm-atollic-eabi/5.3.1/../../../../arm-atollic-eabi/lib/armv7e-m/fpu/fpv5-sp-d16\libc.a(lib_a-mprec.o)
                0x080090c0                __multadd
 .text.__hi0bits
                0x08009136       0x40 c:/program files (x86)/atollic/truestudio for arm 7.1.2/armtools/bin/../lib/gcc/arm-atollic-eabi/5.3.1/../../../../arm-atollic-eabi/lib/armv7e-m/fpu/fpv5-sp-d16\libc.a(lib_a-mprec.o)
                0x08009136                __hi0bits
 .text.__lo0bits
                0x08009176       0x5a c:/program files (x86)/atollic/truestudio for arm 7.1.2/armtools/bin/../lib/gcc/arm-atollic-eabi/5.3.1/../../../../arm-atollic-eabi/lib/armv7e-m/fpu/fpv5-sp-d16\libc.a(lib_a-mprec.o)
                0x08009176                __lo0bits
 .text.__i2b    0x080091d0       0x12 c:/program files (x86)/atollic/truestudio for arm 7.1.2/armtools/bin/../lib/gcc/arm-atollic-eabi/5.3.1/../../../../arm-atollic-eabi/lib/armv7e-m/fpu/fpv5-sp-d16\libc.a(lib_a-mprec.o)
                0x080091d0                __i2b
 .text.__multiply
                0x080091e2      0x122 c:/program files (x86)/atollic/truestudio for arm 7.1.2/armtools/bin/../lib/gcc/arm-atollic-eabi/5.3.1/../../../../arm-atollic-eabi/lib/armv7e-m/fpu/fpv5-sp-d16\libc.a(lib_a-mprec.o)
                0x080091e2                __multiply
 .text.__pow5mult
                0x08009304       0x9c c:/program files (x86)/atollic/truestudio for arm 7.1.2/armtools/bin/../lib/gcc/arm-atollic-eabi/5.3.1/../../../../arm-atollic-eabi/lib/armv7e-m/fpu/fpv5-sp-d16\libc.a(lib_a-mprec.o)
                0x08009304                __pow5mult
 .text.__lshift
                0x080093a0       0xa2 c:/program files (x86)/atollic/truestudio for arm 7.1.2/armtools/bin/../lib/gcc/arm-atollic-eabi/5.3.1/../../../../arm-atollic-eabi/lib/armv7e-m/fpu/fpv5-sp-d16\libc.a(lib_a-mprec.o)
                0x080093a0                __lshift
 .text.__mcmp   0x08009442       0x38 c:/program files (x86)/atollic/truestudio for arm 7.1.2/armtools/bin/../lib/gcc/arm-atollic-eabi/5.3.1/../../../../arm-atollic-eabi/lib/armv7e-m/fpu/fpv5-sp-d16\libc.a(lib_a-mprec.o)
                0x08009442                __mcmp
 .text.__mdiff  0x0800947a       0xbe c:/program files (x86)/atollic/truestudio for arm 7.1.2/armtools/bin/../lib/gcc/arm-atollic-eabi/5.3.1/../../../../arm-atollic-eabi/lib/armv7e-m/fpu/fpv5-sp-d16\libc.a(lib_a-mprec.o)
                0x0800947a                __mdiff
 .text.__d2b    0x08009538       0x9c c:/program files (x86)/atollic/truestudio for arm 7.1.2/armtools/bin/../lib/gcc/arm-atollic-eabi/5.3.1/../../../../arm-atollic-eabi/lib/armv7e-m/fpu/fpv5-sp-d16\libc.a(lib_a-mprec.o)
                0x08009538                __d2b
 .text.__ssprint_r
                0x080095d4       0xfe c:/program files (x86)/atollic/truestudio for arm 7.1.2/armtools/bin/../lib/gcc/arm-atollic-eabi/5.3.1/../../../../arm-atollic-eabi/lib/armv7e-m/fpu/fpv5-sp-d16\libc.a(lib_a-svfiprintf.o)
                0x080095d4                __ssprint_r
 .text._calloc_r
                0x080096d2       0x5a c:/program files (x86)/atollic/truestudio for arm 7.1.2/armtools/bin/../lib/gcc/arm-atollic-eabi/5.3.1/../../../../arm-atollic-eabi/lib/armv7e-m/fpu/fpv5-sp-d16\libc.a(lib_a-callocr.o)
                0x080096d2                _calloc_r
 .text.memmove  0x0800972c       0x36 c:/program files (x86)/atollic/truestudio for arm 7.1.2/armtools/bin/../lib/gcc/arm-atollic-eabi/5.3.1/../../../../arm-atollic-eabi/lib/armv7e-m/fpu/fpv5-sp-d16\libc.a(lib_a-memmove.o)
                0x0800972c                memmove
 *fill*         0x08009762        0x2 
 .text._realloc_r
                0x08009764      0x350 c:/program files (x86)/atollic/truestudio for arm 7.1.2/armtools/bin/../lib/gcc/arm-atollic-eabi/5.3.1/../../../../arm-atollic-eabi/lib/armv7e-m/fpu/fpv5-sp-d16\libc.a(lib_a-reallocr.o)
                0x08009764                _realloc_r
 .text._sbrk    0x08009ab4       0x1c c:/program files (x86)/atollic/truestudio for arm 7.1.2/armtools/bin/../lib/gcc/arm-atollic-eabi/5.3.1/../../../../arm-atollic-eabi/lib/armv7e-m/fpu/fpv5-sp-d16\libnosys.a(sbrk.o)
                0x08009ab4                _sbrk
 *(.glue_7)
 .glue_7        0x08009ad0        0x0 linker stubs
 *(.glue_7t)
 .glue_7t       0x08009ad0        0x0 linker stubs
 *(.eh_frame)
 .eh_frame      0x08009ad0        0x0 c:/program files (x86)/atollic/truestudio for arm 7.1.2/armtools/bin/../lib/gcc/arm-atollic-eabi/5.3.1/armv7e-m/fpu/fpv5-sp-d16/crtbegin.o
 *(.init)
 .init          0x08009ad0        0x4 c:/program files (x86)/atollic/truestudio for arm 7.1.2/armtools/bin/../lib/gcc/arm-atollic-eabi/5.3.1/armv7e-m/fpu/fpv5-sp-d16/crti.o
                0x08009ad0                _init
 .init          0x08009ad4        0x8 c:/program files (x86)/atollic/truestudio for arm 7.1.2/armtools/bin/../lib/gcc/arm-atollic-eabi/5.3.1/armv7e-m/fpu/fpv5-sp-d16/crtn.o
 *(.fini)
 .fini          0x08009adc        0x4 c:/program files (x86)/atollic/truestudio for arm 7.1.2/armtools/bin/../lib/gcc/arm-atollic-eabi/5.3.1/armv7e-m/fpu/fpv5-sp-d16/crti.o
                0x08009adc                _fini
 .fini          0x08009ae0        0x8 c:/program files (x86)/atollic/truestudio for arm 7.1.2/armtools/bin/../lib/gcc/arm-atollic-eabi/5.3.1/armv7e-m/fpu/fpv5-sp-d16/crtn.o
                0x08009ae8                . = ALIGN (0x4)
                0x08009ae8                _etext = .

.vfp11_veneer   0x08009ae8        0x0
 .vfp11_veneer  0x08009ae8        0x0 linker stubs

.v4_bx          0x08009ae8        0x0
 .v4_bx         0x08009ae8        0x0 linker stubs

.iplt           0x08009ae8        0x0
 .iplt          0x08009ae8        0x0 c:/program files (x86)/atollic/truestudio for arm 7.1.2/armtools/bin/../lib/gcc/arm-atollic-eabi/5.3.1/armv7e-m/fpu/fpv5-sp-d16/crtbegin.o

.rodata         0x08009ae8     0x175c
                0x08009ae8                . = ALIGN (0x4)
 *(.rodata)
 .rodata        0x08009ae8       0x3c Src\main.o
 *(.rodata*)
 .rodata.str1.1
                0x08009b24        0x5 Middlewares\Third_Party\FreeRTOS\Source\tasks.o
 .rodata.str1.1
                0x08009b29       0xb1 Src\MyGui.o
 .rodata.str1.1
                0x08009bda       0x20 Src\main.o
 .rodata.AHBPrescTable
                0x08009bfa       0x10 Src\system_stm32f7xx.o
                0x08009bfa                AHBPrescTable
 .rodata.APBPrescTable
                0x08009c0a        0x8 Src\system_stm32f7xx.o
                0x08009c0a                APBPrescTable
 .rodata.TM_Font7x10
                0x08009c12      0x76c Src\tm_stm32\tm_stm32_fonts.o
                0x08009c12                TM_Font7x10
 .rodata.TM_Font11x18
                0x0800a37e      0xd5c Src\tm_stm32\tm_stm32_fonts.o
                0x0800a37e                TM_Font11x18
 .rodata.FT5336_DataRegs
                0x0800b0da        0x5 Src\tm_stm32\tm_stm32_touch_ft5336.o
 .rodata.zeroes.7045
                0x0800b0df       0x10 c:/program files (x86)/atollic/truestudio for arm 7.1.2/armtools/bin/../lib/gcc/arm-atollic-eabi/5.3.1/../../../../arm-atollic-eabi/lib/armv7e-m/fpu/fpv5-sp-d16\libc.a(lib_a-svfprintf.o)
 .rodata.str1.1
                0x0800b0ef       0x32 c:/program files (x86)/atollic/truestudio for arm 7.1.2/armtools/bin/../lib/gcc/arm-atollic-eabi/5.3.1/../../../../arm-atollic-eabi/lib/armv7e-m/fpu/fpv5-sp-d16\libc.a(lib_a-svfprintf.o)
                                 0x34 (size before relaxing)
 .rodata.blanks.7044
                0x0800b121       0x10 c:/program files (x86)/atollic/truestudio for arm 7.1.2/armtools/bin/../lib/gcc/arm-atollic-eabi/5.3.1/../../../../arm-atollic-eabi/lib/armv7e-m/fpu/fpv5-sp-d16\libc.a(lib_a-svfprintf.o)
 .rodata.str1.1
                0x0800b131        0xd c:/program files (x86)/atollic/truestudio for arm 7.1.2/armtools/bin/../lib/gcc/arm-atollic-eabi/5.3.1/../../../../arm-atollic-eabi/lib/armv7e-m/fpu/fpv5-sp-d16\libc.a(lib_a-dtoa.o)
                                  0xf (size before relaxing)
 .rodata.str1.1
                0x0800b13e        0xd c:/program files (x86)/atollic/truestudio for arm 7.1.2/armtools/bin/../lib/gcc/arm-atollic-eabi/5.3.1/../../../../arm-atollic-eabi/lib/armv7e-m/fpu/fpv5-sp-d16\libc.a(lib_a-impure.o)
                                  0x2 (size before relaxing)
 .rodata.str1.1
                0x0800b13e        0x8 c:/program files (x86)/atollic/truestudio for arm 7.1.2/armtools/bin/../lib/gcc/arm-atollic-eabi/5.3.1/../../../../arm-atollic-eabi/lib/armv7e-m/fpu/fpv5-sp-d16\libc.a(lib_a-locale.o)
                                  0xb (size before relaxing)
 *fill*         0x0800b146        0x2 
 .rodata.__mprec_tens
                0x0800b148       0xc8 c:/program files (x86)/atollic/truestudio for arm 7.1.2/armtools/bin/../lib/gcc/arm-atollic-eabi/5.3.1/../../../../arm-atollic-eabi/lib/armv7e-m/fpu/fpv5-sp-d16\libc.a(lib_a-mprec.o)
                0x0800b148                __mprec_tens
 .rodata.__mprec_bigtens
                0x0800b210       0x28 c:/program files (x86)/atollic/truestudio for arm 7.1.2/armtools/bin/../lib/gcc/arm-atollic-eabi/5.3.1/../../../../arm-atollic-eabi/lib/armv7e-m/fpu/fpv5-sp-d16\libc.a(lib_a-mprec.o)
                0x0800b210                __mprec_bigtens
 .rodata.p05.5388
                0x0800b238        0xc c:/program files (x86)/atollic/truestudio for arm 7.1.2/armtools/bin/../lib/gcc/arm-atollic-eabi/5.3.1/../../../../arm-atollic-eabi/lib/armv7e-m/fpu/fpv5-sp-d16\libc.a(lib_a-mprec.o)
                0x0800b244                . = ALIGN (0x4)

.ARM.extab
 *(.ARM.extab* .gnu.linkonce.armextab.*)

.ARM            0x0800b244        0x8
                0x0800b244                __exidx_start = .
 *(.ARM.exidx*)
 .ARM.exidx     0x0800b244        0x8 c:/program files (x86)/atollic/truestudio for arm 7.1.2/armtools/bin/../lib/gcc/arm-atollic-eabi/5.3.1/armv7e-m/fpu/fpv5-sp-d16\libgcc.a(_udivmoddi4.o)
                0x0800b24c                __exidx_end = .

.rel.dyn        0x0800b24c        0x0
 .rel.iplt      0x0800b24c        0x0 c:/program files (x86)/atollic/truestudio for arm 7.1.2/armtools/bin/../lib/gcc/arm-atollic-eabi/5.3.1/armv7e-m/fpu/fpv5-sp-d16/crtbegin.o

.preinit_array  0x0800b24c        0x0
                0x0800b24c                PROVIDE (__preinit_array_start, .)
 *(.preinit_array*)
                0x0800b24c                PROVIDE (__preinit_array_end, .)

.init_array     0x0800b24c        0x4
                0x0800b24c                PROVIDE (__init_array_start, .)
 *(SORT(.init_array.*))
 *(.init_array*)
 .init_array    0x0800b24c        0x4 c:/program files (x86)/atollic/truestudio for arm 7.1.2/armtools/bin/../lib/gcc/arm-atollic-eabi/5.3.1/armv7e-m/fpu/fpv5-sp-d16/crtbegin.o
                0x0800b250                PROVIDE (__init_array_end, .)

.fini_array     0x0800b250        0x4
                [!provide]                PROVIDE (__fini_array_start, .)
 *(SORT(.fini_array.*))
 *(.fini_array*)
 .fini_array    0x0800b250        0x4 c:/program files (x86)/atollic/truestudio for arm 7.1.2/armtools/bin/../lib/gcc/arm-atollic-eabi/5.3.1/armv7e-m/fpu/fpv5-sp-d16/crtbegin.o
                [!provide]                PROVIDE (__fini_array_end, .)
                0x0800b254                _sidata = LOADADDR (.data)

.data           0x20000000      0x68c load address 0x0800b254
                0x20000000                . = ALIGN (0x4)
                0x20000000                _sdata = .
 *(.data)
 *(.data*)
 .data.uxCriticalNesting
                0x20000000        0x4 Middlewares\Third_Party\FreeRTOS\Source\portable\GCC\ARM_CM7\r0p1\port.o
 .data.CurrentPage
                0x20000004        0x4 Src\MyGui.o
                0x20000004                CurrentPage
 .data.SystemCoreClock
                0x20000008        0x4 Src\system_stm32f7xx.o
                0x20000008                SystemCoreClock
 .data.DMA2D_Color
                0x2000000c        0x4 Src\tm_stm32\tm_stm32_dma2d_graphic.o
                0x2000000c                DMA2D_Color
 .data.TM_Font_7x10
                0x20000010        0x8 Src\tm_stm32\tm_stm32_fonts.o
                0x20000010                TM_Font_7x10
 .data.TM_Font_11x18
                0x20000018        0x8 Src\tm_stm32\tm_stm32_fonts.o
                0x20000018                TM_Font_11x18
 .data.I2C2Handle
                0x20000020       0x4c Src\tm_stm32\tm_stm32_i2c.o
 .data.I2C3Handle
                0x2000006c       0x4c Src\tm_stm32\tm_stm32_i2c.o
 .data.I2C4Handle
                0x200000b8       0x4c Src\tm_stm32\tm_stm32_i2c.o
 .data.I2C1Handle
                0x20000104       0x4c Src\tm_stm32\tm_stm32_i2c.o
 .data.__malloc_av_
                0x20000150      0x408 c:/program files (x86)/atollic/truestudio for arm 7.1.2/armtools/bin/../lib/gcc/arm-atollic-eabi/5.3.1/../../../../arm-atollic-eabi/lib/armv7e-m/fpu/fpv5-sp-d16\libc.a(lib_a-mallocr.o)
                0x20000150                __malloc_av_
 .data.__malloc_trim_threshold
                0x20000558        0x4 c:/program files (x86)/atollic/truestudio for arm 7.1.2/armtools/bin/../lib/gcc/arm-atollic-eabi/5.3.1/../../../../arm-atollic-eabi/lib/armv7e-m/fpu/fpv5-sp-d16\libc.a(lib_a-mallocr.o)
                0x20000558                __malloc_trim_threshold
 .data.__malloc_sbrk_base
                0x2000055c        0x4 c:/program files (x86)/atollic/truestudio for arm 7.1.2/armtools/bin/../lib/gcc/arm-atollic-eabi/5.3.1/../../../../arm-atollic-eabi/lib/armv7e-m/fpu/fpv5-sp-d16\libc.a(lib_a-mallocr.o)
                0x2000055c                __malloc_sbrk_base
 .data.impure_data
                0x20000560       0xf0 c:/program files (x86)/atollic/truestudio for arm 7.1.2/armtools/bin/../lib/gcc/arm-atollic-eabi/5.3.1/../../../../arm-atollic-eabi/lib/armv7e-m/fpu/fpv5-sp-d16\libc.a(lib_a-impure.o)
 .data._impure_ptr
                0x20000650        0x4 c:/program files (x86)/atollic/truestudio for arm 7.1.2/armtools/bin/../lib/gcc/arm-atollic-eabi/5.3.1/../../../../arm-atollic-eabi/lib/armv7e-m/fpu/fpv5-sp-d16\libc.a(lib_a-impure.o)
                0x20000650                _impure_ptr
 .data.lconv    0x20000654       0x38 c:/program files (x86)/atollic/truestudio for arm 7.1.2/armtools/bin/../lib/gcc/arm-atollic-eabi/5.3.1/../../../../arm-atollic-eabi/lib/armv7e-m/fpu/fpv5-sp-d16\libc.a(lib_a-locale.o)
                0x2000068c                . = ALIGN (0x4)
                0x2000068c                _edata = .

.igot.plt       0x2000068c        0x0 load address 0x0800b8e0
 .igot.plt      0x2000068c        0x0 c:/program files (x86)/atollic/truestudio for arm 7.1.2/armtools/bin/../lib/gcc/arm-atollic-eabi/5.3.1/armv7e-m/fpu/fpv5-sp-d16/crtbegin.o
                0x2000068c                . = ALIGN (0x4)

.bss            0x2000068c     0x45e0 load address 0x0800b8e0
                0x2000068c                _sbss = .
                0x2000068c                __bss_start__ = _sbss
 *(.bss)
 .bss           0x2000068c       0x1c c:/program files (x86)/atollic/truestudio for arm 7.1.2/armtools/bin/../lib/gcc/arm-atollic-eabi/5.3.1/armv7e-m/fpu/fpv5-sp-d16/crtbegin.o
 *(.bss*)
 .bss.ucMaxSysCallPriority
                0x200006a8        0x1 Middlewares\Third_Party\FreeRTOS\Source\portable\GCC\ARM_CM7\r0p1\port.o
 *fill*         0x200006a9        0x3 
 .bss.ulMaxPRIGROUPValue
                0x200006ac        0x4 Middlewares\Third_Party\FreeRTOS\Source\portable\GCC\ARM_CM7\r0p1\port.o
 .bss.xFreeBytesRemaining
                0x200006b0        0x4 Middlewares\Third_Party\FreeRTOS\Source\portable\MemMang\heap_4.o
 .bss.pxEnd     0x200006b4        0x4 Middlewares\Third_Party\FreeRTOS\Source\portable\MemMang\heap_4.o
 .bss.xStart    0x200006b8        0x8 Middlewares\Third_Party\FreeRTOS\Source\portable\MemMang\heap_4.o
 .bss.ucHeap    0x200006c0     0x3c00 Middlewares\Third_Party\FreeRTOS\Source\portable\MemMang\heap_4.o
 .bss.xBlockAllocatedBit
                0x200042c0        0x4 Middlewares\Third_Party\FreeRTOS\Source\portable\MemMang\heap_4.o
 .bss.xMinimumEverFreeBytesRemaining
                0x200042c4        0x4 Middlewares\Third_Party\FreeRTOS\Source\portable\MemMang\heap_4.o
 .bss.xNumOfOverflows
                0x200042c8        0x4 Middlewares\Third_Party\FreeRTOS\Source\tasks.o
 .bss.pxDelayedTaskList
                0x200042cc        0x4 Middlewares\Third_Party\FreeRTOS\Source\tasks.o
 .bss.xSchedulerRunning
                0x200042d0        0x4 Middlewares\Third_Party\FreeRTOS\Source\tasks.o
 .bss.uxSchedulerSuspended
                0x200042d4        0x4 Middlewares\Third_Party\FreeRTOS\Source\tasks.o
 .bss.xDelayedTaskList1
                0x200042d8       0x14 Middlewares\Third_Party\FreeRTOS\Source\tasks.o
 .bss.uxPendedTicks
                0x200042ec        0x4 Middlewares\Third_Party\FreeRTOS\Source\tasks.o
 .bss.pxReadyTasksLists
                0x200042f0       0x8c Middlewares\Third_Party\FreeRTOS\Source\tasks.o
 .bss.xTasksWaitingTermination
                0x2000437c       0x14 Middlewares\Third_Party\FreeRTOS\Source\tasks.o
 .bss.uxDeletedTasksWaitingCleanUp
                0x20004390        0x4 Middlewares\Third_Party\FreeRTOS\Source\tasks.o
 .bss.pxCurrentTCB
                0x20004394        0x4 Middlewares\Third_Party\FreeRTOS\Source\tasks.o
                0x20004394                pxCurrentTCB
 .bss.xNextTaskUnblockTime
                0x20004398        0x4 Middlewares\Third_Party\FreeRTOS\Source\tasks.o
 .bss.xTickCount
                0x2000439c        0x4 Middlewares\Third_Party\FreeRTOS\Source\tasks.o
 .bss.pxOverflowDelayedTaskList
                0x200043a0        0x4 Middlewares\Third_Party\FreeRTOS\Source\tasks.o
 .bss.xPendingReadyList
                0x200043a4       0x14 Middlewares\Third_Party\FreeRTOS\Source\tasks.o
 .bss.uxTaskNumber
                0x200043b8        0x4 Middlewares\Third_Party\FreeRTOS\Source\tasks.o
 .bss.uxCurrentNumberOfTasks
                0x200043bc        0x4 Middlewares\Third_Party\FreeRTOS\Source\tasks.o
 .bss.xDelayedTaskList2
                0x200043c0       0x14 Middlewares\Third_Party\FreeRTOS\Source\tasks.o
 .bss.xIdleTaskHandle
                0x200043d4        0x4 Middlewares\Third_Party\FreeRTOS\Source\tasks.o
 .bss.xSuspendedTaskList
                0x200043d8       0x14 Middlewares\Third_Party\FreeRTOS\Source\tasks.o
 .bss.uxTopReadyPriority
                0x200043ec        0x4 Middlewares\Third_Party\FreeRTOS\Source\tasks.o
 .bss.xYieldPending
                0x200043f0        0x4 Middlewares\Third_Party\FreeRTOS\Source\tasks.o
 .bss.temp.9820
                0x200043f4        0x4 Src\MyGui.o
 .bss.G_PWMCounter
                0x200043f8        0x4 Src\main.o
                0x200043f8                G_PWMCounter
 .bss.G_temperature
                0x200043fc        0x4 Src\main.o
                0x200043fc                G_temperature
 .bss.G_pwm_output
                0x20004400        0x2 Src\main.o
                0x20004400                G_pwm_output
 .bss.G_pwm_pct_value
                0x20004402        0x2 Src\main.o
                0x20004402                G_pwm_pct_value
 .bss.G_mSCounter
                0x20004404        0x4 Src\main.o
                0x20004404                G_mSCounter
 .bss.G_SecondCounter
                0x20004408        0x4 Src\main.o
                0x20004408                G_SecondCounter
 .bss.G_pwm_output_status
                0x2000440c        0x2 Src\main.o
                0x2000440c                G_pwm_output_status
 *fill*         0x2000440e        0x2 
 .bss.FMC_Initialized
                0x20004410        0x4 Src\stm32f7xx_hal_msp.o
 .bss.CustomTimers
                0x20004414       0x18 Src\tm_stm32\tm_stm32_delay.o
 .bss.TM_Time   0x2000442c        0x4 Src\tm_stm32\tm_stm32_delay.o
                0x2000442c                TM_Time
 .bss.TM_Time2  0x20004430        0x4 Src\tm_stm32\tm_stm32_delay.o
                0x20004430                TM_Time2
 .bss.DMA2DHandle
                0x20004434       0x40 Src\tm_stm32\tm_stm32_dma2d_graphic.o
 .bss.GPIO_UsedPins
                0x20004474       0x1a Src\tm_stm32\tm_stm32_gpio.o
 *fill*         0x2000448e        0x2 
 .bss.LTDCHandle
                0x20004490       0xa8 Src\tm_stm32\tm_stm32_lcd.o
 .bss.LCD       0x20004538       0x30 Src\tm_stm32\tm_stm32_lcd.o
 .bss.initialized.8672
                0x20004568        0x1 Src\tm_stm32\tm_stm32_sdram.o
 *fill*         0x20004569        0x3 
 .bss.TouchDriver
                0x2000456c        0x8 Src\tm_stm32\tm_stm32_touch.o
 .bss.__malloc_max_total_mem
                0x20004574        0x4 c:/program files (x86)/atollic/truestudio for arm 7.1.2/armtools/bin/../lib/gcc/arm-atollic-eabi/5.3.1/../../../../arm-atollic-eabi/lib/armv7e-m/fpu/fpv5-sp-d16\libc.a(lib_a-mallocr.o)
                0x20004574                __malloc_max_total_mem
 .bss.__malloc_max_sbrked_mem
                0x20004578        0x4 c:/program files (x86)/atollic/truestudio for arm 7.1.2/armtools/bin/../lib/gcc/arm-atollic-eabi/5.3.1/../../../../arm-atollic-eabi/lib/armv7e-m/fpu/fpv5-sp-d16\libc.a(lib_a-mallocr.o)
                0x20004578                __malloc_max_sbrked_mem
 .bss.__malloc_top_pad
                0x2000457c        0x4 c:/program files (x86)/atollic/truestudio for arm 7.1.2/armtools/bin/../lib/gcc/arm-atollic-eabi/5.3.1/../../../../arm-atollic-eabi/lib/armv7e-m/fpu/fpv5-sp-d16\libc.a(lib_a-mallocr.o)
                0x2000457c                __malloc_top_pad
 .bss.__malloc_current_mallinfo
                0x20004580       0x28 c:/program files (x86)/atollic/truestudio for arm 7.1.2/armtools/bin/../lib/gcc/arm-atollic-eabi/5.3.1/../../../../arm-atollic-eabi/lib/armv7e-m/fpu/fpv5-sp-d16\libc.a(lib_a-mallocr.o)
                0x20004580                __malloc_current_mallinfo
 .bss.heap_end.4169
                0x200045a8        0x4 c:/program files (x86)/atollic/truestudio for arm 7.1.2/armtools/bin/../lib/gcc/arm-atollic-eabi/5.3.1/../../../../arm-atollic-eabi/lib/armv7e-m/fpu/fpv5-sp-d16\libnosys.a(sbrk.o)
 *(COMMON)
 COMMON         0x200045ac      0x524 Src\MyGui.o
                0x200045ac                bt_pwm_on
                0x200045f8                ld_pwm_output
                0x2000460c                bt_pwm_set_pct_100
                0x20004658                bt_pwm_plus
                0x200046a4                bt_menu3
                0x200046f0                FontSize
                0x200046f4                bt_pwm_set_pct_0
                0x20004740                ld_pwm_on
                0x20004754                bt_pwm_minus
                0x200047a0                bt_menu1
                0x200047ec                bt_menu4
                0x20004838                bt_pwm_temp
                0x20004884                bt_setting_save
                0x200048d0                bt_pwm_set_pct_25
                0x2000491c                bt_pwm_pct
                0x20004968                bt_menu2
                0x200049b4                bt_pwm_set_pct_50
                0x20004a00                Driver
                0x20004a08                TS
                0x20004a38                bt_menu5
                0x20004a84                bt_pwm_set_pct_75
 COMMON         0x20004ad0      0x12c Src\main.o
                0x20004ad0                defaultTaskHandle
                0x20004ad4                GuiTaskHandle
                0x20004ad8                xSemaphoreGraphData
                0x20004adc                hltdc
                0x20004b84                hdma2d
                0x20004bc4                hsdram1
                0x20004bf8                ControlTaskHandle
 COMMON         0x20004bfc       0x40 Src\stm32f7xx_hal_timebase_TIM.o
                0x20004bfc                htim14
 COMMON         0x20004c3c       0x2c Src\tm_stm32\tm_stm32_dma2d_graphic.o
                0x20004c3c                DMA2D_Height
                0x20004c40                DIS
                0x20004c60                DMA2D_StartAddress
                0x20004c64                DMA2D_Width
 COMMON         0x20004c68        0x4 c:/program files (x86)/atollic/truestudio for arm 7.1.2/armtools/bin/../lib/gcc/arm-atollic-eabi/5.3.1/../../../../arm-atollic-eabi/lib/armv7e-m/fpu/fpv5-sp-d16\libc.a(lib_a-reent.o)
                0x20004c68                errno
                0x20004c6c                . = ALIGN (0x4)
                0x20004c6c                _ebss = .
                0x20004c6c                __bss_end__ = _ebss

._user_heap_stack
                0x20004c6c      0x600 load address 0x0800b8e0
                0x20004c6c                . = ALIGN (0x4)
                0x20004c6c                PROVIDE (end, .)
                [!provide]                PROVIDE (_end, .)
                0x20004e6c                . = (. + _Min_Heap_Size)
 *fill*         0x20004c6c      0x200 
                0x2000526c                . = (. + _Min_Stack_Size)
 *fill*         0x20004e6c      0x400 
                0x2000526c                . = ALIGN (0x4)

/DISCARD/
 libc.a(*)
 libm.a(*)
 libgcc.a(*)

.ARM.attributes
                0x00000000       0x30
 *(.ARM.attributes)
 .ARM.attributes
                0x00000000       0x22 c:/program files (x86)/atollic/truestudio for arm 7.1.2/armtools/bin/../lib/gcc/arm-atollic-eabi/5.3.1/armv7e-m/fpu/fpv5-sp-d16/crti.o
 .ARM.attributes
                0x00000022       0x34 c:/program files (x86)/atollic/truestudio for arm 7.1.2/armtools/bin/../lib/gcc/arm-atollic-eabi/5.3.1/armv7e-m/fpu/fpv5-sp-d16/crtbegin.o
 .ARM.attributes
                0x00000056       0x39 Drivers\STM32F7xx_HAL_Driver\Src\stm32f7xx_hal.o
 .ARM.attributes
                0x0000008f       0x39 Drivers\STM32F7xx_HAL_Driver\Src\stm32f7xx_hal_cortex.o
 .ARM.attributes
                0x000000c8       0x39 Drivers\STM32F7xx_HAL_Driver\Src\stm32f7xx_hal_dma2d.o
 .ARM.attributes
                0x00000101       0x39 Drivers\STM32F7xx_HAL_Driver\Src\stm32f7xx_hal_gpio.o
 .ARM.attributes
                0x0000013a       0x39 Drivers\STM32F7xx_HAL_Driver\Src\stm32f7xx_hal_i2c.o
 .ARM.attributes
                0x00000173       0x39 Drivers\STM32F7xx_HAL_Driver\Src\stm32f7xx_hal_i2c_ex.o
 .ARM.attributes
                0x000001ac       0x39 Drivers\STM32F7xx_HAL_Driver\Src\stm32f7xx_hal_ltdc.o
 .ARM.attributes
                0x000001e5       0x39 Drivers\STM32F7xx_HAL_Driver\Src\stm32f7xx_hal_rcc.o
 .ARM.attributes
                0x0000021e       0x39 Drivers\STM32F7xx_HAL_Driver\Src\stm32f7xx_hal_rcc_ex.o
 .ARM.attributes
                0x00000257       0x39 Drivers\STM32F7xx_HAL_Driver\Src\stm32f7xx_hal_sdram.o
 .ARM.attributes
                0x00000290       0x39 Drivers\STM32F7xx_HAL_Driver\Src\stm32f7xx_hal_tim.o
 .ARM.attributes
                0x000002c9       0x39 Drivers\STM32F7xx_HAL_Driver\Src\stm32f7xx_hal_tim_ex.o
 .ARM.attributes
                0x00000302       0x39 Drivers\STM32F7xx_HAL_Driver\Src\stm32f7xx_ll_fmc.o
 .ARM.attributes
                0x0000033b       0x39 Middlewares\Third_Party\FreeRTOS\Source\CMSIS_RTOS\cmsis_os.o
 .ARM.attributes
                0x00000374       0x39 Middlewares\Third_Party\FreeRTOS\Source\list.o
 .ARM.attributes
                0x000003ad       0x39 Middlewares\Third_Party\FreeRTOS\Source\portable\GCC\ARM_CM7\r0p1\port.o
 .ARM.attributes
                0x000003e6       0x39 Middlewares\Third_Party\FreeRTOS\Source\portable\MemMang\heap_4.o
 .ARM.attributes
                0x0000041f       0x39 Middlewares\Third_Party\FreeRTOS\Source\queue.o
 .ARM.attributes
                0x00000458       0x39 Middlewares\Third_Party\FreeRTOS\Source\tasks.o
 .ARM.attributes
                0x00000491       0x39 Src\MyGui.o
 .ARM.attributes
                0x000004ca       0x39 Src\fr\fr_button.o
 .ARM.attributes
                0x00000503       0x39 Src\fr\fr_display_led.o
 .ARM.attributes
                0x0000053c       0x39 Src\main.o
 .ARM.attributes
                0x00000575       0x39 Src\stm32f7xx_hal_msp.o
 .ARM.attributes
                0x000005ae       0x39 Src\stm32f7xx_hal_timebase_TIM.o
 .ARM.attributes
                0x000005e7       0x39 Src\stm32f7xx_it.o
 .ARM.attributes
                0x00000620       0x39 Src\system_stm32f7xx.o
 .ARM.attributes
                0x00000659       0x39 Src\tm_stm32\tm_stm32_delay.o
 .ARM.attributes
                0x00000692       0x39 Src\tm_stm32\tm_stm32_dma2d_graphic.o
 .ARM.attributes
                0x000006cb       0x39 Src\tm_stm32\tm_stm32_fonts.o
 .ARM.attributes
                0x00000704       0x39 Src\tm_stm32\tm_stm32_gpio.o
 .ARM.attributes
                0x0000073d       0x39 Src\tm_stm32\tm_stm32_i2c.o
 .ARM.attributes
                0x00000776       0x39 Src\tm_stm32\tm_stm32_lcd.o
 .ARM.attributes
                0x000007af       0x39 Src\tm_stm32\tm_stm32_sdram.o
 .ARM.attributes
                0x000007e8       0x39 Src\tm_stm32\tm_stm32_touch.o
 .ARM.attributes
                0x00000821       0x39 Src\tm_stm32\tm_stm32_touch_ft5336.o
 .ARM.attributes
                0x0000085a       0x21 startup\startup_stm32f746xx.o
 .ARM.attributes
                0x0000087b       0x34 c:/program files (x86)/atollic/truestudio for arm 7.1.2/armtools/bin/../lib/gcc/arm-atollic-eabi/5.3.1/../../../../arm-atollic-eabi/lib/armv7e-m/fpu/fpv5-sp-d16\libc.a(lib_a-init.o)
 .ARM.attributes
                0x000008af       0x34 c:/program files (x86)/atollic/truestudio for arm 7.1.2/armtools/bin/../lib/gcc/arm-atollic-eabi/5.3.1/../../../../arm-atollic-eabi/lib/armv7e-m/fpu/fpv5-sp-d16\libc.a(lib_a-malloc.o)
 .ARM.attributes
                0x000008e3       0x34 c:/program files (x86)/atollic/truestudio for arm 7.1.2/armtools/bin/../lib/gcc/arm-atollic-eabi/5.3.1/../../../../arm-atollic-eabi/lib/armv7e-m/fpu/fpv5-sp-d16\libc.a(lib_a-mallocr.o)
 .ARM.attributes
                0x00000917       0x34 c:/program files (x86)/atollic/truestudio for arm 7.1.2/armtools/bin/../lib/gcc/arm-atollic-eabi/5.3.1/../../../../arm-atollic-eabi/lib/armv7e-m/fpu/fpv5-sp-d16\libc.a(lib_a-memcpy-stub.o)
 .ARM.attributes
                0x0000094b       0x34 c:/program files (x86)/atollic/truestudio for arm 7.1.2/armtools/bin/../lib/gcc/arm-atollic-eabi/5.3.1/../../../../arm-atollic-eabi/lib/armv7e-m/fpu/fpv5-sp-d16\libc.a(lib_a-memset.o)
 .ARM.attributes
                0x0000097f       0x34 c:/program files (x86)/atollic/truestudio for arm 7.1.2/armtools/bin/../lib/gcc/arm-atollic-eabi/5.3.1/../../../../arm-atollic-eabi/lib/armv7e-m/fpu/fpv5-sp-d16\libc.a(lib_a-mlock.o)
 .ARM.attributes
                0x000009b3       0x34 c:/program files (x86)/atollic/truestudio for arm 7.1.2/armtools/bin/../lib/gcc/arm-atollic-eabi/5.3.1/../../../../arm-atollic-eabi/lib/armv7e-m/fpu/fpv5-sp-d16\libc.a(lib_a-sbrkr.o)
 .ARM.attributes
                0x000009e7       0x34 c:/program files (x86)/atollic/truestudio for arm 7.1.2/armtools/bin/../lib/gcc/arm-atollic-eabi/5.3.1/../../../../arm-atollic-eabi/lib/armv7e-m/fpu/fpv5-sp-d16\libc.a(lib_a-sprintf.o)
 .ARM.attributes
                0x00000a1b       0x34 c:/program files (x86)/atollic/truestudio for arm 7.1.2/armtools/bin/../lib/gcc/arm-atollic-eabi/5.3.1/../../../../arm-atollic-eabi/lib/armv7e-m/fpu/fpv5-sp-d16\libc.a(lib_a-strcpy.o)
 .ARM.attributes
                0x00000a4f       0x1b c:/program files (x86)/atollic/truestudio for arm 7.1.2/armtools/bin/../lib/gcc/arm-atollic-eabi/5.3.1/../../../../arm-atollic-eabi/lib/armv7e-m/fpu/fpv5-sp-d16\libc.a(lib_a-strlen.o)
 .ARM.attributes
                0x00000a6a       0x34 c:/program files (x86)/atollic/truestudio for arm 7.1.2/armtools/bin/../lib/gcc/arm-atollic-eabi/5.3.1/../../../../arm-atollic-eabi/lib/armv7e-m/fpu/fpv5-sp-d16\libc.a(lib_a-svfprintf.o)
 .ARM.attributes
                0x00000a9e       0x34 c:/program files (x86)/atollic/truestudio for arm 7.1.2/armtools/bin/../lib/gcc/arm-atollic-eabi/5.3.1/../../../../arm-atollic-eabi/lib/armv7e-m/fpu/fpv5-sp-d16\libc.a(lib_a-dtoa.o)
 .ARM.attributes
                0x00000ad2       0x34 c:/program files (x86)/atollic/truestudio for arm 7.1.2/armtools/bin/../lib/gcc/arm-atollic-eabi/5.3.1/../../../../arm-atollic-eabi/lib/armv7e-m/fpu/fpv5-sp-d16\libc.a(lib_a-freer.o)
 .ARM.attributes
                0x00000b06       0x34 c:/program files (x86)/atollic/truestudio for arm 7.1.2/armtools/bin/../lib/gcc/arm-atollic-eabi/5.3.1/../../../../arm-atollic-eabi/lib/armv7e-m/fpu/fpv5-sp-d16\libc.a(lib_a-impure.o)
 .ARM.attributes
                0x00000b3a       0x34 c:/program files (x86)/atollic/truestudio for arm 7.1.2/armtools/bin/../lib/gcc/arm-atollic-eabi/5.3.1/../../../../arm-atollic-eabi/lib/armv7e-m/fpu/fpv5-sp-d16\libc.a(lib_a-locale.o)
 .ARM.attributes
                0x00000b6e       0x20 c:/program files (x86)/atollic/truestudio for arm 7.1.2/armtools/bin/../lib/gcc/arm-atollic-eabi/5.3.1/../../../../arm-atollic-eabi/lib/armv7e-m/fpu/fpv5-sp-d16\libc.a(lib_a-memchr.o)
 .ARM.attributes
                0x00000b8e       0x34 c:/program files (x86)/atollic/truestudio for arm 7.1.2/armtools/bin/../lib/gcc/arm-atollic-eabi/5.3.1/../../../../arm-atollic-eabi/lib/armv7e-m/fpu/fpv5-sp-d16\libc.a(lib_a-mprec.o)
 .ARM.attributes
                0x00000bc2       0x34 c:/program files (x86)/atollic/truestudio for arm 7.1.2/armtools/bin/../lib/gcc/arm-atollic-eabi/5.3.1/../../../../arm-atollic-eabi/lib/armv7e-m/fpu/fpv5-sp-d16\libc.a(lib_a-reent.o)
 .ARM.attributes
                0x00000bf6       0x34 c:/program files (x86)/atollic/truestudio for arm 7.1.2/armtools/bin/../lib/gcc/arm-atollic-eabi/5.3.1/../../../../arm-atollic-eabi/lib/armv7e-m/fpu/fpv5-sp-d16\libc.a(lib_a-svfiprintf.o)
 .ARM.attributes
                0x00000c2a       0x34 c:/program files (x86)/atollic/truestudio for arm 7.1.2/armtools/bin/../lib/gcc/arm-atollic-eabi/5.3.1/../../../../arm-atollic-eabi/lib/armv7e-m/fpu/fpv5-sp-d16\libc.a(lib_a-callocr.o)
 .ARM.attributes
                0x00000c5e       0x34 c:/program files (x86)/atollic/truestudio for arm 7.1.2/armtools/bin/../lib/gcc/arm-atollic-eabi/5.3.1/../../../../arm-atollic-eabi/lib/armv7e-m/fpu/fpv5-sp-d16\libc.a(lib_a-memmove.o)
 .ARM.attributes
                0x00000c92       0x34 c:/program files (x86)/atollic/truestudio for arm 7.1.2/armtools/bin/../lib/gcc/arm-atollic-eabi/5.3.1/../../../../arm-atollic-eabi/lib/armv7e-m/fpu/fpv5-sp-d16\libc.a(lib_a-reallocr.o)
 .ARM.attributes
                0x00000cc6       0x22 c:/program files (x86)/atollic/truestudio for arm 7.1.2/armtools/bin/../lib/gcc/arm-atollic-eabi/5.3.1/armv7e-m/fpu/fpv5-sp-d16\libgcc.a(_arm_addsubdf3.o)
 .ARM.attributes
                0x00000ce8       0x22 c:/program files (x86)/atollic/truestudio for arm 7.1.2/armtools/bin/../lib/gcc/arm-atollic-eabi/5.3.1/armv7e-m/fpu/fpv5-sp-d16\libgcc.a(_arm_muldivdf3.o)
 .ARM.attributes
                0x00000d0a       0x22 c:/program files (x86)/atollic/truestudio for arm 7.1.2/armtools/bin/../lib/gcc/arm-atollic-eabi/5.3.1/armv7e-m/fpu/fpv5-sp-d16\libgcc.a(_arm_cmpdf2.o)
 .ARM.attributes
                0x00000d2c       0x22 c:/program files (x86)/atollic/truestudio for arm 7.1.2/armtools/bin/../lib/gcc/arm-atollic-eabi/5.3.1/armv7e-m/fpu/fpv5-sp-d16\libgcc.a(_arm_unorddf2.o)
 .ARM.attributes
                0x00000d4e       0x22 c:/program files (x86)/atollic/truestudio for arm 7.1.2/armtools/bin/../lib/gcc/arm-atollic-eabi/5.3.1/armv7e-m/fpu/fpv5-sp-d16\libgcc.a(_arm_fixdfsi.o)
 .ARM.attributes
                0x00000d70       0x22 c:/program files (x86)/atollic/truestudio for arm 7.1.2/armtools/bin/../lib/gcc/arm-atollic-eabi/5.3.1/armv7e-m/fpu/fpv5-sp-d16\libgcc.a(_aeabi_uldivmod.o)
 .ARM.attributes
                0x00000d92       0x34 c:/program files (x86)/atollic/truestudio for arm 7.1.2/armtools/bin/../lib/gcc/arm-atollic-eabi/5.3.1/armv7e-m/fpu/fpv5-sp-d16\libgcc.a(_udivmoddi4.o)
 .ARM.attributes
                0x00000dc6       0x22 c:/program files (x86)/atollic/truestudio for arm 7.1.2/armtools/bin/../lib/gcc/arm-atollic-eabi/5.3.1/armv7e-m/fpu/fpv5-sp-d16\libgcc.a(_dvmd_tls.o)
 .ARM.attributes
                0x00000de8       0x34 c:/program files (x86)/atollic/truestudio for arm 7.1.2/armtools/bin/../lib/gcc/arm-atollic-eabi/5.3.1/../../../../arm-atollic-eabi/lib/armv7e-m/fpu/fpv5-sp-d16\libnosys.a(sbrk.o)
 .ARM.attributes
                0x00000e1c       0x22 c:/program files (x86)/atollic/truestudio for arm 7.1.2/armtools/bin/../lib/gcc/arm-atollic-eabi/5.3.1/armv7e-m/fpu/fpv5-sp-d16/crtn.o
OUTPUT(ARMBREW32.elf elf32-littlearm)

.debug_info     0x00000000    0x232cc
 .debug_info    0x00000000      0x8e3 Drivers\STM32F7xx_HAL_Driver\Src\stm32f7xx_hal.o
 .debug_info    0x000008e3     0x111d Drivers\STM32F7xx_HAL_Driver\Src\stm32f7xx_hal_cortex.o
 .debug_info    0x00001a00     0x1326 Drivers\STM32F7xx_HAL_Driver\Src\stm32f7xx_hal_dma2d.o
 .debug_info    0x00002d26      0x754 Drivers\STM32F7xx_HAL_Driver\Src\stm32f7xx_hal_gpio.o
 .debug_info    0x0000347a     0x2f91 Drivers\STM32F7xx_HAL_Driver\Src\stm32f7xx_hal_i2c.o
 .debug_info    0x0000640b      0x6a4 Drivers\STM32F7xx_HAL_Driver\Src\stm32f7xx_hal_i2c_ex.o
 .debug_info    0x00006aaf     0x123b Drivers\STM32F7xx_HAL_Driver\Src\stm32f7xx_hal_ltdc.o
 .debug_info    0x00007cea      0xcea Drivers\STM32F7xx_HAL_Driver\Src\stm32f7xx_hal_rcc.o
 .debug_info    0x000089d4      0xf68 Drivers\STM32F7xx_HAL_Driver\Src\stm32f7xx_hal_rcc_ex.o
 .debug_info    0x0000993c      0xcf3 Drivers\STM32F7xx_HAL_Driver\Src\stm32f7xx_hal_sdram.o
 .debug_info    0x0000a62f     0x2d4b Drivers\STM32F7xx_HAL_Driver\Src\stm32f7xx_hal_tim.o
 .debug_info    0x0000d37a     0x1326 Drivers\STM32F7xx_HAL_Driver\Src\stm32f7xx_hal_tim_ex.o
 .debug_info    0x0000e6a0      0xc88 Drivers\STM32F7xx_HAL_Driver\Src\stm32f7xx_ll_fmc.o
 .debug_info    0x0000f328     0x1c72 Middlewares\Third_Party\FreeRTOS\Source\CMSIS_RTOS\cmsis_os.o
 .debug_info    0x00010f9a      0x2a1 Middlewares\Third_Party\FreeRTOS\Source\list.o
 .debug_info    0x0001123b      0x4e3 Middlewares\Third_Party\FreeRTOS\Source\portable\GCC\ARM_CM7\r0p1\port.o
 .debug_info    0x0001171e      0x486 Middlewares\Third_Party\FreeRTOS\Source\portable\MemMang\heap_4.o
 .debug_info    0x00011ba4     0x17db Middlewares\Third_Party\FreeRTOS\Source\queue.o
 .debug_info    0x0001337f     0x22cf Middlewares\Third_Party\FreeRTOS\Source\tasks.o
 .debug_info    0x0001564e     0x13e8 Src\MyGui.o
 .debug_info    0x00016a36      0x65f Src\fr\fr_button.o
 .debug_info    0x00017095      0x1b3 Src\fr\fr_display_led.o
 .debug_info    0x00017248     0x1c7e Src\main.o
 .debug_info    0x00018ec6     0x1595 Src\stm32f7xx_hal_msp.o
 .debug_info    0x0001a45b      0xc02 Src\stm32f7xx_hal_timebase_TIM.o
 .debug_info    0x0001b05d      0x60c Src\stm32f7xx_it.o
 .debug_info    0x0001b669      0x6e5 Src\system_stm32f7xx.o
 .debug_info    0x0001bd4e      0x77a Src\tm_stm32\tm_stm32_delay.o
 .debug_info    0x0001c4c8     0x20c1 Src\tm_stm32\tm_stm32_dma2d_graphic.o
 .debug_info    0x0001e589      0x266 Src\tm_stm32\tm_stm32_fonts.o
 .debug_info    0x0001e7ef      0x8fc Src\tm_stm32\tm_stm32_gpio.o
 .debug_info    0x0001f0eb     0x16ba Src\tm_stm32\tm_stm32_i2c.o
 .debug_info    0x000207a5     0x189a Src\tm_stm32\tm_stm32_lcd.o
 .debug_info    0x0002203f      0xb71 Src\tm_stm32\tm_stm32_sdram.o