stm32f7xx_hal_dma2d.c:1687:13:DMA2D_SetConfig	20	static
stm32f7xx_hal_dma2d.c:371:13:HAL_DMA2D_MspInit	0	static
stm32f7xx_hal_dma2d.c:232:19:HAL_DMA2D_Init	8	static
stm32f7xx_hal_dma2d.c:387:13:HAL_DMA2D_MspDeInit	0	static
stm32f7xx_hal_dma2d.c:450:19:HAL_DMA2D_Start	24	static
stm32f7xx_hal_dma2d.c:484:19:HAL_DMA2D_Start_IT	24	static
stm32f7xx_hal_dma2d.c:519:19:HAL_DMA2D_BlendingStart	24	static
stm32f7xx_hal_dma2d.c:554:19:HAL_DMA2D_BlendingStart_IT	24	static
stm32f7xx_hal_dma2d.c:587:19:HAL_DMA2D_Abort	16	static
stm32f7xx_hal_dma2d.c:636:19:HAL_DMA2D_Suspend	16	static
stm32f7xx_hal_dma2d.c:686:19:HAL_DMA2D_Resume	0	static
stm32f7xx_hal_dma2d.c:714:19:HAL_DMA2D_EnableCLUT	0	static
stm32f7xx_hal_dma2d.c:752:19:HAL_DMA2D_CLUTLoad	40	static
stm32f7xx_hal_dma2d.c:806:19:HAL_DMA2D_CLUTLoad_IT	40	static
stm32f7xx_hal_dma2d.c:864:19:HAL_DMA2D_CLUTLoading_Abort	16	static
stm32f7xx_hal_dma2d.c:293:19:HAL_DMA2D_DeInit	8	static
stm32f7xx_hal_dma2d.c:921:19:HAL_DMA2D_CLUTLoading_Suspend	16	static
stm32f7xx_hal_dma2d.c:978:19:HAL_DMA2D_CLUTLoading_Resume	0	static
stm32f7xx_hal_dma2d.c:1017:19:HAL_DMA2D_PollForTransfer	24	static
stm32f7xx_hal_dma2d.c:1304:13:HAL_DMA2D_LineEventCallback	0	static
stm32f7xx_hal_dma2d.c:1320:13:HAL_DMA2D_CLUTLoadingCpltCallback	0	static
stm32f7xx_hal_dma2d.c:1143:6:HAL_DMA2D_IRQHandler	16	static
stm32f7xx_hal_dma2d.c:1363:19:HAL_DMA2D_ConfigLayer	20	static
stm32f7xx_hal_dma2d.c:1462:19:HAL_DMA2D_ConfigCLUT	40	static
stm32f7xx_hal_dma2d.c:1516:19:HAL_DMA2D_ProgramLineEvent	0	static
stm32f7xx_hal_dma2d.c:1554:19:HAL_DMA2D_EnableDeadTime	0	static
stm32f7xx_hal_dma2d.c:1577:19:HAL_DMA2D_DisableDeadTime	0	static
stm32f7xx_hal_dma2d.c:1603:19:HAL_DMA2D_ConfigDeadTime	8	static
stm32f7xx_hal_dma2d.c:1648:24:HAL_DMA2D_GetState	0	static
stm32f7xx_hal_dma2d.c:1659:10:HAL_DMA2D_GetError	0	static
