stm32f7xx_hal_tim_ex.c:2435:13:TIM_CCxNChannelCmd	8	static
stm32f7xx_hal_tim_ex.c:2458:13:TIM_OC5_SetConfig	12	static
stm32f7xx_hal_tim_ex.c:2510:13:TIM_OC6_SetConfig	12	static
stm32f7xx_hal_tim_ex.c:268:13:HAL_TIMEx_HallSensor_MspInit	0	static
stm32f7xx_hal_tim_ex.c:166:19:HAL_TIMEx_HallSensor_Init	48	static
stm32f7xx_hal_tim_ex.c:284:13:HAL_TIMEx_HallSensor_MspDeInit	0	static
stm32f7xx_hal_tim_ex.c:240:19:HAL_TIMEx_HallSensor_DeInit	8	static
stm32f7xx_hal_tim_ex.c:300:19:HAL_TIMEx_HallSensor_Start	8	static
stm32f7xx_hal_tim_ex.c:322:19:HAL_TIMEx_HallSensor_Stop	8	static
stm32f7xx_hal_tim_ex.c:344:19:HAL_TIMEx_HallSensor_Start_IT	8	static
stm32f7xx_hal_tim_ex.c:369:19:HAL_TIMEx_HallSensor_Stop_IT	8	static
stm32f7xx_hal_tim_ex.c:396:19:HAL_TIMEx_HallSensor_Start_DMA	16	static
stm32f7xx_hal_tim_ex.c:444:19:HAL_TIMEx_HallSensor_Stop_DMA	8	static
stm32f7xx_hal_tim_ex.c:924:19:HAL_TIMEx_PWMN_Start	8	static
stm32f7xx_hal_tim_ex.c:501:19:HAL_TIMEx_OCN_Start	0	static
stm32f7xx_hal_tim_ex.c:985:19:HAL_TIMEx_PWMN_Start_IT	8	static
stm32f7xx_hal_tim_ex.c:563:19:HAL_TIMEx_OCN_Start_IT	0	static
stm32f7xx_hal_tim_ex.c:1053:19:HAL_TIMEx_PWMN_Stop_IT	8	static
stm32f7xx_hal_tim_ex.c:631:19:HAL_TIMEx_OCN_Stop_IT	0	static
stm32f7xx_hal_tim_ex.c:1129:19:HAL_TIMEx_PWMN_Start_DMA	16	static
stm32f7xx_hal_tim_ex.c:707:19:HAL_TIMEx_OCN_Start_DMA	0	static
stm32f7xx_hal_tim_ex.c:1245:19:HAL_TIMEx_PWMN_Stop_DMA	8	static
stm32f7xx_hal_tim_ex.c:823:19:HAL_TIMEx_OCN_Stop_DMA	0	static
stm32f7xx_hal_tim_ex.c:1333:19:HAL_TIMEx_OnePulseN_Start	8	static
stm32f7xx_hal_tim_ex.c:1359:19:HAL_TIMEx_OnePulseN_Stop	8	static
stm32f7xx_hal_tim_ex.c:954:19:HAL_TIMEx_PWMN_Stop	0	static
stm32f7xx_hal_tim_ex.c:532:19:HAL_TIMEx_OCN_Stop	0	static
stm32f7xx_hal_tim_ex.c:1389:19:HAL_TIMEx_OnePulseN_Start_IT	8	static
stm32f7xx_hal_tim_ex.c:1421:19:HAL_TIMEx_OnePulseN_Stop_IT	8	static
stm32f7xx_hal_tim_ex.c:1491:19:HAL_TIMEx_ConfigCommutationEvent	8	static
stm32f7xx_hal_tim_ex.c:1541:19:HAL_TIMEx_ConfigCommutationEvent_IT	8	static
stm32f7xx_hal_tim_ex.c:1595:19:HAL_TIMEx_ConfigCommutationEvent_DMA	8	static
stm32f7xx_hal_tim_ex.c:1640:19:HAL_TIMEx_MasterConfigSynchronization	12	static
stm32f7xx_hal_tim_ex.c:1701:19:HAL_TIMEx_ConfigBreakDeadTime	8	static
stm32f7xx_hal_tim_ex.c:1867:19:HAL_TIMEx_RemapConfig	0	static
stm32f7xx_hal_tim_ex.c:1896:19:HAL_TIMEx_GroupChannel5	0	static
stm32f7xx_hal_tim_ex.c:1945:13:HAL_TIMEx_CommutationCallback	0	static
stm32f7xx_hal_tim_ex.c:2011:6:TIMEx_DMACommutationCplt	8	static
stm32f7xx_hal_tim_ex.c:1961:13:HAL_TIMEx_BreakCallback	0	static
stm32f7xx_hal_tim_ex.c:1996:22:HAL_TIMEx_HallSensor_GetState	0	static
stm32f7xx_hal_tim_ex.c:2038:19:HAL_TIM_ConfigOCrefClear	16	static
stm32f7xx_hal_tim_ex.c:2193:19:HAL_TIM_OC_ConfigChannel	8	static
stm32f7xx_hal_tim_ex.c:2293:19:HAL_TIM_PWM_ConfigChannel	16	static
