stm32f7xx_hal_tim.c:5226:13:TIM_TI1_ConfigInputStage	8	static
stm32f7xx_hal_tim.c:5309:13:TIM_TI2_ConfigInputStage	8	static
stm32f7xx_hal_tim.c:269:13:HAL_TIM_Base_MspInit	0	static
stm32f7xx_hal_tim.c:285:13:HAL_TIM_Base_MspDeInit	0	static
stm32f7xx_hal_tim.c:241:19:HAL_TIM_Base_DeInit	8	static
stm32f7xx_hal_tim.c:301:19:HAL_TIM_Base_Start	0	static
stm32f7xx_hal_tim.c:325:19:HAL_TIM_Base_Stop	0	static
stm32f7xx_hal_tim.c:349:19:HAL_TIM_Base_Start_IT	0	static
stm32f7xx_hal_tim.c:370:19:HAL_TIM_Base_Stop_IT	0	static
stm32f7xx_hal_tim.c:392:19:HAL_TIM_Base_Start_DMA	8	static
stm32f7xx_hal_tim.c:437:19:HAL_TIM_Base_Stop_DMA	0	static
stm32f7xx_hal_tim.c:555:13:HAL_TIM_OC_MspInit	0	static
stm32f7xx_hal_tim.c:571:13:HAL_TIM_OC_MspDeInit	0	static
stm32f7xx_hal_tim.c:527:19:HAL_TIM_OC_DeInit	8	static
stm32f7xx_hal_tim.c:1071:13:HAL_TIM_PWM_MspInit	0	static
stm32f7xx_hal_tim.c:1087:13:HAL_TIM_PWM_MspDeInit	0	static
stm32f7xx_hal_tim.c:1043:19:HAL_TIM_PWM_DeInit	8	static
stm32f7xx_hal_tim.c:1590:13:HAL_TIM_IC_MspInit	0	static
stm32f7xx_hal_tim.c:1606:13:HAL_TIM_IC_MspDeInit	0	static
stm32f7xx_hal_tim.c:1562:19:HAL_TIM_IC_DeInit	8	static
stm32f7xx_hal_tim.c:2082:13:HAL_TIM_OnePulse_MspInit	0	static
stm32f7xx_hal_tim.c:2098:13:HAL_TIM_OnePulse_MspDeInit	0	static
stm32f7xx_hal_tim.c:2054:19:HAL_TIM_OnePulse_DeInit	8	static
stm32f7xx_hal_tim.c:2118:19:HAL_TIM_OnePulse_Start	0	static
stm32f7xx_hal_tim.c:2152:19:HAL_TIM_OnePulse_Stop	0	static
stm32f7xx_hal_tim.c:2186:19:HAL_TIM_OnePulse_Start_IT	0	static
stm32f7xx_hal_tim.c:2226:19:HAL_TIM_OnePulse_Stop_IT	0	static
stm32f7xx_hal_tim.c:2407:13:HAL_TIM_Encoder_MspInit	0	static
stm32f7xx_hal_tim.c:2423:13:HAL_TIM_Encoder_MspDeInit	0	static
stm32f7xx_hal_tim.c:2379:19:HAL_TIM_Encoder_DeInit	8	static
stm32f7xx_hal_tim.c:2444:19:HAL_TIM_Encoder_Start	0	static
stm32f7xx_hal_tim.c:2487:19:HAL_TIM_Encoder_Stop	0	static
stm32f7xx_hal_tim.c:2531:19:HAL_TIM_Encoder_Start_IT	0	static
stm32f7xx_hal_tim.c:2580:19:HAL_TIM_Encoder_Stop_IT	0	static
stm32f7xx_hal_tim.c:2635:19:HAL_TIM_Encoder_Start_DMA	24	static
stm32f7xx_hal_tim.c:2753:19:HAL_TIM_Encoder_Stop_DMA	0	static
stm32f7xx_hal_tim.c:3396:19:HAL_TIM_DMABurst_WriteStart	24	static
stm32f7xx_hal_tim.c:3621:19:HAL_TIM_DMABurst_ReadStart	24	static
stm32f7xx_hal_tim.c:3754:19:HAL_TIM_DMABurst_ReadStop	16	static
stm32f7xx_hal_tim.c:3528:19:HAL_TIM_DMABurst_WriteStop	0	static
stm32f7xx_hal_tim.c:3828:19:HAL_TIM_GenerateEvent	0	static
stm32f7xx_hal_tim.c:4126:19:HAL_TIM_ConfigTI1Input	0	static
stm32f7xx_hal_tim.c:4345:10:HAL_TIM_ReadCapturedValue	0	static
stm32f7xx_hal_tim.c:4433:13:HAL_TIM_PeriodElapsedCallback	0	static
stm32f7xx_hal_tim.c:4700:13:TIM_DMAPeriodElapsedCplt	8	static
stm32f7xx_hal_tim.c:4449:13:HAL_TIM_OC_DelayElapsedCallback	0	static
stm32f7xx_hal_tim.c:4464:13:HAL_TIM_IC_CaptureCallback	0	static
stm32f7xx_hal_tim.c:4665:6:TIM_DMACaptureCplt	8	static
stm32f7xx_hal_tim.c:4480:13:HAL_TIM_PWM_PulseFinishedCallback	0	static
stm32f7xx_hal_tim.c:4632:6:TIM_DMADelayPulseCplt	8	static
stm32f7xx_hal_tim.c:4496:13:HAL_TIM_TriggerCallback	0	static
stm32f7xx_hal_tim.c:2816:6:HAL_TIM_IRQHandler	8	static
stm32f7xx_hal_tim.c:4715:13:TIM_DMATriggerCplt	8	static
stm32f7xx_hal_tim.c:4512:13:HAL_TIM_ErrorCallback	0	static
stm32f7xx_hal_tim.c:4617:6:TIM_DMAError	8	static
stm32f7xx_hal_tim.c:4547:22:HAL_TIM_Base_GetState	0	static
stm32f7xx_hal_tim.c:4558:22:HAL_TIM_OC_GetState	0	static
stm32f7xx_hal_tim.c:4569:22:HAL_TIM_PWM_GetState	0	static
stm32f7xx_hal_tim.c:4580:22:HAL_TIM_IC_GetState	0	static
stm32f7xx_hal_tim.c:4591:22:HAL_TIM_OnePulse_GetState	0	static
stm32f7xx_hal_tim.c:4602:22:HAL_TIM_Encoder_GetState	0	static
stm32f7xx_hal_tim.c:4730:6:TIM_Base_SetConfig	0	static
stm32f7xx_hal_tim.c:201:19:HAL_TIM_Base_Init	8	static
stm32f7xx_hal_tim.c:487:19:HAL_TIM_OC_Init	8	static
stm32f7xx_hal_tim.c:1003:19:HAL_TIM_PWM_Init	8	static
stm32f7xx_hal_tim.c:1522:19:HAL_TIM_IC_Init	8	static
stm32f7xx_hal_tim.c:2007:19:HAL_TIM_OnePulse_Init	16	static
stm32f7xx_hal_tim.c:2287:19:HAL_TIM_Encoder_Init	24	static
stm32f7xx_hal_tim.c:4778:6:TIM_OC1_SetConfig	16	static
stm32f7xx_hal_tim.c:4843:6:TIM_OC2_SetConfig	12	static
stm32f7xx_hal_tim.c:4910:6:TIM_OC3_SetConfig	12	static
stm32f7xx_hal_tim.c:4976:6:TIM_OC4_SetConfig	12	static
stm32f7xx_hal_tim.c:2991:26:HAL_TIM_OC_ConfigChannel	16	static
stm32f7xx_hal_tim.c:3158:26:HAL_TIM_PWM_ConfigChannel	16	static
stm32f7xx_hal_tim.c:5179:6:TIM_TI1_SetConfig	16	static
stm32f7xx_hal_tim.c:3061:19:HAL_TIM_IC_ConfigChannel	24	static
stm32f7xx_hal_tim.c:3259:19:HAL_TIM_OnePulse_ConfigChannel	48	static
stm32f7xx_hal_tim.c:5474:6:TIM_ETR_SetConfig	8	static
stm32f7xx_hal_tim.c:3866:26:HAL_TIM_ConfigOCrefClear	16	static
stm32f7xx_hal_tim.c:3970:19:HAL_TIM_ConfigClockSource	8	static
stm32f7xx_hal_tim.c:4159:19:HAL_TIM_SlaveConfigSynchronization	16	static
stm32f7xx_hal_tim.c:4306:19:HAL_TIM_SlaveConfigSynchronization_IT	16	static
stm32f7xx_hal_tim.c:5504:6:TIM_CCxChannelCmd	8	static
stm32f7xx_hal_tim.c:626:19:HAL_TIM_OC_Stop	8	static
stm32f7xx_hal_tim.c:1109:19:HAL_TIM_PWM_Start	8	static
stm32f7xx_hal_tim.c:593:19:HAL_TIM_OC_Start	0	static
stm32f7xx_hal_tim.c:1142:19:HAL_TIM_PWM_Stop	8	static
stm32f7xx_hal_tim.c:1178:19:HAL_TIM_PWM_Start_IT	8	static
stm32f7xx_hal_tim.c:659:19:HAL_TIM_OC_Start_IT	0	static
stm32f7xx_hal_tim.c:1245:19:HAL_TIM_PWM_Stop_IT	8	static
stm32f7xx_hal_tim.c:726:19:HAL_TIM_OC_Stop_IT	0	static
stm32f7xx_hal_tim.c:1314:19:HAL_TIM_PWM_Start_DMA	16	static
stm32f7xx_hal_tim.c:795:19:HAL_TIM_OC_Start_DMA	0	static
stm32f7xx_hal_tim.c:1432:19:HAL_TIM_PWM_Stop_DMA	8	static
stm32f7xx_hal_tim.c:913:19:HAL_TIM_OC_Stop_DMA	0	static
stm32f7xx_hal_tim.c:1628:19:HAL_TIM_IC_Start	8	static
stm32f7xx_hal_tim.c:1655:19:HAL_TIM_IC_Stop	8	static
stm32f7xx_hal_tim.c:1682:19:HAL_TIM_IC_Start_IT	8	static
stm32f7xx_hal_tim.c:1742:19:HAL_TIM_IC_Stop_IT	8	static
stm32f7xx_hal_tim.c:1805:19:HAL_TIM_IC_Start_DMA	16	static
stm32f7xx_hal_tim.c:1919:19:HAL_TIM_IC_Stop_DMA	8	static
