MyGui.c:428:6:Menu1Touch	0	static
MyGui.c:431:6:Menu2Touch	0	static
MyGui.c:440:6:Menu5Touch	0	static
MyGui.c:444:6:bt_pwm_plus_touch	0	static
MyGui.c:450:6:bt_pwm_minus_touch	0	static
MyGui.c:469:6:bt_pwm_set_100_touch	0	static
MyGui.c:472:6:bt_pwm_set_75_touch	0	static
MyGui.c:475:6:bt_pwm_set_50_touch	0	static
MyGui.c:478:6:bt_pwm_set_25_touch	0	static
MyGui.c:481:6:bt_pwm_set_0_touch	0	static
MyGui.c:485:6:bt_setting_save_touch	0	static
MyGui.c:457:6:bt_pwm_on_touch	0	static
MyGui.c:141:6:InitGui	64	static
MyGui.c:340:6:Draw_menu	8	static
MyGui.c:350:6:DrawPage1	0	static
MyGui.c:355:6:DrawPage2	8	static
MyGui.c:406:6:DrawPage3	8	static
MyGui.c:412:6:DrawPage4	8	static
MyGui.c:418:6:DrawPage5	8	static
MyGui.c:273:6:updateUI	1032	static
MyGui.c:114:6:GuiLoop	8	static
MyGui.c:434:6:Menu3Touch	0	static
MyGui.c:437:6:Menu4Touch	0	static
